Archive member included because of file (symbol)

c:/programdata/matlab/supportpackages/r2023b/aide/tools/arm-none-eabi-gcc/4.8.3-2014q1/bin/../lib/gcc/arm-none-eabi/4.8.3/../../../../arm-none-eabi/lib/armv6-m\libm.a(lib_a-w_fmod.o)
                              xcp_ext_common.o (fmod)
c:/programdata/matlab/supportpackages/r2023b/aide/tools/arm-none-eabi-gcc/4.8.3-2014q1/bin/../lib/gcc/arm-none-eabi/4.8.3/../../../../arm-none-eabi/lib/armv6-m\libm.a(lib_a-e_fmod.o)
                              c:/programdata/matlab/supportpackages/r2023b/aide/tools/arm-none-eabi-gcc/4.8.3-2014q1/bin/../lib/gcc/arm-none-eabi/4.8.3/../../../../arm-none-eabi/lib/armv6-m\libm.a(lib_a-w_fmod.o) (__ieee754_fmod)
c:/programdata/matlab/supportpackages/r2023b/aide/tools/arm-none-eabi-gcc/4.8.3-2014q1/bin/../lib/gcc/arm-none-eabi/4.8.3/../../../../arm-none-eabi/lib/armv6-m\libm.a(lib_a-s_fpclassify.o)
                              c:/programdata/matlab/supportpackages/r2023b/aide/tools/arm-none-eabi-gcc/4.8.3-2014q1/bin/../lib/gcc/arm-none-eabi/4.8.3/../../../../arm-none-eabi/lib/armv6-m\libm.a(lib_a-w_fmod.o) (__fpclassifyd)
c:/programdata/matlab/supportpackages/r2023b/aide/tools/arm-none-eabi-gcc/4.8.3-2014q1/bin/../lib/gcc/arm-none-eabi/4.8.3/../../../../arm-none-eabi/lib/armv6-m\libm.a(lib_a-s_lib_ver.o)
                              c:/programdata/matlab/supportpackages/r2023b/aide/tools/arm-none-eabi-gcc/4.8.3-2014q1/bin/../lib/gcc/arm-none-eabi/4.8.3/../../../../arm-none-eabi/lib/armv6-m\libm.a(lib_a-w_fmod.o) (__fdlib_version)
c:/programdata/matlab/supportpackages/r2023b/aide/tools/arm-none-eabi-gcc/4.8.3-2014q1/bin/../lib/gcc/arm-none-eabi/4.8.3/../../../../arm-none-eabi/lib/armv6-m\libm.a(lib_a-s_matherr.o)
                              c:/programdata/matlab/supportpackages/r2023b/aide/tools/arm-none-eabi-gcc/4.8.3-2014q1/bin/../lib/gcc/arm-none-eabi/4.8.3/../../../../arm-none-eabi/lib/armv6-m\libm.a(lib_a-w_fmod.o) (matherr)
C:/Users/yoany-pc/DOCUME~1/MATLAB/R2023b/ArduinoStaticLibrary/ArduinoNano33IoT/FasterRuns\libcore.a(cortex_handlers.o)
                              (Reset_Handler)
C:/Users/yoany-pc/DOCUME~1/MATLAB/R2023b/ArduinoStaticLibrary/ArduinoNano33IoT/FasterRuns\libcore.a(hooks.o)
                              C:/Users/yoany-pc/DOCUME~1/MATLAB/R2023b/ArduinoStaticLibrary/ArduinoNano33IoT/FasterRuns\libcore.a(cortex_handlers.o) (sysTickHook)
C:/Users/yoany-pc/DOCUME~1/MATLAB/R2023b/ArduinoStaticLibrary/ArduinoNano33IoT/FasterRuns\libcore.a(delay.o)
                              io_wrappers.o (millis)
C:/Users/yoany-pc/DOCUME~1/MATLAB/R2023b/ArduinoStaticLibrary/ArduinoNano33IoT/FasterRuns\libcore.a(startup.o)
                              C:/Users/yoany-pc/DOCUME~1/MATLAB/R2023b/ArduinoStaticLibrary/ArduinoNano33IoT/FasterRuns\libcore.a(cortex_handlers.o) (SystemInit)
C:/Users/yoany-pc/DOCUME~1/MATLAB/R2023b/ArduinoStaticLibrary/ArduinoNano33IoT/FasterRuns\libcore.a(WInterrupts.o)
                              MW_Tachometer.o (attachInterrupt)
C:/Users/yoany-pc/DOCUME~1/MATLAB/R2023b/ArduinoStaticLibrary/ArduinoNano33IoT/FasterRuns\libcore.a(wiring.o)
                              ert_main.o (init)
C:/Users/yoany-pc/DOCUME~1/MATLAB/R2023b/ArduinoStaticLibrary/ArduinoNano33IoT/FasterRuns\libcore.a(wiring_analog.o)
                              C:/Users/yoany-pc/DOCUME~1/MATLAB/R2023b/ArduinoStaticLibrary/ArduinoNano33IoT/FasterRuns\libcore.a(wiring.o) (analogReference)
C:/Users/yoany-pc/DOCUME~1/MATLAB/R2023b/ArduinoStaticLibrary/ArduinoNano33IoT/FasterRuns\libcore.a(wiring_digital.o)
                              MW_Tachometer.o (pinMode)
C:/Users/yoany-pc/DOCUME~1/MATLAB/R2023b/ArduinoStaticLibrary/ArduinoNano33IoT/FasterRuns\libcore.a(wiring_private.o)
                              C:/Users/yoany-pc/DOCUME~1/MATLAB/R2023b/ArduinoStaticLibrary/ArduinoNano33IoT/FasterRuns\libcore.a(WInterrupts.o) (pinPeripheral)
C:/Users/yoany-pc/DOCUME~1/MATLAB/R2023b/ArduinoStaticLibrary/ArduinoNano33IoT/FasterRuns\libcore.a(Reset.o)
                              C:/Users/yoany-pc/DOCUME~1/MATLAB/R2023b/ArduinoStaticLibrary/ArduinoNano33IoT/FasterRuns\libcore.a(delay.o) (tickReset)
C:/Users/yoany-pc/DOCUME~1/MATLAB/R2023b/ArduinoStaticLibrary/ArduinoNano33IoT/FasterRuns\libcore.a(Uart.o)
                              io_wrappers.o (Uart::begin(unsigned long, unsigned short))
C:/Users/yoany-pc/DOCUME~1/MATLAB/R2023b/ArduinoStaticLibrary/ArduinoNano33IoT/FasterRuns\libcore.a(CDC.o)
                              rtiostream_serial_daemon.o (Serial_::available())
C:/Users/yoany-pc/DOCUME~1/MATLAB/R2023b/ArduinoStaticLibrary/ArduinoNano33IoT/FasterRuns\libcore.a(PluggableUSB.o)
                              C:/Users/yoany-pc/DOCUME~1/MATLAB/R2023b/ArduinoStaticLibrary/ArduinoNano33IoT/FasterRuns\libcore.a(CDC.o) (PluggableUSB_::plug(PluggableUSBModule*))
C:/Users/yoany-pc/DOCUME~1/MATLAB/R2023b/ArduinoStaticLibrary/ArduinoNano33IoT/FasterRuns\libcore.a(USBCore.o)
[...]
Memory Configuration

Name             Origin             Length             Attributes
FLASH            0x00002000         0x0003e000         xr
RAM              0x20000000         0x00008000         xrw
*default*        0x00000000         0xffffffff

Linker script and memory map

LOAD c:/programdata/matlab/supportpackages/r2023b/aide/tools/arm-none-eabi-gcc/4.8.3-2014q1/bin/../lib/gcc/arm-none-eabi/4.8.3/armv6-m/crti.o
LOAD c:/programdata/matlab/supportpackages/r2023b/aide/tools/arm-none-eabi-gcc/4.8.3-2014q1/bin/../lib/gcc/arm-none-eabi/4.8.3/armv6-m/crtbegin.o
LOAD c:/programdata/matlab/supportpackages/r2023b/aide/tools/arm-none-eabi-gcc/4.8.3-2014q1/bin/../lib/gcc/arm-none-eabi/4.8.3/../../../../arm-none-eabi/lib/armv6-m/crt0.o
START GROUP
LOAD C:/ProgramData/MATLAB/SupportPackages/R2023b/aIDE/portable/packages/arduino/tools/CMSIS/4.5.0/CMSIS/Lib/GCC\libarm_cortexM0l_math.a
LOAD MW_Tachometer.o
LOAD xcp_ext_mode.o
LOAD arduino_encoder.o
LOAD arduino_encoder_data.o
LOAD xcp_ext_common.o
LOAD xcp_ext_classic_trigger.o
LOAD xcp.o
LOAD xcp_standard.o
LOAD xcp_daq.o
LOAD xcp_calibration.o
LOAD xcp_fifo.o
LOAD xcp_transport.o
LOAD xcp_mem_default.o
LOAD xcp_drv_rtiostream.o
LOAD xcp_utils.o
LOAD xcp_frame_serial.o
LOAD xcp_ext_param_default_serial.o
LOAD MW_ArduinoHWInit.o
LOAD io_wrappers.o
LOAD mw_samd_nvic.o
LOAD arduinoARM_M0plusScheduler.o
LOAD m0m1m0plus_multitasking.o
LOAD platform_timer.o
LOAD rtiostream_serial_daemon.o
LOAD sys_arch.o
LOAD ert_main.o
LOAD C:\Users\yoany-pc\DOCUME~1\MATLAB\R2023b\ArduinoStaticLibrary\ArduinoNano33IoT\FasterRuns\MW_RebuildSrc_Core.o
END GROUP
LOAD c:/programdata/matlab/supportpackages/r2023b/aide/tools/arm-none-eabi-gcc/4.8.3-2014q1/bin/../lib/gcc/arm-none-eabi/4.8.3/../../../../arm-none-eabi/lib/armv6-m\libm.a
LOAD C:/Users/yoany-pc/DOCUME~1/MATLAB/R2023b/ArduinoStaticLibrary/ArduinoNano33IoT/FasterRuns\libcore.a
START GROUP
LOAD c:/programdata/matlab/supportpackages/r2023b/aide/tools/arm-none-eabi-gcc/4.8.3-2014q1/bin/../lib/gcc/arm-none-eabi/4.8.3/armv6-m\libgcc.a
LOAD c:/programdata/matlab/supportpackages/r2023b/aide/tools/arm-none-eabi-gcc/4.8.3-2014q1/bin/../lib/gcc/arm-none-eabi/4.8.3/../../../../arm-none-eabi/lib/armv6-m\libg_s.a
LOAD c:/programdata/matlab/supportpackages/r2023b/aide/tools/arm-none-eabi-gcc/4.8.3-2014q1/bin/../lib/gcc/arm-none-eabi/4.8.3/../../../../arm-none-eabi/lib/armv6-m\libc_s.a
END GROUP
START GROUP
LOAD c:/programdata/matlab/supportpackages/r2023b/aide/tools/arm-none-eabi-gcc/4.8.3-2014q1/bin/../lib/gcc/arm-none-eabi/4.8.3/armv6-m\libgcc.a
LOAD c:/programdata/matlab/supportpackages/r2023b/aide/tools/arm-none-eabi-gcc/4.8.3-2014q1/bin/../lib/gcc/arm-none-eabi/4.8.3/../../../../arm-none-eabi/lib/armv6-m\libc_s.a
LOAD c:/programdata/matlab/supportpackages/r2023b/aide/tools/arm-none-eabi-gcc/4.8.3-2014q1/bin/../lib/gcc/arm-none-eabi/4.8.3/../../../../arm-none-eabi/lib/armv6-m\libnosys.a
END GROUP
START GROUP
LOAD c:/programdata/matlab/supportpackages/r2023b/aide/tools/arm-none-eabi-gcc/4.8.3-2014q1/bin/../lib/gcc/arm-none-eabi/4.8.3/armv6-m\libgcc.a
LOAD c:/programdata/matlab/supportpackages/r2023b/aide/tools/arm-none-eabi-gcc/4.8.3-2014q1/bin/../lib/gcc/arm-none-eabi/4.8.3/../../../../arm-none-eabi/lib/armv6-m\libc_s.a
LOAD c:/programdata/matlab/supportpackages/r2023b/aide/tools/arm-none-eabi-gcc/4.8.3-2014q1/bin/../lib/gcc/arm-none-eabi/4.8.3/../../../../arm-none-eabi/lib/armv6-m\libnosys.a
END GROUP
LOAD c:/programdata/matlab/supportpackages/r2023b/aide/tools/arm-none-eabi-gcc/4.8.3-2014q1/bin/../lib/gcc/arm-none-eabi/4.8.3/armv6-m/crtend.o
LOAD c:/programdata/matlab/supportpackages/r2023b/aide/tools/arm-none-eabi-gcc/4.8.3-2014q1/bin/../lib/gcc/arm-none-eabi/4.8.3/armv6-m/crtn.o

.text           0x00002000     0x8030
                0x00002000                __text_start__ = .
 *(.sketch_boot)
                0x00002000                . = ALIGN (0x2000)
 *(.isr_vector)
 .isr_vector    0x00002000       0xb4 C:/Users/yoany-pc/DOCUME~1/MATLAB/R2023b/ArduinoStaticLibrary/ArduinoNano33IoT/FasterRuns\libcore.a(cortex_handlers.o)
                0x00002000                exception_table
 *(.text*)
 .text          0x000020b4       0x60 c:/programdata/matlab/supportpackages/r2023b/aide/tools/arm-none-eabi-gcc/4.8.3-2014q1/bin/../lib/gcc/arm-none-eabi/4.8.3/armv6-m/crtbegin.o
 .text.countISR
                0x00002114       0x10 MW_Tachometer.o
                0x00002114                countISR
 .text.MW_Tachometer_Init
                0x00002124       0x54 MW_Tachometer.o
                0x00002124                MW_Tachometer_Init
 .text.MW_Tachometer_GetSpeed
                0x00002178       0x34 MW_Tachometer.o
                0x00002178                MW_Tachometer_GetSpeed
 .text.extmodeParseArgs
                0x000021ac        0x4 xcp_ext_mode.o
                0x000021ac                extmodeParseArgs
 .text.extmodeInit
                0x000021b0       0xa8 xcp_ext_mode.o
                0x000021b0                extmodeInit
 .text.extmodeWaitForHostRequest
                0x00002258       0x88 xcp_ext_mode.o
                0x00002258                extmodeWaitForHostRequest
 .text.extmodeEvent
                0x000022e0       0x90 xcp_ext_mode.o
                0x000022e0                extmodeEvent
 .text.extmodeBackgroundRun
                0x00002370        0xa xcp_ext_mode.o
                0x00002370                extmodeBackgroundRun
 *fill*         0x0000237a        0x2 
 .text.extmodeReset
                0x0000237c       0x28 xcp_ext_mode.o
                0x0000237c                extmodeReset
 .text.extmodeStopRequested
                0x000023a4        0xc xcp_ext_mode.o
                0x000023a4                extmodeStopRequested
 .text.extmodeSimulationComplete
                0x000023b0        0xc xcp_ext_mode.o
                0x000023b0                extmodeSimulationComplete
 *fill*         0x000023bc        0x4 
 .text.arduino_encoder_step
                0x000023c0       0x88 arduino_encoder.o
                0x000023c0                arduino_encoder_step
 .text.arduino_encoder_initialize
                0x00002448       0xd0 arduino_encoder.o
                0x00002448                arduino_encoder_initialize
 .text.arduino_encoder_terminate
                0x00002518       0x1c arduino_encoder.o
                0x00002518                arduino_encoder_terminate
 *fill*         0x00002534        0x4 
 .text.xcpExtModeUpdateTime
                0x00002538       0xf0 xcp_ext_common.o
                0x00002538                xcpExtModeUpdateTime
 .text.xcpExtModeGetUpdatedTimestamp
                0x00002628       0x48 xcp_ext_common.o
                0x00002628                xcpExtModeGetUpdatedTimestamp
 .text.xcpExtModeInit
                0x00002670       0x50 xcp_ext_common.o
                0x00002670                xcpExtModeInit
 .text.xcpExtModeRunBackground
                0x000026c0       0x74 xcp_ext_common.o
                0x000026c0                xcpExtModeRunBackground
 *fill*         0x00002734        0x4 
 .text.xcpExtModeReset
                0x00002738       0xb8 xcp_ext_common.o
                0x00002738                xcpExtModeReset
 .text.xcpExtModeClassicTriggerInit
                0x000027f0       0x58 xcp_ext_classic_trigger.o
                0x000027f0                xcpExtModeClassicTriggerInit
 .text.xcpExtModeClassicTriggerEnabled
                0x00002848      0x34c xcp_ext_classic_trigger.o
                0x00002848                xcpExtModeClassicTriggerEnabled
 *fill*         0x00002b94        0x4 
 .text.xcpExtModeClassicTriggerReset
                0x00002b98       0xc8 xcp_ext_classic_trigger.o
                0x00002b98                xcpExtModeClassicTriggerReset
 .text.xcpExtModeClassicTriggerForceEnableStatusUpdate
                0x00002c60       0x50 xcp_ext_classic_trigger.o
                0x00002c60                xcpExtModeClassicTriggerForceEnableStatusUpdate
 .text.unknownInputPacketHandler
                0x00002cb0        0xa xcp.o
 .text.discardInputPacketHandler
                0x00002cba       0x12 xcp.o
 .text.genericOutputPacketHandler
                0x00002ccc       0x68 xcp.o
                0x00002ccc                genericOutputPacketHandler
 .text.xcpStatusSet
                0x00002d34        0xc xcp.o
                0x00002d34                xcpStatusSet
 .text.xcpSessionStatusGet
                0x00002d40        0xc xcp.o
                0x00002d40                xcpSessionStatusGet
 .text.xcpSessionStatusSetMask
                0x00002d4c       0x10 xcp.o
                0x00002d4c                xcpSessionStatusSetMask
 .text.xcpSessionStatusClearMask
                0x00002d5c       0x10 xcp.o
                0x00002d5c                xcpSessionStatusClearMask
 .text.xcpResourceProtectionStatusGet
                0x00002d6c        0xc xcp.o
                0x00002d6c                xcpResourceProtectionStatusGet
 .text.xcpSessionConfigurationIdGet
                0x00002d78        0xc xcp.o
                0x00002d78                xcpSessionConfigurationIdGet
 .text.xcpFindPacket
                0x00002d84       0x2a xcp.o
                0x00002d84                xcpFindPacket
 *fill*         0x00002dae        0x2 
 .text.xcpInit  0x00002db0       0x40 xcp.o
                0x00002db0                xcpInit
 .text.xcpRun   0x00002df0      0x1a0 xcp.o
                0x00002df0                xcpRun
 .text.xcpEventExternalTimestamp
                0x00002f90       0x1c xcp.o
                0x00002f90                xcpEventExternalTimestamp
 .text.xcpGetStatus
                0x00002fac        0xc xcp.o
                0x00002fac                xcpGetStatus
 .text.xcpReset
                0x00002fb8       0x28 xcp.o
                0x00002fb8                xcpReset
 .text.xcpPackedModeEventsFlush
                0x00002fe0        0x8 xcp.o
                0x00002fe0                xcpPackedModeEventsFlush
 .text.xcpPackedModeEventReset
                0x00002fe8        0xc xcp.o
                0x00002fe8                xcpPackedModeEventReset
 .text.getStatusInputPacketHandler
                0x00002ff4        0x8 xcp_standard.o
 .text.getPacket
                0x00002ffc       0x10 xcp_standard.o
 .text.uploadInputPacketHandler
                0x0000300c       0x40 xcp_standard.o
 .text.synchInputPacketHandler
                0x0000304c       0x1e xcp_standard.o
 .text.getStatusOutputPacketHandler
                0x0000306a       0x2a xcp_standard.o
 .text.disconnectInputPacketHandler
                0x00003094       0x24 xcp_standard.o
 .text.connectInputPacketHandler
                0x000030b8       0x34 xcp_standard.o
 .text.connectOutputPacketHandler
                0x000030ec       0x3e xcp_standard.o
 *fill*         0x0000312a        0x2 
 .text.xcpStandardInit
                0x0000312c       0x10 xcp_standard.o
                0x0000312c                xcpStandardInit
 .text.xcpStandardGetPacketLookup
                0x0000313c        0xc xcp_standard.o
                0x0000313c                xcpStandardGetPacketLookup
 .text.xcpStandardReset
                0x00003148        0xc xcp_standard.o
                0x00003148                xcpStandardReset
 .text.xcpStandardGetAddressFromMta
                0x00003154        0xc xcp_standard.o
                0x00003154                xcpStandardGetAddressFromMta
 .text.xcpStandardSetMta
                0x00003160       0x1c xcp_standard.o
                0x00003160                xcpStandardSetMta
 .text.shortUploadInputPacketHandler
                0x0000317c       0x54 xcp_standard.o
 .text.setMTAInputPacketHandler
                0x000031d0       0x36 xcp_standard.o
 *fill*         0x00003206        0x2 
 .text.xcpStandardIncrementMta
                0x00003208       0x10 xcp_standard.o
                0x00003208                xcpStandardIncrementMta
 .text.shortUploadOutputPacketHandler
                0x00003218       0x40 xcp_standard.o
 .text.uploadOutputPacketHandler
                0x00003258       0x40 xcp_standard.o
 .text.isActiveDaqList
                0x00003298       0x20 xcp_daq.o
 .text.noActiveDaqLists
                0x000032b8       0x2c xcp_daq.o
 .text.isValidDaqPtr
                0x000032e4       0x44 xcp_daq.o
 .text.isDaqPackedModeEnabled
                0x00003328       0x30 xcp_daq.o
 .text.odtPacketSize
                0x00003358       0x22 xcp_daq.o
 *fill*         0x0000337a        0x2 
 .text.setDaqPtrInputPacketHandler
                0x0000337c       0x50 xcp_daq.o
 .text.writeDaqInputPacketHandler
                0x000033cc       0x98 xcp_daq.o
 .text.setDaqListModeInputPacketHandler
                0x00003464       0x88 xcp_daq.o
 .text.getDaqProcessorInfoInputPacketHandler
                0x000034ec        0x8 xcp_daq.o
 .text.getDaqResolutionInfoInputPacketHandler
                0x000034f4        0x8 xcp_daq.o
 .text.level1CommandInputPacketHandler
                0x000034fc       0x98 xcp_daq.o
 .text.getDaqResolutionInfoOutputPacketHandler
                0x00003594       0x28 xcp_daq.o
 .text.getDaqProcessorInfoOutputPacketHandler
                0x000035bc       0x2a xcp_daq.o
 *fill*         0x000035e6        0x2 
 .text.getPacket
                0x000035e8       0x10 xcp_daq.o
 .text.allocOdtEntryInputPacketHandler
                0x000035f8       0xa0 xcp_daq.o
 .text.allocOdtInputPacketHandler
                0x00003698       0x8c xcp_daq.o
 .text.allocDaqInputPacketHandler
                0x00003724       0x8c xcp_daq.o
 .text.createDaqReservedPool
                0x000037b0       0x42 xcp_daq.o
 *fill*         0x000037f2        0x2 
 .text.startStopDaqListOutputPacketHandler
                0x000037f4       0x2c xcp_daq.o
 .text.xcpDaqWriteLock.isra.2
                0x00003820       0x28 xcp_daq.o
 .text.xcpDaqWriteUnlock.isra.3
                0x00003848       0x10 xcp_daq.o
 .text.startStopDaqListInputPacketHandler
                0x00003858      0x1d8 xcp_daq.o
 .text.startStopSynchInputPacketHandler
                0x00003a30      0x13c xcp_daq.o
 .text.xcpDaqInit
                0x00003b6c       0x2c xcp_daq.o
                0x00003b6c                xcpDaqInit
 .text.xcpDaqGetPacketLookup
                0x00003b98        0xc xcp_daq.o
                0x00003b98                xcpDaqGetPacketLookup
 .text.xcpDaqEvent
                0x00003ba4      0x29c xcp_daq.o
                0x00003ba4                xcpDaqEvent
 .text.xcpDaqEventsFlush
                0x00003e40       0xe0 xcp_daq.o
                0x00003e40                xcpDaqEventsFlush
 .text.xcpDaqLock
                0x00003f20        0x8 xcp_daq.o
                0x00003f20                xcpDaqLock
 .text.xcpDaqUnlock
                0x00003f28        0x8 xcp_daq.o
                0x00003f28                xcpDaqUnlock
 .text.xcpResetDaqListStatus
                0x00003f30       0xb0 xcp_daq.o
                0x00003f30                xcpResetDaqListStatus
 .text.freeDaqInputPacketHandler
                0x00003fe0       0x24 xcp_daq.o
 .text.xcpDaqReset
                0x00004004       0x1c xcp_daq.o
                0x00004004                xcpDaqReset
 .text.getPacket
                0x00004020       0x10 xcp_calibration.o
 .text.shortDownloadInputPacketHandler
                0x00004030       0x60 xcp_calibration.o
 .text.downloadInputPacketHandler
                0x00004090       0x4e xcp_calibration.o
 *fill*         0x000040de        0x2 
 .text.xcpCalibrationInit
                0x000040e0       0x10 xcp_calibration.o
                0x000040e0                xcpCalibrationInit
 .text.xcpCalibrationGetPacketLookup
                0x000040f0        0xc xcp_calibration.o
                0x000040f0                xcpCalibrationGetPacketLookup
 .text.xcpCalibrationReset
                0x000040fc        0x2 xcp_calibration.o
                0x000040fc                xcpCalibrationReset
 .text.xcpFifoInit
                0x000040fe        0x8 xcp_fifo.o
                0x000040fe                xcpFifoInit
 .text.xcpFifoEnqueue
                0x00004106        0xc xcp_fifo.o
                0x00004106                xcpFifoEnqueue
 .text.xcpFifoDequeue
                0x00004112       0x16 xcp_fifo.o
                0x00004112                xcpFifoDequeue
 .text.xcpFifoEnqueueHead
                0x00004128        0xe xcp_fifo.o
                0x00004128                xcpFifoEnqueueHead
 .text.xcpFifoReset
                0x00004136        0x8 xcp_fifo.o
                0x00004136                xcpFifoReset
 *fill*         0x0000413e        0x2 
 .text.xcpTransportEmptyTxFifo
                0x00004140       0x44 xcp_transport.o
 .text.xcpTransportEmptyRxFifo
                0x00004184       0x38 xcp_transport.o
 .text.xcpTransportTxReady
                0x000041bc        0x4 xcp_transport.o
                0x000041bc                xcpTransportTxReady
 .text.xcpTransportTxTrigger
                0x000041c0        0x4 xcp_transport.o
                0x000041c0                xcpTransportTxTrigger
 .text.xcpTransportTx
                0x000041c4       0x8c xcp_transport.o
                0x000041c4                xcpTransportTx
 .text.xcpTransportRx
                0x00004250       0x50 xcp_transport.o
                0x00004250                xcpTransportRx
 .text.xcpTransportPacketOffset
                0x000042a0        0xa xcp_transport.o
                0x000042a0                xcpTransportPacketOffset
 *fill*         0x000042aa        0x2 
 .text.xcpTransportTxPacketSet
                0x000042ac       0x80 xcp_transport.o
                0x000042ac                xcpTransportTxPacketSet
 .text.xcpTransportRxPacketGet
                0x0000432c       0x84 xcp_transport.o
                0x0000432c                xcpTransportRxPacketGet
 .text.xcpTransportMsgBufferSize
                0x000043b0       0x2a xcp_transport.o
                0x000043b0                xcpTransportMsgBufferSize
 *fill*         0x000043da        0x2 
 .text.xcpTransportInit
                0x000043dc       0x84 xcp_transport.o
                0x000043dc                xcpTransportInit
 .text.xcpTransportMaxDtoSize
                0x00004460        0x8 xcp_transport.o
                0x00004460                xcpTransportMaxDtoSize
 .text.xcpTransportMaxCtoSize
                0x00004468        0x8 xcp_transport.o
                0x00004468                xcpTransportMaxCtoSize
 .text.xcpTransportRestart
                0x00004470       0x16 xcp_transport.o
                0x00004470                xcpTransportRestart
 .text.xcpTransportResynch
                0x00004486       0x12 xcp_transport.o
                0x00004486                xcpTransportResynch
 .text.xcpTransportCtoReservedMemPoolId
                0x00004498        0xc xcp_transport.o
                0x00004498                xcpTransportCtoReservedMemPoolId
 .text.xcpTransportReset
                0x000044a4       0x58 xcp_transport.o
                0x000044a4                xcpTransportReset
 .text.xcpInitializePoolMemoryArea
                0x000044fc       0x34 xcp_mem_default.o
 .text.xcpMemInit
                0x00004530       0xb0 xcp_mem_default.o
                0x00004530                xcpMemInit
 .text.xcpMemAlloc
                0x000045e0       0x64 xcp_mem_default.o
                0x000045e0                xcpMemAlloc
 .text.xcpMemFree
                0x00004644       0x78 xcp_mem_default.o
                0x00004644                xcpMemFree
 .text.xcpMemReservedPoolCreate
                0x000046bc       0xf0 xcp_mem_default.o
                0x000046bc                xcpMemReservedPoolCreate
 .text.xcpMemReservedPoolDestroy
                0x000047ac       0x90 xcp_mem_default.o
                0x000047ac                xcpMemReservedPoolDestroy
 .text.xcpMemCustomPoolCreate
                0x0000483c       0x54 xcp_mem_default.o
                0x0000483c                xcpMemCustomPoolCreate
 .text.xcpMemCustomPoolDestroy
                0x00004890       0x2c xcp_mem_default.o
                0x00004890                xcpMemCustomPoolDestroy
 .text.xcpMemAllocFromPool
                0x000048bc       0x7c xcp_mem_default.o
                0x000048bc                xcpMemAllocFromPool
 .text.xcpMemReset
                0x00004938       0x48 xcp_mem_default.o
                0x00004938                xcpMemReset
 .text.xcpDrvOpen
                0x00004980       0x24 xcp_drv_rtiostream.o
                0x00004980                xcpDrvOpen
 .text.xcpDrvIoctl
                0x000049a4       0x18 xcp_drv_rtiostream.o
                0x000049a4                xcpDrvIoctl
 .text.xcpDrvSend
                0x000049bc       0x94 xcp_drv_rtiostream.o
                0x000049bc                xcpDrvSend
 .text.xcpDrvRecv
                0x00004a50       0x94 xcp_drv_rtiostream.o
                0x00004a50                xcpDrvRecv
 .text.xcpDrvClose
                0x00004ae4       0x28 xcp_drv_rtiostream.o
                0x00004ae4                xcpDrvClose
 .text.xcpSortArray
                0x00004b0c       0x3e xcp_utils.o
                0x00004b0c                xcpSortArray
 *fill*         0x00004b4a        0x2 
 .text.xcpSxiChecksum
                0x00004b4c       0x20 xcp_frame_serial.o
                0x00004b4c                xcpSxiChecksum
 .text.xcpFrameInit
                0x00004b6c       0x3c xcp_frame_serial.o
                0x00004b6c                xcpFrameInit
 .text.xcpFrameMsgSend
                0x00004ba8       0xa4 xcp_frame_serial.o
                0x00004ba8                xcpFrameMsgSend
 .text.xcpFrameMsgRecv
                0x00004c4c       0xbc xcp_frame_serial.o
                0x00004c4c                xcpFrameMsgRecv
 .text.xcpFrameCreateMsg
                0x00004d08       0x28 xcp_frame_serial.o
                0x00004d08                xcpFrameCreateMsg
 .text.xcpFrameExtractPacket
                0x00004d30       0xa8 xcp_frame_serial.o
                0x00004d30                xcpFrameExtractPacket
 .text.xcpFrameHeaderSize
                0x00004dd8        0x4 xcp_frame_serial.o
                0x00004dd8                xcpFrameHeaderSize
 .text.xcpFrameTailSize
                0x00004ddc        0x4 xcp_frame_serial.o
                0x00004ddc                xcpFrameTailSize
 .text.xcpFrameMaxDtoSize
                0x00004de0        0x8 xcp_frame_serial.o
                0x00004de0                xcpFrameMaxDtoSize
 .text.xcpFrameMaxCtoSize
                0x00004de8        0x4 xcp_frame_serial.o
                0x00004de8                xcpFrameMaxCtoSize
 .text.xcpFrameRestart
                0x00004dec       0x1c xcp_frame_serial.o
                0x00004dec                xcpFrameRestart
 .text.xcpFrameSetCtoReservedMemPoolId
                0x00004e08        0xc xcp_frame_serial.o
                0x00004e08                xcpFrameSetCtoReservedMemPoolId
 .text.xcpFrameReset
                0x00004e14       0x38 xcp_frame_serial.o
                0x00004e14                xcpFrameReset
 .text.xcpTransportGetInitParameters
                0x00004e4c       0x10 xcp_ext_param_default_serial.o
                0x00004e4c                xcpTransportGetInitParameters
 .text.xcpGetInitParameters
                0x00004e5c       0x10 xcp_ext_param_default_serial.o
                0x00004e5c                xcpGetInitParameters
 .text.MW_Arduino_Init
                0x00004e6c       0x14 MW_ArduinoHWInit.o
                0x00004e6c                MW_Arduino_Init
 .text.MW_Arduino_Terminate
                0x00004e80        0x8 MW_ArduinoHWInit.o
                0x00004e80                MW_Arduino_Terminate
 .text.MW_usbattach
                0x00004e88       0x1c io_wrappers.o
                0x00004e88                MW_usbattach
 .text.Serial_begin
                0x00004ea4       0x48 io_wrappers.o
                0x00004ea4                Serial_begin
 .text._ZL13Scheduler_Isrv
                0x00004eec        0xc arduinoARM_M0plusScheduler.o
 .text.resetExternalChip
                0x00004ef8        0x2 arduinoARM_M0plusScheduler.o
                0x00004ef8                resetExternalChip
 *fill*         0x00004efa        0x2 
 .text.RTC_Handler
                0x00004efc       0x20 arduinoARM_M0plusScheduler.o
                0x00004efc                RTC_Handler
 .text.Setup_SchedulerRTC
                0x00004f1c       0xac arduinoARM_M0plusScheduler.o
                0x00004f1c                Setup_SchedulerRTC
 .text.configureArduinoARM_M0plusTimer
                0x00004fc8       0x14 arduinoARM_M0plusScheduler.o
                0x00004fc8                configureArduinoARM_M0plusTimer
 .text.disable_rt_OneStep
                0x00004fdc       0x14 arduinoARM_M0plusScheduler.o
                0x00004fdc                disable_rt_OneStep
 .text.MW_Arduino_Loop
                0x00004ff0        0x4 arduinoARM_M0plusScheduler.o
                0x00004ff0                MW_Arduino_Loop
 .text.arm_cortex_m_call_thread_with_context_switch
                0x00004ff4       0x24 m0m1m0plus_multitasking.o
                0x00004ff4                arm_cortex_m_call_thread_with_context_switch
 .text.SVC_Handler
                0x00005018       0x2c m0m1m0plus_multitasking.o
                0x00005018                SVC_Handler
 .text.rtIOStreamOpen
                0x00005044       0x2c rtiostream_serial_daemon.o
                0x00005044                rtIOStreamOpen
 .text.rtIOStreamRecv
                0x00005070       0x64 rtiostream_serial_daemon.o
                0x00005070                rtIOStreamRecv
 .text.rtIOStreamClose
                0x000050d4       0x24 rtiostream_serial_daemon.o
                0x000050d4                rtIOStreamClose
 .text.rtIOStreamSend
                0x000050f8       0x18 rtiostream_serial_daemon.o
                0x000050f8                rtIOStreamSend
 .text.sys_arch_protect
                0x00005110        0x8 sys_arch.o
                0x00005110                sys_arch_protect
 .text.sys_arch_unprotect
                0x00005118        0x6 sys_arch.o
                0x00005118                sys_arch_unprotect
 *fill*         0x0000511e        0x2 
 .text.rt_OneStep
                0x00005120       0x48 ert_main.o
                0x00005120                rt_OneStep
 .text.startup.main
                0x00005168       0xf0 ert_main.o
                0x00005168                main
 .text.fmod     0x00005258       0xd0 c:/programdata/matlab/supportpackages/r2023b/aide/tools/arm-none-eabi-gcc/4.8.3-2014q1/bin/../lib/gcc/arm-none-eabi/4.8.3/../../../../arm-none-eabi/lib/armv6-m\libm.a(lib_a-w_fmod.o)
                0x00005258                fmod
 .text.__ieee754_fmod
                0x00005328      0x29c c:/programdata/matlab/supportpackages/r2023b/aide/tools/arm-none-eabi-gcc/4.8.3-2014q1/bin/../lib/gcc/arm-none-eabi/4.8.3/../../../../arm-none-eabi/lib/armv6-m\libm.a(lib_a-e_fmod.o)
                0x00005328                __ieee754_fmod
 .text.__fpclassifyd
                0x000055c4       0x60 c:/programdata/matlab/supportpackages/r2023b/aide/tools/arm-none-eabi-gcc/4.8.3-2014q1/bin/../lib/gcc/arm-none-eabi/4.8.3/../../../../arm-none-eabi/lib/armv6-m\libm.a(lib_a-s_fpclassify.o)
                0x000055c4                __fpclassifyd
 .text.matherr  0x00005624        0x4 c:/programdata/matlab/supportpackages/r2023b/aide/tools/arm-none-eabi-gcc/4.8.3-2014q1/bin/../lib/gcc/arm-none-eabi/4.8.3/../../../../arm-none-eabi/lib/armv6-m\libm.a(lib_a-s_matherr.o)
                0x00005624                matherr
 .text.Dummy_Handler
                0x00005628        0x2 C:/Users/yoany-pc/DOCUME~1/MATLAB/R2023b/ArduinoStaticLibrary/ArduinoNano33IoT/FasterRuns\libcore.a(cortex_handlers.o)
                0x00005628                DMAC_Handler
                0x00005628                HardFault_Handler
                0x00005628                AC_Handler
                0x00005628                PendSV_Handler
                0x00005628                NMI_Handler
                0x00005628                TC7_Handler
                0x00005628                SERCOM1_Handler
                0x00005628                ADC_Handler
                0x00005628                TCC1_Handler
                0x00005628                TCC0_Handler
                0x00005628                TC6_Handler
                0x00005628                WDT_Handler
                0x00005628                TC4_Handler
                0x00005628                TC3_Handler
                0x00005628                Dummy_Handler
                0x00005628                PM_Handler
                0x00005628                TCC2_Handler
                0x00005628                EVSYS_Handler
                0x00005628                SERCOM4_Handler
                0x00005628                I2S_Handler
                0x00005628                NVMCTRL_Handler
                0x00005628                SERCOM0_Handler
                0x00005628                DAC_Handler
                0x00005628                PTC_Handler
                0x00005628                SYSCTRL_Handler
 *fill*         0x0000562a        0x2 
 .text.USB_Handler
                0x0000562c       0x14 C:/Users/yoany-pc/DOCUME~1/MATLAB/R2023b/ArduinoStaticLibrary/ArduinoNano33IoT/FasterRuns\libcore.a(cortex_handlers.o)
                0x0000562c                USB_Handler
 .text.Reset_Handler
                0x00005640       0x54 C:/Users/yoany-pc/DOCUME~1/MATLAB/R2023b/ArduinoStaticLibrary/ArduinoNano33IoT/FasterRuns\libcore.a(cortex_handlers.o)
                0x00005640                Reset_Handler
 .text.SysTick_Handler
                0x00005694       0x10 C:/Users/yoany-pc/DOCUME~1/MATLAB/R2023b/ArduinoStaticLibrary/ArduinoNano33IoT/FasterRuns\libcore.a(cortex_handlers.o)
                0x00005694                SysTick_Handler
 .text.USB_SetHandler
                0x000056a4        0xc C:/Users/yoany-pc/DOCUME~1/MATLAB/R2023b/ArduinoStaticLibrary/ArduinoNano33IoT/FasterRuns\libcore.a(cortex_handlers.o)
                0x000056a4                USB_SetHandler
 .text.__empty  0x000056b0        0x2 C:/Users/yoany-pc/DOCUME~1/MATLAB/R2023b/ArduinoStaticLibrary/ArduinoNano33IoT/FasterRuns\libcore.a(hooks.o)
                0x000056b0                yield
 .text.__false  0x000056b2        0x4 C:/Users/yoany-pc/DOCUME~1/MATLAB/R2023b/ArduinoStaticLibrary/ArduinoNano33IoT/FasterRuns\libcore.a(hooks.o)
                0x000056b2                sysTickHook
 *fill*         0x000056b6        0x2 
 .text.micros   0x000056b8       0x64 C:/Users/yoany-pc/DOCUME~1/MATLAB/R2023b/ArduinoStaticLibrary/ArduinoNano33IoT/FasterRuns\libcore.a(delay.o)
                0x000056b8                micros
 .text.delay    0x0000571c       0x34 C:/Users/yoany-pc/DOCUME~1/MATLAB/R2023b/ArduinoStaticLibrary/ArduinoNano33IoT/FasterRuns\libcore.a(delay.o)
                0x0000571c                delay
 .text.SysTick_DefaultHandler
                0x00005750       0x14 C:/Users/yoany-pc/DOCUME~1/MATLAB/R2023b/ArduinoStaticLibrary/ArduinoNano33IoT/FasterRuns\libcore.a(delay.o)
                0x00005750                SysTick_DefaultHandler
 .text.SystemInit
                0x00005764      0x198 C:/Users/yoany-pc/DOCUME~1/MATLAB/R2023b/ArduinoStaticLibrary/ArduinoNano33IoT/FasterRuns\libcore.a(startup.o)
                0x00005764                SystemInit
 .text.attachInterrupt
                0x000058fc      0x130 C:/Users/yoany-pc/DOCUME~1/MATLAB/R2023b/ArduinoStaticLibrary/ArduinoNano33IoT/FasterRuns\libcore.a(WInterrupts.o)
                0x000058fc                attachInterrupt
 .text.EIC_Handler
                0x00005a2c       0x3c C:/Users/yoany-pc/DOCUME~1/MATLAB/R2023b/ArduinoStaticLibrary/ArduinoNano33IoT/FasterRuns\libcore.a(WInterrupts.o)
                0x00005a2c                EIC_Handler
 .text.init     0x00005a68       0xf0 C:/Users/yoany-pc/DOCUME~1/MATLAB/R2023b/ArduinoStaticLibrary/ArduinoNano33IoT/FasterRuns\libcore.a(wiring.o)
                0x00005a68                init
 .text.analogReference
                0x00005b58       0x5c C:/Users/yoany-pc/DOCUME~1/MATLAB/R2023b/ArduinoStaticLibrary/ArduinoNano33IoT/FasterRuns\libcore.a(wiring_analog.o)
                0x00005b58                analogReference
 .text.pinMode  0x00005bb4       0xb4 C:/Users/yoany-pc/DOCUME~1/MATLAB/R2023b/ArduinoStaticLibrary/ArduinoNano33IoT/FasterRuns\libcore.a(wiring_digital.o)
                0x00005bb4                pinMode
 .text.pinPeripheral
                0x00005c68       0xc4 C:/Users/yoany-pc/DOCUME~1/MATLAB/R2023b/ArduinoStaticLibrary/ArduinoNano33IoT/FasterRuns\libcore.a(wiring_private.o)
                0x00005c68                pinPeripheral
 .text.initiateReset
                0x00005d2c       0x14 C:/Users/yoany-pc/DOCUME~1/MATLAB/R2023b/ArduinoStaticLibrary/ArduinoNano33IoT/FasterRuns\libcore.a(Reset.o)
                0x00005d2c                initiateReset
 .text.cancelReset
                0x00005d40       0x10 C:/Users/yoany-pc/DOCUME~1/MATLAB/R2023b/ArduinoStaticLibrary/ArduinoNano33IoT/FasterRuns\libcore.a(Reset.o)
                0x00005d40                cancelReset
 .text.tickReset
                0x00005d50       0x74 C:/Users/yoany-pc/DOCUME~1/MATLAB/R2023b/ArduinoStaticLibrary/ArduinoNano33IoT/FasterRuns\libcore.a(Reset.o)
                0x00005d50                tickReset
 .text._ZN4UartcvbEv
                0x00005dc4        0x4 C:/Users/yoany-pc/DOCUME~1/MATLAB/R2023b/ArduinoStaticLibrary/ArduinoNano33IoT/FasterRuns\libcore.a(Uart.o)
                0x00005dc4                Uart::operator bool()
 .text._ZN4Uart5beginEm
                0x00005dc8       0x10 C:/Users/yoany-pc/DOCUME~1/MATLAB/R2023b/ArduinoStaticLibrary/ArduinoNano33IoT/FasterRuns\libcore.a(Uart.o)
                0x00005dc8                Uart::begin(unsigned long)
 .text._ZN4Uart4peekEv
                0x00005dd8       0x1a C:/Users/yoany-pc/DOCUME~1/MATLAB/R2023b/ArduinoStaticLibrary/ArduinoNano33IoT/FasterRuns\libcore.a(Uart.o)
                0x00005dd8                Uart::peek()
 .text._ZN4Uart3endEv
                0x00005df2       0x20 C:/Users/yoany-pc/DOCUME~1/MATLAB/R2023b/ArduinoStaticLibrary/ArduinoNano33IoT/FasterRuns\libcore.a(Uart.o)
                0x00005df2                Uart::end()
 *fill*         0x00005e12        0x2 
 .text._ZN4UartC2EP6SERCOMhh11SercomRXPad15SercomUartTXPadhh
                0x00005e14       0xa4 C:/Users/yoany-pc/DOCUME~1/MATLAB/R2023b/ArduinoStaticLibrary/ArduinoNano33IoT/FasterRuns\libcore.a(Uart.o)
                0x00005e14                Uart::Uart(SERCOM*, unsigned char, unsigned char, SercomRXPad, SercomUartTXPad, unsigned char, unsigned char)
                0x00005e14                Uart::Uart(SERCOM*, unsigned char, unsigned char, SercomRXPad, SercomUartTXPad, unsigned char, unsigned char)
 .text._ZN4UartC2EP6SERCOMhh11SercomRXPad15SercomUartTXPad
                0x00005eb8       0x24 C:/Users/yoany-pc/DOCUME~1/MATLAB/R2023b/ArduinoStaticLibrary/ArduinoNano33IoT/FasterRuns\libcore.a(Uart.o)
                0x00005eb8                Uart::Uart(SERCOM*, unsigned char, unsigned char, SercomRXPad, SercomUartTXPad)
                0x00005eb8                Uart::Uart(SERCOM*, unsigned char, unsigned char, SercomRXPad, SercomUartTXPad)
 .text._ZN4Uart16extractNbStopBitEt
                0x00005edc        0xe C:/Users/yoany-pc/DOCUME~1/MATLAB/R2023b/ArduinoStaticLibrary/ArduinoNano33IoT/FasterRuns\libcore.a(Uart.o)
                0x00005edc                Uart::extractNbStopBit(unsigned short)
 .text._ZN4Uart15extractCharSizeEt
                0x00005eea       0x2c C:/Users/yoany-pc/DOCUME~1/MATLAB/R2023b/ArduinoStaticLibrary/ArduinoNano33IoT/FasterRuns\libcore.a(Uart.o)
                0x00005eea                Uart::extractCharSize(unsigned short)
 .text._ZN4Uart13extractParityEt
                0x00005f16       0x18 C:/Users/yoany-pc/DOCUME~1/MATLAB/R2023b/ArduinoStaticLibrary/ArduinoNano33IoT/FasterRuns\libcore.a(Uart.o)
                0x00005f16                Uart::extractParity(unsigned short)
 *fill*         0x00005f2e        0x2 
 .text._ZN4Uart5beginEmt
                0x00005f30       0xf8 C:/Users/yoany-pc/DOCUME~1/MATLAB/R2023b/ArduinoStaticLibrary/ArduinoNano33IoT/FasterRuns\libcore.a(Uart.o)
                0x00005f30                Uart::begin(unsigned long, unsigned short)
 .text._ZN11RingBufferNILi256EE9availableEv
                0x00006028       0x12 C:/Users/yoany-pc/DOCUME~1/MATLAB/R2023b/ArduinoStaticLibrary/ArduinoNano33IoT/FasterRuns\libcore.a(Uart.o)
                0x00006028                RingBufferN<256>::available()
 .text._ZN4Uart5flushEv
                0x0000603a       0x1a C:/Users/yoany-pc/DOCUME~1/MATLAB/R2023b/ArduinoStaticLibrary/ArduinoNano33IoT/FasterRuns\libcore.a(Uart.o)
                0x0000603a                Uart::flush()
 .text._ZN4Uart9availableEv
                0x00006054        0xa C:/Users/yoany-pc/DOCUME~1/MATLAB/R2023b/ArduinoStaticLibrary/ArduinoNano33IoT/FasterRuns\libcore.a(Uart.o)
                0x00006054                Uart::available()
 .text._ZN11RingBufferNILi256EE17availableForStoreEv
                0x0000605e       0x1e C:/Users/yoany-pc/DOCUME~1/MATLAB/R2023b/ArduinoStaticLibrary/ArduinoNano33IoT/FasterRuns\libcore.a(Uart.o)
                0x0000605e                RingBufferN<256>::availableForStore()
 .text._ZN4Uart17availableForWriteEv
                0x0000607c        0xc C:/Users/yoany-pc/DOCUME~1/MATLAB/R2023b/ArduinoStaticLibrary/ArduinoNano33IoT/FasterRuns\libcore.a(Uart.o)
                0x0000607c                Uart::availableForWrite()
 .text._ZN4Uart10IrqHandlerEv
                0x00006088       0xc8 C:/Users/yoany-pc/DOCUME~1/MATLAB/R2023b/ArduinoStaticLibrary/ArduinoNano33IoT/FasterRuns\libcore.a(Uart.o)
                0x00006088                Uart::IrqHandler()
 .text._ZN4Uart5writeEh
                0x00006150       0xb4 C:/Users/yoany-pc/DOCUME~1/MATLAB/R2023b/ArduinoStaticLibrary/ArduinoNano33IoT/FasterRuns\libcore.a(Uart.o)
                0x00006150                Uart::write(unsigned char)
 .text._ZN4Uart4readEv
                0x00006204       0x4c C:/Users/yoany-pc/DOCUME~1/MATLAB/R2023b/ArduinoStaticLibrary/ArduinoNano33IoT/FasterRuns\libcore.a(Uart.o)
                0x00006204                Uart::read()
 .text._ZN7Serial_13getDescriptorER8USBSetup
                0x00006250        0x4 C:/Users/yoany-pc/DOCUME~1/MATLAB/R2023b/ArduinoStaticLibrary/ArduinoNano33IoT/FasterRuns\libcore.a(CDC.o)
                0x00006250                Serial_::getDescriptor(USBSetup&)
 .text._ZThn16_N7Serial_13getDescriptorER8USBSetup
                0x00006254       0x10 C:/Users/yoany-pc/DOCUME~1/MATLAB/R2023b/ArduinoStaticLibrary/ArduinoNano33IoT/FasterRuns\libcore.a(CDC.o)
                0x00006254                non-virtual thunk to Serial_::getDescriptor(USBSetup&)
 .text._ZL5utox8mPc
                0x00006264       0x1c C:/Users/yoany-pc/DOCUME~1/MATLAB/R2023b/ArduinoStaticLibrary/ArduinoNano33IoT/FasterRuns\libcore.a(CDC.o)
 .text._ZN7Serial_12getShortNameEPc
                0x00006280       0x44 C:/Users/yoany-pc/DOCUME~1/MATLAB/R2023b/ArduinoStaticLibrary/ArduinoNano33IoT/FasterRuns\libcore.a(CDC.o)
                0x00006280                Serial_::getShortName(char*)
 .text._ZThn16_N7Serial_12getShortNameEPc
                0x000062c4       0x10 C:/Users/yoany-pc/DOCUME~1/MATLAB/R2023b/ArduinoStaticLibrary/ArduinoNano33IoT/FasterRuns\libcore.a(CDC.o)
                0x000062c4                non-virtual thunk to Serial_::getShortName(char*)
 .text._ZN7Serial_14handleEndpointEi
                0x000062d4        0x2 C:/Users/yoany-pc/DOCUME~1/MATLAB/R2023b/ArduinoStaticLibrary/ArduinoNano33IoT/FasterRuns\libcore.a(CDC.o)
                0x000062d4                Serial_::handleEndpoint(int)
 *fill*         0x000062d6        0x2 
 .text._ZThn16_N7Serial_14handleEndpointEi
                0x000062d8       0x10 C:/Users/yoany-pc/DOCUME~1/MATLAB/R2023b/ArduinoStaticLibrary/ArduinoNano33IoT/FasterRuns\libcore.a(CDC.o)
                0x000062d8                non-virtual thunk to Serial_::handleEndpoint(int)
 .text._ZN7Serial_17availableForWriteEv
                0x000062e8        0x4 C:/Users/yoany-pc/DOCUME~1/MATLAB/R2023b/ArduinoStaticLibrary/ArduinoNano33IoT/FasterRuns\libcore.a(CDC.o)
                0x000062e8                Serial_::availableForWrite()
 .text._ZN7Serial_5writeEh
                0x000062ec       0x14 C:/Users/yoany-pc/DOCUME~1/MATLAB/R2023b/ArduinoStaticLibrary/ArduinoNano33IoT/FasterRuns\libcore.a(CDC.o)
                0x000062ec                Serial_::write(unsigned char)
 .text._ZN7Serial_12getInterfaceEPh
                0x00006300      0x104 C:/Users/yoany-pc/DOCUME~1/MATLAB/R2023b/ArduinoStaticLibrary/ArduinoNano33IoT/FasterRuns\libcore.a(CDC.o)
                0x00006300                Serial_::getInterface(unsigned char*)
 .text._ZThn16_N7Serial_12getInterfaceEPh
                0x00006404       0x10 C:/Users/yoany-pc/DOCUME~1/MATLAB/R2023b/ArduinoStaticLibrary/ArduinoNano33IoT/FasterRuns\libcore.a(CDC.o)
                0x00006404                non-virtual thunk to Serial_::getInterface(unsigned char*)
 .text._ZN7Serial_5setupER8USBSetup
                0x00006414       0x98 C:/Users/yoany-pc/DOCUME~1/MATLAB/R2023b/ArduinoStaticLibrary/ArduinoNano33IoT/FasterRuns\libcore.a(CDC.o)
                0x00006414                Serial_::setup(USBSetup&)
 .text._ZThn16_N7Serial_5setupER8USBSetup
                0x000064ac       0x10 C:/Users/yoany-pc/DOCUME~1/MATLAB/R2023b/ArduinoStaticLibrary/ArduinoNano33IoT/FasterRuns\libcore.a(CDC.o)
                0x000064ac                non-virtual thunk to Serial_::setup(USBSetup&)
 .text._ZN7Serial_9availableEv
                0x000064bc       0x20 C:/Users/yoany-pc/DOCUME~1/MATLAB/R2023b/ArduinoStaticLibrary/ArduinoNano33IoT/FasterRuns\libcore.a(CDC.o)
                0x000064bc                Serial_::available()
 .text._ZN7Serial_5flushEv
                0x000064dc       0x10 C:/Users/yoany-pc/DOCUME~1/MATLAB/R2023b/ArduinoStaticLibrary/ArduinoNano33IoT/FasterRuns\libcore.a(CDC.o)
                0x000064dc                Serial_::flush()
 .text._ZN7Serial_5clearEv
                0x000064ec       0x10 C:/Users/yoany-pc/DOCUME~1/MATLAB/R2023b/ArduinoStaticLibrary/ArduinoNano33IoT/FasterRuns\libcore.a(CDC.o)
                0x000064ec                Serial_::clear()
 .text._ZN7Serial_5writeEPKhj
                0x000064fc       0x1e C:/Users/yoany-pc/DOCUME~1/MATLAB/R2023b/ArduinoStaticLibrary/ArduinoNano33IoT/FasterRuns\libcore.a(CDC.o)
                0x000064fc                Serial_::write(unsigned char const*, unsigned int)
 *fill*         0x0000651a        0x2 
 .text._ZN7Serial_4peekEv
                0x0000651c       0x1c C:/Users/yoany-pc/DOCUME~1/MATLAB/R2023b/ArduinoStaticLibrary/ArduinoNano33IoT/FasterRuns\libcore.a(CDC.o)
                0x0000651c                Serial_::peek()
 .text._ZN7Serial_4readEv
                0x00006538       0x24 C:/Users/yoany-pc/DOCUME~1/MATLAB/R2023b/ArduinoStaticLibrary/ArduinoNano33IoT/FasterRuns\libcore.a(CDC.o)
                0x00006538                Serial_::read()
 .text._ZN7Serial_C2ER14USBDeviceClass
                0x0000655c       0x4c C:/Users/yoany-pc/DOCUME~1/MATLAB/R2023b/ArduinoStaticLibrary/ArduinoNano33IoT/FasterRuns\libcore.a(CDC.o)
                0x0000655c                Serial_::Serial_(USBDeviceClass&)
                0x0000655c                Serial_::Serial_(USBDeviceClass&)
 .text._ZN7Serial_15enableInterruptEv
                0x000065a8       0x30 C:/Users/yoany-pc/DOCUME~1/MATLAB/R2023b/ArduinoStaticLibrary/ArduinoNano33IoT/FasterRuns\libcore.a(CDC.o)
                0x000065a8                Serial_::enableInterrupt()
 .text._ZN7Serial_5beginEm
                0x000065d8        0x2 C:/Users/yoany-pc/DOCUME~1/MATLAB/R2023b/ArduinoStaticLibrary/ArduinoNano33IoT/FasterRuns\libcore.a(CDC.o)
                0x000065d8                Serial_::begin(unsigned long)
 .text._ZN7Serial_5beginEmh
                0x000065da        0x2 C:/Users/yoany-pc/DOCUME~1/MATLAB/R2023b/ArduinoStaticLibrary/ArduinoNano33IoT/FasterRuns\libcore.a(CDC.o)
                0x000065da                Serial_::begin(unsigned long, unsigned char)
 .text.startup._GLOBAL__sub_I__ZN7Serial_12getInterfaceEPh
                0x000065dc       0x14 C:/Users/yoany-pc/DOCUME~1/MATLAB/R2023b/ArduinoStaticLibrary/ArduinoNano33IoT/FasterRuns\libcore.a(CDC.o)
 .text._ZN13PluggableUSB_12getInterfaceEPh
                0x000065f0       0x2a C:/Users/yoany-pc/DOCUME~1/MATLAB/R2023b/ArduinoStaticLibrary/ArduinoNano33IoT/FasterRuns\libcore.a(PluggableUSB.o)
                0x000065f0                PluggableUSB_::getInterface(unsigned char*)
 .text._ZN13PluggableUSB_13getDescriptorER8USBSetup
                0x0000661a       0x20 C:/Users/yoany-pc/DOCUME~1/MATLAB/R2023b/ArduinoStaticLibrary/ArduinoNano33IoT/FasterRuns\libcore.a(PluggableUSB.o)
                0x0000661a                PluggableUSB_::getDescriptor(USBSetup&)
 .text._ZN13PluggableUSB_12getShortNameEPc
                0x0000663a       0x26 C:/Users/yoany-pc/DOCUME~1/MATLAB/R2023b/ArduinoStaticLibrary/ArduinoNano33IoT/FasterRuns\libcore.a(PluggableUSB.o)
                0x0000663a                PluggableUSB_::getShortName(char*)
 .text._ZN13PluggableUSB_5setupER8USBSetup
                0x00006660       0x24 C:/Users/yoany-pc/DOCUME~1/MATLAB/R2023b/ArduinoStaticLibrary/ArduinoNano33IoT/FasterRuns\libcore.a(PluggableUSB.o)
                0x00006660                PluggableUSB_::setup(USBSetup&)
 .text._ZN13PluggableUSB_14handleEndpointEi
                0x00006684       0x1a C:/Users/yoany-pc/DOCUME~1/MATLAB/R2023b/ArduinoStaticLibrary/ArduinoNano33IoT/FasterRuns\libcore.a(PluggableUSB.o)
                0x00006684                PluggableUSB_::handleEndpoint(int)
 *fill*         0x0000669e        0x2 
 .text._ZN13PluggableUSB_4plugEP18PluggableUSBModule
                0x000066a0       0x60 C:/Users/yoany-pc/DOCUME~1/MATLAB/R2023b/ArduinoStaticLibrary/ArduinoNano33IoT/FasterRuns\libcore.a(PluggableUSB.o)
                0x000066a0                PluggableUSB_::plug(PluggableUSBModule*)
 .text._Z12PluggableUSBv
                0x00006700       0x20 C:/Users/yoany-pc/DOCUME~1/MATLAB/R2023b/ArduinoStaticLibrary/ArduinoNano33IoT/FasterRuns\libcore.a(PluggableUSB.o)
                0x00006700                PluggableUSB()
 .text._ZN26DoubleBufferedEPOutHandlerD2Ev
                0x00006720        0xc C:/Users/yoany-pc/DOCUME~1/MATLAB/R2023b/ArduinoStaticLibrary/ArduinoNano33IoT/FasterRuns\libcore.a(USBCore.o)
                0x00006720                DoubleBufferedEPOutHandler::~DoubleBufferedEPOutHandler()
                0x00006720                DoubleBufferedEPOutHandler::~DoubleBufferedEPOutHandler()
 .text._ZN26DoubleBufferedEPOutHandlerD0Ev
                0x0000672c       0x14 C:/Users/yoany-pc/DOCUME~1/MATLAB/R2023b/ArduinoStaticLibrary/ArduinoNano33IoT/FasterRuns\libcore.a(USBCore.o)
                0x0000672c                DoubleBufferedEPOutHandler::~DoubleBufferedEPOutHandler()
 .text._ZN14USBDeviceClass6initEPEmm.part.7
                0x00006740       0xbc C:/Users/yoany-pc/DOCUME~1/MATLAB/R2023b/ArduinoStaticLibrary/ArduinoNano33IoT/FasterRuns\libcore.a(USBCore.o)
 .text._ZN7__GuardC2Ev
                0x000067fc        0xe C:/Users/yoany-pc/DOCUME~1/MATLAB/R2023b/ArduinoStaticLibrary/ArduinoNano33IoT/FasterRuns\libcore.a(USBCore.o)
                0x000067fc                __Guard::__Guard()
                0x000067fc                __Guard::__Guard()
 .text._ZN7__GuardD2Ev
                0x0000680a        0xe C:/Users/yoany-pc/DOCUME~1/MATLAB/R2023b/ArduinoStaticLibrary/ArduinoNano33IoT/FasterRuns\libcore.a(USBCore.o)
                0x0000680a                __Guard::~__Guard()
                0x0000680a                __Guard::~__Guard()
 .text._ZNK26DoubleBufferedEPOutHandler10_availableEv
                0x00006818       0x72 C:/Users/yoany-pc/DOCUME~1/MATLAB/R2023b/ArduinoStaticLibrary/ArduinoNano33IoT/FasterRuns\libcore.a(USBCore.o)
                0x00006818                DoubleBufferedEPOutHandler::_available() const
 *fill*         0x0000688a        0x2 
 .text._ZN26DoubleBufferedEPOutHandler7releaseEv
                0x0000688c       0x38 C:/Users/yoany-pc/DOCUME~1/MATLAB/R2023b/ArduinoStaticLibrary/ArduinoNano33IoT/FasterRuns\libcore.a(USBCore.o)
                0x0000688c                DoubleBufferedEPOutHandler::release()
 .text._ZN26DoubleBufferedEPOutHandler14handleEndpointEv
                0x000068c4       0xe4 C:/Users/yoany-pc/DOCUME~1/MATLAB/R2023b/ArduinoStaticLibrary/ArduinoNano33IoT/FasterRuns\libcore.a(USBCore.o)
                0x000068c4                DoubleBufferedEPOutHandler::handleEndpoint()
 .text._ZN26DoubleBufferedEPOutHandler5_recvEv
                0x000069a8      0x18e C:/Users/yoany-pc/DOCUME~1/MATLAB/R2023b/ArduinoStaticLibrary/ArduinoNano33IoT/FasterRuns\libcore.a(USBCore.o)
                0x000069a8                DoubleBufferedEPOutHandler::_recv()
 .text._ZN26DoubleBufferedEPOutHandler9availableEv
                0x00006b36       0x18 C:/Users/yoany-pc/DOCUME~1/MATLAB/R2023b/ArduinoStaticLibrary/ArduinoNano33IoT/FasterRuns\libcore.a(USBCore.o)
                0x00006b36                DoubleBufferedEPOutHandler::available()
 .text._ZN26DoubleBufferedEPOutHandler4peekEv
                0x00006b4e       0x22 C:/Users/yoany-pc/DOCUME~1/MATLAB/R2023b/ArduinoStaticLibrary/ArduinoNano33IoT/FasterRuns\libcore.a(USBCore.o)
                0x00006b4e                DoubleBufferedEPOutHandler::peek()
 .text._ZN26DoubleBufferedEPOutHandler4recvEPvm
                0x00006b70       0x66 C:/Users/yoany-pc/DOCUME~1/MATLAB/R2023b/ArduinoStaticLibrary/ArduinoNano33IoT/FasterRuns\libcore.a(USBCore.o)
                0x00006b70                DoubleBufferedEPOutHandler::recv(void*, unsigned long)
 .text._ZN14USBDeviceClass14SendInterfacesEPm
                0x00006bd6       0x20 C:/Users/yoany-pc/DOCUME~1/MATLAB/R2023b/ArduinoStaticLibrary/ArduinoNano33IoT/FasterRuns\libcore.a(USBCore.o)
                0x00006bd6                USBDeviceClass::SendInterfaces(unsigned long*)
 *fill*         0x00006bf6        0x2 
 .text._ZN14USBDeviceClass4initEv
                0x00006bf8      0x144 C:/Users/yoany-pc/DOCUME~1/MATLAB/R2023b/ArduinoStaticLibrary/ArduinoNano33IoT/FasterRuns\libcore.a(USBCore.o)
                0x00006bf8                USBDeviceClass::init()
 .text._ZN14USBDeviceClass6attachEv
                0x00006d3c       0x34 C:/Users/yoany-pc/DOCUME~1/MATLAB/R2023b/ArduinoStaticLibrary/ArduinoNano33IoT/FasterRuns\libcore.a(USBCore.o)
                0x00006d3c                USBDeviceClass::attach()
 .text._ZN14USBDeviceClass10setAddressEm
                0x00006d70       0x48 C:/Users/yoany-pc/DOCUME~1/MATLAB/R2023b/ArduinoStaticLibrary/ArduinoNano33IoT/FasterRuns\libcore.a(USBCore.o)
                0x00006d70                USBDeviceClass::setAddress(unsigned long)
 .text._ZN14USBDeviceClass25handleClassInterfaceSetupER8USBSetup
                0x00006db8       0x24 C:/Users/yoany-pc/DOCUME~1/MATLAB/R2023b/ArduinoStaticLibrary/ArduinoNano33IoT/FasterRuns\libcore.a(USBCore.o)
                0x00006db8                USBDeviceClass::handleClassInterfaceSetup(USBSetup&)
 .text._ZN14USBDeviceClass6initEPEmm
                0x00006ddc      0x124 C:/Users/yoany-pc/DOCUME~1/MATLAB/R2023b/ArduinoStaticLibrary/ArduinoNano33IoT/FasterRuns\libcore.a(USBCore.o)
                0x00006ddc                USBDeviceClass::initEP(unsigned long, unsigned long)
 .text._ZN14USBDeviceClass13initEndpointsEv
                0x00006f00       0x24 C:/Users/yoany-pc/DOCUME~1/MATLAB/R2023b/ArduinoStaticLibrary/ArduinoNano33IoT/FasterRuns\libcore.a(USBCore.o)
                0x00006f00                USBDeviceClass::initEndpoints()
 .text._ZN14USBDeviceClass5clearEm
                0x00006f24       0x38 C:/Users/yoany-pc/DOCUME~1/MATLAB/R2023b/ArduinoStaticLibrary/ArduinoNano33IoT/FasterRuns\libcore.a(USBCore.o)
                0x00006f24                USBDeviceClass::clear(unsigned long)
 .text._ZN14USBDeviceClass9availableEm
                0x00006f5c       0x2c C:/Users/yoany-pc/DOCUME~1/MATLAB/R2023b/ArduinoStaticLibrary/ArduinoNano33IoT/FasterRuns\libcore.a(USBCore.o)
                0x00006f5c                USBDeviceClass::available(unsigned long)
 .text._ZN14USBDeviceClass5flushEm
                0x00006f88       0x2c C:/Users/yoany-pc/DOCUME~1/MATLAB/R2023b/ArduinoStaticLibrary/ArduinoNano33IoT/FasterRuns\libcore.a(USBCore.o)
                0x00006f88                USBDeviceClass::flush(unsigned long)
 .text._ZN14USBDeviceClass4recvEmPvm
                0x00006fb4       0xc4 C:/Users/yoany-pc/DOCUME~1/MATLAB/R2023b/ArduinoStaticLibrary/ArduinoNano33IoT/FasterRuns\libcore.a(USBCore.o)
                0x00006fb4                USBDeviceClass::recv(unsigned long, void*, unsigned long)
 .text._ZN14USBDeviceClass4recvEm
                0x00007078       0x1c C:/Users/yoany-pc/DOCUME~1/MATLAB/R2023b/ArduinoStaticLibrary/ArduinoNano33IoT/FasterRuns\libcore.a(USBCore.o)
                0x00007078                USBDeviceClass::recv(unsigned long)
 .text._ZN14USBDeviceClass14armRecvCtrlOUTEm
                0x00007094       0x60 C:/Users/yoany-pc/DOCUME~1/MATLAB/R2023b/ArduinoStaticLibrary/ArduinoNano33IoT/FasterRuns\libcore.a(USBCore.o)
                0x00007094                USBDeviceClass::armRecvCtrlOUT(unsigned long)
 .text._ZN14USBDeviceClass11recvControlEPvm
                0x000070f4       0x28 C:/Users/yoany-pc/DOCUME~1/MATLAB/R2023b/ArduinoStaticLibrary/ArduinoNano33IoT/FasterRuns\libcore.a(USBCore.o)
                0x000070f4                USBDeviceClass::recvControl(void*, unsigned long)
 .text._ZN14USBDeviceClass4sendEmPKvm
                0x0000711c      0x11c C:/Users/yoany-pc/DOCUME~1/MATLAB/R2023b/ArduinoStaticLibrary/ArduinoNano33IoT/FasterRuns\libcore.a(USBCore.o)
                0x0000711c                USBDeviceClass::send(unsigned long, void const*, unsigned long)
 .text._ZN14USBDeviceClass7armSendEmPKvm
                0x00007238       0x48 C:/Users/yoany-pc/DOCUME~1/MATLAB/R2023b/ArduinoStaticLibrary/ArduinoNano33IoT/FasterRuns\libcore.a(USBCore.o)
                0x00007238                USBDeviceClass::armSend(unsigned long, void const*, unsigned long)
 .text._ZN14USBDeviceClass11sendControlEPKvm
                0x00007280       0x58 C:/Users/yoany-pc/DOCUME~1/MATLAB/R2023b/ArduinoStaticLibrary/ArduinoNano33IoT/FasterRuns\libcore.a(USBCore.o)
                0x00007280                USBDeviceClass::sendControl(void const*, unsigned long)
 .text._ZN14USBDeviceClass20sendStringDescriptorEPKhm
                0x000072d8       0x68 C:/Users/yoany-pc/DOCUME~1/MATLAB/R2023b/ArduinoStaticLibrary/ArduinoNano33IoT/FasterRuns\libcore.a(USBCore.o)
                0x000072d8                USBDeviceClass::sendStringDescriptor(unsigned char const*, unsigned long)
 .text._ZN14USBDeviceClass12packMessagesEb.part.6
                0x00007340       0x20 C:/Users/yoany-pc/DOCUME~1/MATLAB/R2023b/ArduinoStaticLibrary/ArduinoNano33IoT/FasterRuns\libcore.a(USBCore.o)
 .text._ZN14USBDeviceClass17sendConfigurationEm
                0x00007360       0x90 C:/Users/yoany-pc/DOCUME~1/MATLAB/R2023b/ArduinoStaticLibrary/ArduinoNano33IoT/FasterRuns\libcore.a(USBCore.o)
                0x00007360                USBDeviceClass::sendConfiguration(unsigned long)
 .text._ZN14USBDeviceClass14sendDescriptorER8USBSetup
                0x000073f0       0xec C:/Users/yoany-pc/DOCUME~1/MATLAB/R2023b/ArduinoStaticLibrary/ArduinoNano33IoT/FasterRuns\libcore.a(USBCore.o)
                0x000073f0                USBDeviceClass::sendDescriptor(USBSetup&)
 .text._ZN14USBDeviceClass7sendZlpEm
                0x000074dc       0x18 C:/Users/yoany-pc/DOCUME~1/MATLAB/R2023b/ArduinoStaticLibrary/ArduinoNano33IoT/FasterRuns\libcore.a(USBCore.o)
                0x000074dc                USBDeviceClass::sendZlp(unsigned long)
 .text._ZN14USBDeviceClass19handleStandardSetupER8USBSetup
                0x000074f4       0xfc C:/Users/yoany-pc/DOCUME~1/MATLAB/R2023b/ArduinoStaticLibrary/ArduinoNano33IoT/FasterRuns\libcore.a(USBCore.o)
                0x000074f4                USBDeviceClass::handleStandardSetup(USBSetup&)
 .text._ZN14USBDeviceClass10ISRHandlerEv
                0x000075f0      0x10c C:/Users/yoany-pc/DOCUME~1/MATLAB/R2023b/ArduinoStaticLibrary/ArduinoNano33IoT/FasterRuns\libcore.a(USBCore.o)
                0x000075f0                USBDeviceClass::ISRHandler()
 .text.UDD_Handler
                0x000076fc       0x10 C:/Users/yoany-pc/DOCUME~1/MATLAB/R2023b/ArduinoStaticLibrary/ArduinoNano33IoT/FasterRuns\libcore.a(USBCore.o)
                0x000076fc                UDD_Handler
 .text.startup._GLOBAL__sub_I_usbd
                0x0000770c       0x10 C:/Users/yoany-pc/DOCUME~1/MATLAB/R2023b/ArduinoStaticLibrary/ArduinoNano33IoT/FasterRuns\libcore.a(USBCore.o)
 .text.SERCOM5_Handler
                0x0000771c       0x10 C:/Users/yoany-pc/DOCUME~1/MATLAB/R2023b/ArduinoStaticLibrary/ArduinoNano33IoT/FasterRuns\libcore.a(variant.o)
                0x0000771c                SERCOM5_Handler
 .text.SERCOM3_Handler
                0x0000772c       0x10 C:/Users/yoany-pc/DOCUME~1/MATLAB/R2023b/ArduinoStaticLibrary/ArduinoNano33IoT/FasterRuns\libcore.a(variant.o)
                0x0000772c                SERCOM3_Handler
 .text.SERCOM2_Handler
                0x0000773c       0x10 C:/Users/yoany-pc/DOCUME~1/MATLAB/R2023b/ArduinoStaticLibrary/ArduinoNano33IoT/FasterRuns\libcore.a(variant.o)
                0x0000773c                SERCOM2_Handler
 .text.startup._GLOBAL__sub_I_g_APinDescription
                0x0000774c       0xbc C:/Users/yoany-pc/DOCUME~1/MATLAB/R2023b/ArduinoStaticLibrary/ArduinoNano33IoT/FasterRuns\libcore.a(variant.o)
 .text._Znwj    0x00007808        0x8 C:/Users/yoany-pc/DOCUME~1/MATLAB/R2023b/ArduinoStaticLibrary/ArduinoNano33IoT/FasterRuns\libcore.a(new.o)
                0x00007808                operator new(unsigned int)
 .text._ZdlPv   0x00007810        0x8 C:/Users/yoany-pc/DOCUME~1/MATLAB/R2023b/ArduinoStaticLibrary/ArduinoNano33IoT/FasterRuns\libcore.a(new.o)
                0x00007810                operator delete(void*)
 .text._ZN5Print5writeEPKhj
                0x00007818       0x28 C:/Users/yoany-pc/DOCUME~1/MATLAB/R2023b/ArduinoStaticLibrary/ArduinoNano33IoT/FasterRuns\libcore.a(Print.o)
                0x00007818                Print::write(unsigned char const*, unsigned int)
 .text._ZN6SERCOMC2EP6Sercom
                0x00007840        0x4 C:/Users/yoany-pc/DOCUME~1/MATLAB/R2023b/ArduinoStaticLibrary/ArduinoNano33IoT/FasterRuns\libcore.a(SERCOM.o)
                0x00007840                SERCOM::SERCOM(Sercom*)
                0x00007840                SERCOM::SERCOM(Sercom*)
 .text._ZN6SERCOM9initFrameE18SercomUartCharSize15SercomDataOrder16SercomParityMode19SercomNumberStopBit
                0x00007844       0x38 C:/Users/yoany-pc/DOCUME~1/MATLAB/R2023b/ArduinoStaticLibrary/ArduinoNano33IoT/FasterRuns\libcore.a(SERCOM.o)
                0x00007844                SERCOM::initFrame(SercomUartCharSize, SercomDataOrder, SercomParityMode, SercomNumberStopBit)
 .text._ZN6SERCOM8initPadsE15SercomUartTXPad11SercomRXPad
                0x0000787c       0x26 C:/Users/yoany-pc/DOCUME~1/MATLAB/R2023b/ArduinoStaticLibrary/ArduinoNano33IoT/FasterRuns\libcore.a(SERCOM.o)
                0x0000787c                SERCOM::initPads(SercomUartTXPad, SercomRXPad)
 .text._ZN6SERCOM9resetUARTEv
                0x000078a2       0x1c C:/Users/yoany-pc/DOCUME~1/MATLAB/R2023b/ArduinoStaticLibrary/ArduinoNano33IoT/FasterRuns\libcore.a(SERCOM.o)
                0x000078a2                SERCOM::resetUART()
 .text._ZN6SERCOM10enableUARTEv
                0x000078be       0x14 C:/Users/yoany-pc/DOCUME~1/MATLAB/R2023b/ArduinoStaticLibrary/ArduinoNano33IoT/FasterRuns\libcore.a(SERCOM.o)
                0x000078be                SERCOM::enableUART()
 .text._ZN6SERCOM9flushUARTEv
                0x000078d2       0x10 C:/Users/yoany-pc/DOCUME~1/MATLAB/R2023b/ArduinoStaticLibrary/ArduinoNano33IoT/FasterRuns\libcore.a(SERCOM.o)
                0x000078d2                SERCOM::flushUART()
 .text._ZN6SERCOM15clearStatusUARTEv
                0x000078e2        0x8 C:/Users/yoany-pc/DOCUME~1/MATLAB/R2023b/ArduinoStaticLibrary/ArduinoNano33IoT/FasterRuns\libcore.a(SERCOM.o)
                0x000078e2                SERCOM::clearStatusUART()
 .text._ZN6SERCOM17availableDataUARTEv
                0x000078ea        0xa C:/Users/yoany-pc/DOCUME~1/MATLAB/R2023b/ArduinoStaticLibrary/ArduinoNano33IoT/FasterRuns\libcore.a(SERCOM.o)
                0x000078ea                SERCOM::availableDataUART()
 .text._ZN6SERCOM11isUARTErrorEv
                0x000078f4        0x8 C:/Users/yoany-pc/DOCUME~1/MATLAB/R2023b/ArduinoStaticLibrary/ArduinoNano33IoT/FasterRuns\libcore.a(SERCOM.o)
                0x000078f4                SERCOM::isUARTError()
 .text._ZN6SERCOM20acknowledgeUARTErrorEv
                0x000078fc        0xe C:/Users/yoany-pc/DOCUME~1/MATLAB/R2023b/ArduinoStaticLibrary/ArduinoNano33IoT/FasterRuns\libcore.a(SERCOM.o)
                0x000078fc                SERCOM::acknowledgeUARTError()
 .text._ZN6SERCOM16isFrameErrorUARTEv
                0x0000790a        0xa C:/Users/yoany-pc/DOCUME~1/MATLAB/R2023b/ArduinoStaticLibrary/ArduinoNano33IoT/FasterRuns\libcore.a(SERCOM.o)
                0x0000790a                SERCOM::isFrameErrorUART()
 .text._ZN6SERCOM19clearFrameErrorUARTEv
                0x00007914        0xc C:/Users/yoany-pc/DOCUME~1/MATLAB/R2023b/ArduinoStaticLibrary/ArduinoNano33IoT/FasterRuns\libcore.a(SERCOM.o)
                0x00007914                SERCOM::clearFrameErrorUART()
 .text._ZN6SERCOM23isDataRegisterEmptyUARTEv
                0x00007920        0xa C:/Users/yoany-pc/DOCUME~1/MATLAB/R2023b/ArduinoStaticLibrary/ArduinoNano33IoT/FasterRuns\libcore.a(SERCOM.o)
                0x00007920                SERCOM::isDataRegisterEmptyUART()
 .text._ZN6SERCOM12readDataUARTEv
                0x0000792a        0x8 C:/Users/yoany-pc/DOCUME~1/MATLAB/R2023b/ArduinoStaticLibrary/ArduinoNano33IoT/FasterRuns\libcore.a(SERCOM.o)
                0x0000792a                SERCOM::readDataUART()
 .text._ZN6SERCOM13writeDataUARTEh
                0x00007932        0xe C:/Users/yoany-pc/DOCUME~1/MATLAB/R2023b/ArduinoStaticLibrary/ArduinoNano33IoT/FasterRuns\libcore.a(SERCOM.o)
                0x00007932                SERCOM::writeDataUART(unsigned char)
 .text._ZN6SERCOM36enableDataRegisterEmptyInterruptUARTEv
                0x00007940        0x8 C:/Users/yoany-pc/DOCUME~1/MATLAB/R2023b/ArduinoStaticLibrary/ArduinoNano33IoT/FasterRuns\libcore.a(SERCOM.o)
                0x00007940                SERCOM::enableDataRegisterEmptyInterruptUART()
 .text._ZN6SERCOM37disableDataRegisterEmptyInterruptUARTEv
                0x00007948        0x8 C:/Users/yoany-pc/DOCUME~1/MATLAB/R2023b/ArduinoStaticLibrary/ArduinoNano33IoT/FasterRuns\libcore.a(SERCOM.o)
                0x00007948                SERCOM::disableDataRegisterEmptyInterruptUART()
 .text._ZN6SERCOM13initClockNVICEv
                0x00007950       0xac C:/Users/yoany-pc/DOCUME~1/MATLAB/R2023b/ArduinoStaticLibrary/ArduinoNano33IoT/FasterRuns\libcore.a(SERCOM.o)
                0x00007950                SERCOM::initClockNVIC()
 .text._ZN6SERCOM8initUARTE14SercomUartMode20SercomUartSampleRatem
                0x000079fc       0x6c C:/Users/yoany-pc/DOCUME~1/MATLAB/R2023b/ArduinoStaticLibrary/ArduinoNano33IoT/FasterRuns\libcore.a(SERCOM.o)
                0x000079fc                SERCOM::initUART(SercomUartMode, SercomUartSampleRate, unsigned long)
 .text          0x00007a68       0x14 c:/programdata/matlab/supportpackages/r2023b/aide/tools/arm-none-eabi-gcc/4.8.3-2014q1/bin/../lib/gcc/arm-none-eabi/4.8.3/armv6-m\libgcc.a(_thumb1_case_uqi.o)
                0x00007a68                __gnu_thumb1_case_uqi
 .text          0x00007a7c       0x9c c:/programdata/matlab/supportpackages/r2023b/aide/tools/arm-none-eabi-gcc/4.8.3-2014q1/bin/../lib/gcc/arm-none-eabi/4.8.3/armv6-m\libgcc.a(_udivsi3.o)
                0x00007a7c                __aeabi_uidiv
                0x00007a7c                __udivsi3
                0x00007b04                __aeabi_uidivmod
 .text          0x00007b18       0xc0 c:/programdata/matlab/supportpackages/r2023b/aide/tools/arm-none-eabi-gcc/4.8.3-2014q1/bin/../lib/gcc/arm-none-eabi/4.8.3/armv6-m\libgcc.a(_divsi3.o)
                0x00007b18                __divsi3
                0x00007b18                __aeabi_idiv
                0x00007bc4                __aeabi_idivmod
 .text          0x00007bd8        0x4 c:/programdata/matlab/supportpackages/r2023b/aide/tools/arm-none-eabi-gcc/4.8.3-2014q1/bin/../lib/gcc/arm-none-eabi/4.8.3/armv6-m\libgcc.a(_dvmd_tls.o)
                0x00007bd8                __aeabi_idiv0
                0x00007bd8                __aeabi_ldiv0
 .text          0x00007bdc       0x7c c:/programdata/matlab/supportpackages/r2023b/aide/tools/arm-none-eabi-gcc/4.8.3-2014q1/bin/../lib/gcc/arm-none-eabi/4.8.3/armv6-m\libgcc.a(_arm_cmpdf2.o)
                0x00007bdc                __aeabi_cdrcmple
                0x00007bec                __aeabi_cdcmple
                0x00007bec                __aeabi_cdcmpeq
                0x00007bfc                __aeabi_dcmpeq
                0x00007c08                __aeabi_dcmplt
                0x00007c1c                __aeabi_dcmple
                0x00007c30                __aeabi_dcmpgt
                0x00007c44                __aeabi_dcmpge
 .text          0x00007c58       0x40 c:/programdata/matlab/supportpackages/r2023b/aide/tools/arm-none-eabi-gcc/4.8.3-2014q1/bin/../lib/gcc/arm-none-eabi/4.8.3/armv6-m\libgcc.a(_fixunsdfsi.o)
                0x00007c58                __aeabi_d2uiz
                0x00007c58                __fixunsdfsi
 .text          0x00007c98      0x638 c:/programdata/matlab/supportpackages/r2023b/aide/tools/arm-none-eabi-gcc/4.8.3-2014q1/bin/../lib/gcc/arm-none-eabi/4.8.3/armv6-m\libgcc.a(adddf3.o)
                0x00007c98                __aeabi_dadd
 .text          0x000082d0      0x648 c:/programdata/matlab/supportpackages/r2023b/aide/tools/arm-none-eabi-gcc/4.8.3-2014q1/bin/../lib/gcc/arm-none-eabi/4.8.3/armv6-m\libgcc.a(divdf3.o)
                0x000082d0                __aeabi_ddiv
 .text          0x00008918       0x94 c:/programdata/matlab/supportpackages/r2023b/aide/tools/arm-none-eabi-gcc/4.8.3-2014q1/bin/../lib/gcc/arm-none-eabi/4.8.3/armv6-m\libgcc.a(eqdf2.o)
                0x00008918                __nedf2
                0x00008918                __eqdf2
 .text          0x000089ac       0xfc c:/programdata/matlab/supportpackages/r2023b/aide/tools/arm-none-eabi-gcc/4.8.3-2014q1/bin/../lib/gcc/arm-none-eabi/4.8.3/armv6-m\libgcc.a(gedf2.o)
                0x000089ac                __gedf2
                0x000089ac                __gtdf2
 .text          0x00008aa8       0xfc c:/programdata/matlab/supportpackages/r2023b/aide/tools/arm-none-eabi-gcc/4.8.3-2014q1/bin/../lib/gcc/arm-none-eabi/4.8.3/armv6-m\libgcc.a(ledf2.o)
                0x00008aa8                __ledf2
                0x00008aa8                __ltdf2
 .text          0x00008ba4      0x520 c:/programdata/matlab/supportpackages/r2023b/aide/tools/arm-none-eabi-gcc/4.8.3-2014q1/bin/../lib/gcc/arm-none-eabi/4.8.3/armv6-m\libgcc.a(muldf3.o)
                0x00008ba4                __aeabi_dmul
 .text          0x000090c4      0x654 c:/programdata/matlab/supportpackages/r2023b/aide/tools/arm-none-eabi-gcc/4.8.3-2014q1/bin/../lib/gcc/arm-none-eabi/4.8.3/armv6-m\libgcc.a(subdf3.o)
                0x000090c4                __aeabi_dsub
 .text          0x00009718       0x68 c:/programdata/matlab/supportpackages/r2023b/aide/tools/arm-none-eabi-gcc/4.8.3-2014q1/bin/../lib/gcc/arm-none-eabi/4.8.3/armv6-m\libgcc.a(fixdfsi.o)
                0x00009718                __aeabi_d2iz
 .text          0x00009780       0x68 c:/programdata/matlab/supportpackages/r2023b/aide/tools/arm-none-eabi-gcc/4.8.3-2014q1/bin/../lib/gcc/arm-none-eabi/4.8.3/armv6-m\libgcc.a(floatunsidf.o)
                0x00009780                __aeabi_ui2d
 .text          0x000097e8       0x3c c:/programdata/matlab/supportpackages/r2023b/aide/tools/arm-none-eabi-gcc/4.8.3-2014q1/bin/../lib/gcc/arm-none-eabi/4.8.3/armv6-m\libgcc.a(_clzsi2.o)
                0x000097e8                __clzsi2
 .text.__errno  0x00009824        0xc c:/programdata/matlab/supportpackages/r2023b/aide/tools/arm-none-eabi-gcc/4.8.3-2014q1/bin/../lib/gcc/arm-none-eabi/4.8.3/../../../../arm-none-eabi/lib/armv6-m\libg_s.a(lib_a-errno.o)
                0x00009824                __errno
 .text.__libc_init_array
                0x00009830       0x4c c:/programdata/matlab/supportpackages/r2023b/aide/tools/arm-none-eabi-gcc/4.8.3-2014q1/bin/../lib/gcc/arm-none-eabi/4.8.3/../../../../arm-none-eabi/lib/armv6-m\libg_s.a(lib_a-init.o)
                0x00009830                __libc_init_array
 .text.malloc   0x0000987c       0x14 c:/programdata/matlab/supportpackages/r2023b/aide/tools/arm-none-eabi-gcc/4.8.3-2014q1/bin/../lib/gcc/arm-none-eabi/4.8.3/../../../../arm-none-eabi/lib/armv6-m\libg_s.a(lib_a-malloc.o)
                0x0000987c                malloc
 .text.free     0x00009890       0x14 c:/programdata/matlab/supportpackages/r2023b/aide/tools/arm-none-eabi-gcc/4.8.3-2014q1/bin/../lib/gcc/arm-none-eabi/4.8.3/../../../../arm-none-eabi/lib/armv6-m\libg_s.a(lib_a-malloc.o)
                0x00009890                free
 .text.memcpy   0x000098a4       0x12 c:/programdata/matlab/supportpackages/r2023b/aide/tools/arm-none-eabi-gcc/4.8.3-2014q1/bin/../lib/gcc/arm-none-eabi/4.8.3/../../../../arm-none-eabi/lib/armv6-m\libg_s.a(lib_a-memcpy-stub.o)
                0x000098a4                memcpy
 .text.memset   0x000098b6       0x10 c:/programdata/matlab/supportpackages/r2023b/aide/tools/arm-none-eabi-gcc/4.8.3-2014q1/bin/../lib/gcc/arm-none-eabi/4.8.3/../../../../arm-none-eabi/lib/armv6-m\libg_s.a(lib_a-memset.o)
                0x000098b6                memset
 *fill*         0x000098c6        0x2 
 .text._free_r  0x000098c8       0x90 c:/programdata/matlab/supportpackages/r2023b/aide/tools/arm-none-eabi-gcc/4.8.3-2014q1/bin/../lib/gcc/arm-none-eabi/4.8.3/../../../../arm-none-eabi/lib/armv6-m\libg_s.a(lib_a-nano-freer.o)
                0x000098c8                _free_r
 .text._malloc_r
                0x00009958       0xa8 c:/programdata/matlab/supportpackages/r2023b/aide/tools/arm-none-eabi-gcc/4.8.3-2014q1/bin/../lib/gcc/arm-none-eabi/4.8.3/../../../../arm-none-eabi/lib/armv6-m\libg_s.a(lib_a-nano-mallocr.o)
                0x00009958                _malloc_r
 .text._sbrk_r  0x00009a00       0x24 c:/programdata/matlab/supportpackages/r2023b/aide/tools/arm-none-eabi-gcc/4.8.3-2014q1/bin/../lib/gcc/arm-none-eabi/4.8.3/../../../../arm-none-eabi/lib/armv6-m\libg_s.a(lib_a-sbrkr.o)
                0x00009a00                _sbrk_r
 .text.strlen   0x00009a24        0xe c:/programdata/matlab/supportpackages/r2023b/aide/tools/arm-none-eabi-gcc/4.8.3-2014q1/bin/../lib/gcc/arm-none-eabi/4.8.3/../../../../arm-none-eabi/lib/armv6-m\libg_s.a(lib_a-strlen.o)
                0x00009a24                strlen
 *fill*         0x00009a32        0x2 
 .text._sbrk    0x00009a34       0x34 c:/programdata/matlab/supportpackages/r2023b/aide/tools/arm-none-eabi-gcc/4.8.3-2014q1/bin/../lib/gcc/arm-none-eabi/4.8.3/../../../../arm-none-eabi/lib/armv6-m\libnosys.a(sbrk.o)
                0x00009a34                _sbrk
 *(.init)
 .init          0x00009a68        0x4 c:/programdata/matlab/supportpackages/r2023b/aide/tools/arm-none-eabi-gcc/4.8.3-2014q1/bin/../lib/gcc/arm-none-eabi/4.8.3/armv6-m/crti.o
                0x00009a68                _init
 .init          0x00009a6c        0x8 c:/programdata/matlab/supportpackages/r2023b/aide/tools/arm-none-eabi-gcc/4.8.3-2014q1/bin/../lib/gcc/arm-none-eabi/4.8.3/armv6-m/crtn.o
 *(.fini)
 .fini          0x00009a74        0x4 c:/programdata/matlab/supportpackages/r2023b/aide/tools/arm-none-eabi-gcc/4.8.3-2014q1/bin/../lib/gcc/arm-none-eabi/4.8.3/armv6-m/crti.o
                0x00009a74                _fini
 .fini          0x00009a78        0x8 c:/programdata/matlab/supportpackages/r2023b/aide/tools/arm-none-eabi-gcc/4.8.3-2014q1/bin/../lib/gcc/arm-none-eabi/4.8.3/armv6-m/crtn.o
 *crtbegin.o(.ctors)
 *crtbegin?.o(.ctors)
 *(EXCLUDE_FILE(*crtend.o *crtend?.o) .ctors)
 *(SORT(.ctors.*))
 *(.ctors)
 *crtbegin.o(.dtors)
 *crtbegin?.o(.dtors)
 *(EXCLUDE_FILE(*crtend.o *crtend?.o) .dtors)
 *(SORT(.dtors.*))
 *(.dtors)
 *(.rodata*)
 .rodata.rtAlwaysEnabled.11968
                0x00009a80        0x1 arduino_encoder.o
 *fill*         0x00009a81        0x3 
 .rodata.arduino_encoder_M
                0x00009a84        0x4 arduino_encoder.o
                0x00009a84                arduino_encoder_M
 .rodata.standardSupportedRxPacket
                0x00009a88       0x54 xcp_standard.o
 .rodata.daqSupportedRxPacket
                0x00009adc       0x90 xcp_daq.o
 .rodata.calibrationSupportedRxPacket
                0x00009b6c       0x18 xcp_calibration.o
 .rodata.str1.4
                0x00009b84        0x8 c:/programdata/matlab/supportpackages/r2023b/aide/tools/arm-none-eabi-gcc/4.8.3-2014q1/bin/../lib/gcc/arm-none-eabi/4.8.3/../../../../arm-none-eabi/lib/armv6-m\libm.a(lib_a-w_fmod.o)
 *fill*         0x00009b8c        0x4 
 .rodata.Zero   0x00009b90       0x10 c:/programdata/matlab/supportpackages/r2023b/aide/tools/arm-none-eabi-gcc/4.8.3-2014q1/bin/../lib/gcc/arm-none-eabi/4.8.3/../../../../arm-none-eabi/lib/armv6-m\libm.a(lib_a-e_fmod.o)
 .rodata._ZTV4Uart
                0x00009ba0       0x38 C:/Users/yoany-pc/DOCUME~1/MATLAB/R2023b/ArduinoStaticLibrary/ArduinoNano33IoT/FasterRuns\libcore.a(Uart.o)
                0x00009ba0                vtable for Uart
 .rodata._ZTV7Serial_
                0x00009bd8       0x58 C:/Users/yoany-pc/DOCUME~1/MATLAB/R2023b/ArduinoStaticLibrary/ArduinoNano33IoT/FasterRuns\libcore.a(CDC.o)
                0x00009bd8                vtable for Serial_
 .rodata._ZTV26DoubleBufferedEPOutHandler
                0x00009c30       0x28 C:/Users/yoany-pc/DOCUME~1/MATLAB/R2023b/ArduinoStaticLibrary/ArduinoNano33IoT/FasterRuns\libcore.a(USBCore.o)
                0x00009c30                vtable for DoubleBufferedEPOutHandler
 .rodata._ZL15STRING_LANGUAGE
                0x00009c58        0x4 C:/Users/yoany-pc/DOCUME~1/MATLAB/R2023b/ArduinoStaticLibrary/ArduinoNano33IoT/FasterRuns\libcore.a(USBCore.o)
 .rodata._ZL21USB_DeviceDescriptorB
                0x00009c5c       0x12 C:/Users/yoany-pc/DOCUME~1/MATLAB/R2023b/ArduinoStaticLibrary/ArduinoNano33IoT/FasterRuns\libcore.a(USBCore.o)
 .rodata._ZL19STRING_MANUFACTURER
                0x00009c6e        0xc C:/Users/yoany-pc/DOCUME~1/MATLAB/R2023b/ArduinoStaticLibrary/ArduinoNano33IoT/FasterRuns\libcore.a(USBCore.o)
 .rodata._ZL14STRING_PRODUCT
                0x00009c7a       0x14 C:/Users/yoany-pc/DOCUME~1/MATLAB/R2023b/ArduinoStaticLibrary/ArduinoNano33IoT/FasterRuns\libcore.a(USBCore.o)
 *fill*         0x00009c8e        0x2 
 .rodata.g_APinDescription
                0x00009c90      0x318 C:/Users/yoany-pc/DOCUME~1/MATLAB/R2023b/ArduinoStaticLibrary/ArduinoNano33IoT/FasterRuns\libcore.a(variant.o)
                0x00009c90                g_APinDescription
 .rodata        0x00009fa8       0x40 c:/programdata/matlab/supportpackages/r2023b/aide/tools/arm-none-eabi-gcc/4.8.3-2014q1/bin/../lib/gcc/arm-none-eabi/4.8.3/armv6-m\libgcc.a(divdf3.o)
 .rodata        0x00009fe8       0x40 c:/programdata/matlab/supportpackages/r2023b/aide/tools/arm-none-eabi-gcc/4.8.3-2014q1/bin/../lib/gcc/arm-none-eabi/4.8.3/armv6-m\libgcc.a(muldf3.o)
 .rodata.str1.1
                0x0000a028        0x2 c:/programdata/matlab/supportpackages/r2023b/aide/tools/arm-none-eabi-gcc/4.8.3-2014q1/bin/../lib/gcc/arm-none-eabi/4.8.3/../../../../arm-none-eabi/lib/armv6-m\libg_s.a(lib_a-impure.o)
 *(.eh_frame*)
 *fill*         0x0000a02a        0x2 
 .eh_frame      0x0000a02c        0x0 c:/programdata/matlab/supportpackages/r2023b/aide/tools/arm-none-eabi-gcc/4.8.3-2014q1/bin/../lib/gcc/arm-none-eabi/4.8.3/armv6-m/crtbegin.o
 .eh_frame      0x0000a02c        0x4 c:/programdata/matlab/supportpackages/r2023b/aide/tools/arm-none-eabi-gcc/4.8.3-2014q1/bin/../lib/gcc/arm-none-eabi/4.8.3/armv6-m/crtend.o

.glue_7         0x0000a030        0x0
 .glue_7        0x00000000        0x0 linker stubs

.glue_7t        0x0000a030        0x0
 .glue_7t       0x00000000        0x0 linker stubs

.vfp11_veneer   0x0000a030        0x0
 .vfp11_veneer  0x00000000        0x0 linker stubs

.v4_bx          0x0000a030        0x0
 .v4_bx         0x00000000        0x0 linker stubs

.iplt           0x0000a030        0x0
 .iplt          0x00000000        0x0 c:/programdata/matlab/supportpackages/r2023b/aide/tools/arm-none-eabi-gcc/4.8.3-2014q1/bin/../lib/gcc/arm-none-eabi/4.8.3/armv6-m/crtbegin.o

.rel.dyn        0x0000a030        0x0
 .rel.iplt      0x00000000        0x0 c:/programdata/matlab/supportpackages/r2023b/aide/tools/arm-none-eabi-gcc/4.8.3-2014q1/bin/../lib/gcc/arm-none-eabi/4.8.3/armv6-m/crtbegin.o

.ARM.extab
 *(.ARM.extab* .gnu.linkonce.armextab.*)
                0x0000a030                __exidx_start = .

.ARM.exidx
 *(.ARM.exidx* .gnu.linkonce.armexidx.*)
                0x0000a030                __exidx_end = .
                0x0000a030                __etext = .

.data           0x20000000       0xe0 load address 0x0000a030
                0x20000000                __data_start__ = .
 *(vtable)
 *(.data*)
 .data.xcpExtmodeFinalSimulationTime
                0x20000000        0x8 xcp_ext_common.o
                0x20000000                xcpExtmodeFinalSimulationTime
 .data.xcpClassicTriggerDuration
                0x20000008        0x4 xcp_ext_classic_trigger.o
                0x20000008                xcpClassicTriggerDuration
 .data.xcpClassicTriggerArmRequest
                0x2000000c        0x1 xcp_ext_classic_trigger.o
                0x2000000c                xcpClassicTriggerArmRequest
 *fill*         0x2000000d        0x3 
 .data.startStopDaqListId
                0x20000010        0x4 xcp_daq.o
 .data.xcpEventCustomMemoryManager
                0x20000014        0xc xcp_daq.o
 .data.xcpCurrentDaq
                0x20000020        0x4 xcp_daq.o
 .data.xcpCtoReservedMemPoolId
                0x20000024        0x4 xcp_transport.o
 .data.xcpMemMainBlockSizes
                0x20000028        0xc xcp_mem_default.o
 .data.xcpMemMainBlocksNumber
                0x20000034        0xc xcp_mem_default.o
 .data.drvID    0x20000040        0x4 xcp_drv_rtiostream.o
 .data.xcpCtoReservedMemPoolId
                0x20000044        0x4 xcp_frame_serial.o
 .data.__fdlib_version
                0x20000048        0x1 c:/programdata/matlab/supportpackages/r2023b/aide/tools/arm-none-eabi-gcc/4.8.3-2014q1/bin/../lib/gcc/arm-none-eabi/4.8.3/../../../../arm-none-eabi/lib/armv6-m\libm.a(lib_a-s_lib_ver.o)
                0x20000048                __fdlib_version
 *fill*         0x20000049        0x3 
 .data.SystemCoreClock
                0x2000004c        0x4 C:/Users/yoany-pc/DOCUME~1/MATLAB/R2023b/ArduinoStaticLibrary/ArduinoNano33IoT/FasterRuns\libcore.a(wiring.o)
                0x2000004c                SystemCoreClock
 .data._ZL5ticks
                0x20000050        0x4 C:/Users/yoany-pc/DOCUME~1/MATLAB/R2023b/ArduinoStaticLibrary/ArduinoNano33IoT/FasterRuns\libcore.a(Reset.o)
 .data._serialPeek
                0x20000054        0x4 C:/Users/yoany-pc/DOCUME~1/MATLAB/R2023b/ArduinoStaticLibrary/ArduinoNano33IoT/FasterRuns\libcore.a(CDC.o)
                0x20000054                _serialPeek
 .data._ZL10breakValue
                0x20000058        0x4 C:/Users/yoany-pc/DOCUME~1/MATLAB/R2023b/ArduinoStaticLibrary/ArduinoNano33IoT/FasterRuns\libcore.a(CDC.o)
 .data._ZL12_usbLineInfo
                0x2000005c        0x8 C:/Users/yoany-pc/DOCUME~1/MATLAB/R2023b/ArduinoStaticLibrary/ArduinoNano33IoT/FasterRuns\libcore.a(CDC.o)
 .data.impure_data
                0x20000064       0x60 c:/programdata/matlab/supportpackages/r2023b/aide/tools/arm-none-eabi-gcc/4.8.3-2014q1/bin/../lib/gcc/arm-none-eabi/4.8.3/../../../../arm-none-eabi/lib/armv6-m\libg_s.a(lib_a-impure.o)
 .data._impure_ptr
                0x200000c4        0x4 c:/programdata/matlab/supportpackages/r2023b/aide/tools/arm-none-eabi-gcc/4.8.3-2014q1/bin/../lib/gcc/arm-none-eabi/4.8.3/../../../../arm-none-eabi/lib/armv6-m\libg_s.a(lib_a-impure.o)
                0x200000c4                _impure_ptr
                0x200000c8                . = ALIGN (0x4)
                0x200000c8                PROVIDE (__preinit_array_start, .)
 *(.preinit_array)
                0x200000c8                PROVIDE (__preinit_array_end, .)
                0x200000c8                . = ALIGN (0x4)
                0x200000c8                PROVIDE (__init_array_start, .)
 *(SORT(.init_array.*))
 *(.init_array)
 .init_array    0x200000c8        0x4 c:/programdata/matlab/supportpackages/r2023b/aide/tools/arm-none-eabi-gcc/4.8.3-2014q1/bin/../lib/gcc/arm-none-eabi/4.8.3/armv6-m/crtbegin.o
 .init_array    0x200000cc        0x4 C:/Users/yoany-pc/DOCUME~1/MATLAB/R2023b/ArduinoStaticLibrary/ArduinoNano33IoT/FasterRuns\libcore.a(CDC.o)
 .init_array    0x200000d0        0x4 C:/Users/yoany-pc/DOCUME~1/MATLAB/R2023b/ArduinoStaticLibrary/ArduinoNano33IoT/FasterRuns\libcore.a(USBCore.o)
 .init_array    0x200000d4        0x4 C:/Users/yoany-pc/DOCUME~1/MATLAB/R2023b/ArduinoStaticLibrary/ArduinoNano33IoT/FasterRuns\libcore.a(variant.o)
                0x200000d8                PROVIDE (__init_array_end, .)
                0x200000d8                . = ALIGN (0x4)
                0x200000d8                PROVIDE (__fini_array_start, .)
 *(SORT(.fini_array.*))
 *(.fini_array)
 .fini_array    0x200000d8        0x4 c:/programdata/matlab/supportpackages/r2023b/aide/tools/arm-none-eabi-gcc/4.8.3-2014q1/bin/../lib/gcc/arm-none-eabi/4.8.3/armv6-m/crtbegin.o
                0x200000dc                PROVIDE (__fini_array_end, .)
 *(.jcr*)
 .jcr           0x200000dc        0x0 c:/programdata/matlab/supportpackages/r2023b/aide/tools/arm-none-eabi-gcc/4.8.3-2014q1/bin/../lib/gcc/arm-none-eabi/4.8.3/armv6-m/crtbegin.o
 .jcr           0x200000dc        0x4 c:/programdata/matlab/supportpackages/r2023b/aide/tools/arm-none-eabi-gcc/4.8.3-2014q1/bin/../lib/gcc/arm-none-eabi/4.8.3/armv6-m/crtend.o
                0x200000e0                . = ALIGN (0x4)
                0x200000e0                __data_end__ = .

.igot.plt       0x200000e0        0x0 load address 0x0000a110
 .igot.plt      0x00000000        0x0 c:/programdata/matlab/supportpackages/r2023b/aide/tools/arm-none-eabi-gcc/4.8.3-2014q1/bin/../lib/gcc/arm-none-eabi/4.8.3/armv6-m/crtbegin.o

.bss            0x200000e0     0x1314 load address 0x0000a110
                0x200000e0                . = ALIGN (0x4)
                0x200000e0                __bss_start__ = .
 *(.bss*)
 .bss           0x200000e0       0x1c c:/programdata/matlab/supportpackages/r2023b/aide/tools/arm-none-eabi-gcc/4.8.3-2014q1/bin/../lib/gcc/arm-none-eabi/4.8.3/armv6-m/crtbegin.o
 .bss.passedtime
                0x200000fc        0x4 MW_Tachometer.o
                0x200000fc                passedtime
 .bss.counter   0x20000100        0x4 MW_Tachometer.o
                0x20000100                counter
 .bss.xcpCustomTriggerFunction
                0x20000104        0x8 xcp_ext_mode.o
 .bss.rt_ExtModeInfo.11969
                0x2000010c       0x14 arduino_encoder.o
 .bss.systemRan.11970
                0x20000120        0xc arduino_encoder.o
 *fill*         0x2000012c        0x4 
 .bss.arduino_encoder_M_
                0x20000130       0x48 arduino_encoder.o
 .bss.arduino_encoder_P
                0x20000178        0x4 arduino_encoder_data.o
                0x20000178                arduino_encoder_P
 .bss.xcpModelChecksum0
                0x2000017c        0x4 xcp_ext_common.o
                0x2000017c                xcpModelChecksum0
 .bss.xcpModelStartRequest
                0x20000180        0x1 xcp_ext_common.o
                0x20000180                xcpModelStartRequest
 *fill*         0x20000181        0x3 
 .bss.xcpModelChecksum1
                0x20000184        0x4 xcp_ext_common.o
                0x20000184                xcpModelChecksum1
 .bss.xcpModelChecksum3
                0x20000188        0x4 xcp_ext_common.o
                0x20000188                xcpModelChecksum3
 .bss.xcpModelChecksum2
                0x2000018c        0x4 xcp_ext_common.o
                0x2000018c                xcpModelChecksum2
 .bss.xcpModelIntegerCode
                0x20000190        0x4 xcp_ext_common.o
                0x20000190                xcpModelIntegerCode
 *fill*         0x20000194        0x4 
 .bss.xcpDummyDoubleVariable
                0x20000198        0x8 xcp_ext_common.o
                0x20000198                xcpDummyDoubleVariable
 .bss.xcpModelStopRequest
                0x200001a0        0x1 xcp_ext_common.o
                0x200001a0                xcpModelStopRequest
 *fill*         0x200001a1        0x7 
 .bss.xcpBaseRateSimulationTime
                0x200001a8        0x8 xcp_ext_common.o
 .bss.xcpCurrentSimulationTimeInMs
                0x200001b0        0x8 xcp_ext_common.o
                0x200001b0                xcpCurrentSimulationTimeInMs
 .bss.xcpExtmodeSimulationComplete
                0x200001b8        0x1 xcp_ext_common.o
                0x200001b8                xcpExtmodeSimulationComplete
 .bss.xcpModelStatus
                0x200001b9        0x1 xcp_ext_common.o
                0x200001b9                xcpModelStatus
 .bss.xcpClassicTriggerDirection
                0x200001ba        0x1 xcp_ext_classic_trigger.o
                0x200001ba                xcpClassicTriggerDirection
 *fill*         0x200001bb        0x5 
 .bss.xcpOldSignalValue
                0x200001c0        0x8 xcp_ext_classic_trigger.o
 .bss.xcpClassicTriggerSignalAddressExtension
                0x200001c8        0x1 xcp_ext_classic_trigger.o
                0x200001c8                xcpClassicTriggerSignalAddressExtension
 *fill*         0x200001c9        0x3 
 .bss.xcpTriggerCount
                0x200001cc        0x4 xcp_ext_classic_trigger.o
 .bss.xcpOldSignalValueAvailable
                0x200001d0        0x1 xcp_ext_classic_trigger.o
 *fill*         0x200001d1        0x3 
 .bss.xcpClassicTriggerDelay
                0x200001d4        0x4 xcp_ext_classic_trigger.o
                0x200001d4                xcpClassicTriggerDelay
 .bss.xcpClassicTriggerSignalAddress
                0x200001d8        0x4 xcp_ext_classic_trigger.o
                0x200001d8                xcpClassicTriggerSignalAddress
 .bss.xcpClassicTriggerEventId
                0x200001dc        0x2 xcp_ext_classic_trigger.o
                0x200001dc                xcpClassicTriggerEventId
 .bss.xcpClassicTriggerCancelRequest
                0x200001de        0x1 xcp_ext_classic_trigger.o
                0x200001de                xcpClassicTriggerCancelRequest
 .bss.xcpOldClassicTriggerSource
                0x200001df        0x1 xcp_ext_classic_trigger.o
 .bss.xcpClassicTriggerSource
                0x200001e0        0x1 xcp_ext_classic_trigger.o
                0x200001e0                xcpClassicTriggerSource
 .bss.xcpForceTriggerEnableRequest
                0x200001e1        0x1 xcp_ext_classic_trigger.o
 .bss.xcpSignalTriggerFired
                0x200001e2        0x1 xcp_ext_classic_trigger.o
 .bss.xcpClassicTriggerStatus
                0x200001e3        0x1 xcp_ext_classic_trigger.o
                0x200001e3                xcpClassicTriggerStatus
 .bss.xcpClassicTriggerMode
                0x200001e4        0x1 xcp_ext_classic_trigger.o
                0x200001e4                xcpClassicTriggerMode
 .bss.xcpForcedTriggerEnabled
                0x200001e5        0x1 xcp_ext_classic_trigger.o
 *fill*         0x200001e6        0x2 
 .bss.xcpClassicTriggerHoldOff
                0x200001e8        0x4 xcp_ext_classic_trigger.o
                0x200001e8                xcpClassicTriggerHoldOff
 *fill*         0x200001ec        0x4 
 .bss.xcpClassicTriggerLevel
                0x200001f0        0x8 xcp_ext_classic_trigger.o
                0x200001f0                xcpClassicTriggerLevel
 .bss.xcpTriggerEnabled
                0x200001f8        0x1 xcp_ext_classic_trigger.o
 .bss.xcpResourceProtectionStatus
                0x200001f9        0x1 xcp.o
 .bss.initialized
                0x200001fa        0x1 xcp.o
 .bss.xcpSessionStatus
                0x200001fb        0x1 xcp.o
 .bss.xcpStatus
                0x200001fc        0x1 xcp.o
 *fill*         0x200001fd        0x1 
 .bss.xcpSessionConfigurationId
                0x200001fe        0x2 xcp.o
 .bss.groupPacketLookup
                0x20000200       0x10 xcp.o
 .bss.xcpUploadSize
                0x20000210        0x1 xcp_standard.o
 *fill*         0x20000211        0x3 
 .bss.xcpMta    0x20000214        0x8 xcp_standard.o
 .bss.packetLookup
                0x2000021c        0x4 xcp_standard.o
 .bss.daqLock   0x20000220        0x4 xcp_daq.o
 .bss.packetLookup
                0x20000224        0x4 xcp_daq.o
 .bss.xcpDynamicDaqLists
                0x20000228        0x8 xcp_daq.o
 .bss.xcpRunningEventCounter
                0x20000230        0x4 xcp_daq.o
 .bss.packetLookup
                0x20000234        0x4 xcp_calibration.o
 .bss.rxLock    0x20000238        0x4 xcp_transport.o
 .bss.txFifo    0x2000023c       0x10 xcp_transport.o
 .bss.initialized
                0x2000024c        0x1 xcp_transport.o
 *fill*         0x2000024d        0x3 
 .bss.txLock    0x20000250        0x4 xcp_transport.o
 .bss.rxFifo    0x20000254        0x8 xcp_transport.o
 .bss.xcpMemMainChunk
                0x2000025c       0x6f xcp_mem_default.o
 .bss.xcpMemReservedPoolsChunk
                0x200002cb      0x2be xcp_mem_default.o
 *fill*         0x20000589        0x3 
 .bss.xcpMemLock
                0x2000058c        0x4 xcp_mem_default.o
 .bss.xcpMemPoolDescriptors
                0x20000590       0x78 xcp_mem_default.o
 .bss.xcpMemReservedPoolsChunkUsedBytes
                0x20000608        0x4 xcp_mem_default.o
 .bss.xcpMemCustomPoolDescriptors
                0x2000060c        0x8 xcp_mem_default.o
 .bss.forceBlocking
                0x20000614        0x1 xcp_drv_rtiostream.o
 *fill*         0x20000615        0x1 
 .bss.rxCounter
                0x20000616        0x2 xcp_frame_serial.o
 .bss.initialized
                0x20000618        0x1 xcp_frame_serial.o
 *fill*         0x20000619        0x3 
 .bss.firstRxCounterReceived
                0x2000061c        0x4 xcp_frame_serial.o
 .bss.txCounter
                0x20000620        0x2 xcp_frame_serial.o
 *fill*         0x20000622        0x2 
 .bss._ZZ12Serial_beginE10serialInit
                0x20000624        0x4 io_wrappers.o
 .bss.receivedSyncByteE
                0x20000628        0x1 rtiostream_serial_daemon.o
                0x20000628                receivedSyncByteE
 .bss.OverrunFlag
                0x20000629        0x1 ert_main.o
 *fill*         0x2000062a        0x2 
 .bss.IsrOverrun
                0x2000062c        0x4 ert_main.o
                0x2000062c                IsrOverrun
 .bss.usb_isr   0x20000630        0x4 C:/Users/yoany-pc/DOCUME~1/MATLAB/R2023b/ArduinoStaticLibrary/ArduinoNano33IoT/FasterRuns\libcore.a(cortex_handlers.o)
 .bss._ulTickCount
                0x20000634        0x4 C:/Users/yoany-pc/DOCUME~1/MATLAB/R2023b/ArduinoStaticLibrary/ArduinoNano33IoT/FasterRuns\libcore.a(delay.o)
 .bss.ISRcallback
                0x20000638       0x44 C:/Users/yoany-pc/DOCUME~1/MATLAB/R2023b/ArduinoStaticLibrary/ArduinoNano33IoT/FasterRuns\libcore.a(WInterrupts.o)
 .bss.ISRlist   0x2000067c       0x44 C:/Users/yoany-pc/DOCUME~1/MATLAB/R2023b/ArduinoStaticLibrary/ArduinoNano33IoT/FasterRuns\libcore.a(WInterrupts.o)
 .bss.nints     0x200006c0        0x4 C:/Users/yoany-pc/DOCUME~1/MATLAB/R2023b/ArduinoStaticLibrary/ArduinoNano33IoT/FasterRuns\libcore.a(WInterrupts.o)
 .bss.enabled.12295
                0x200006c4        0x4 C:/Users/yoany-pc/DOCUME~1/MATLAB/R2023b/ArduinoStaticLibrary/ArduinoNano33IoT/FasterRuns\libcore.a(WInterrupts.o)
 .bss.SerialUSB
                0x200006c8       0x34 C:/Users/yoany-pc/DOCUME~1/MATLAB/R2023b/ArduinoStaticLibrary/ArduinoNano33IoT/FasterRuns\libcore.a(CDC.o)
                0x200006c8                SerialUSB
 .bss._ZZ12PluggableUSBvE3obj
                0x200006fc        0x8 C:/Users/yoany-pc/DOCUME~1/MATLAB/R2023b/ArduinoStaticLibrary/ArduinoNano33IoT/FasterRuns\libcore.a(PluggableUSB.o)
 .bss._ZGVZ12PluggableUSBvE3obj
                0x20000704        0x4 C:/Users/yoany-pc/DOCUME~1/MATLAB/R2023b/ArduinoStaticLibrary/ArduinoNano33IoT/FasterRuns\libcore.a(PluggableUSB.o)
 .bss._ZL14isEndpointHalt
                0x20000708        0x1 C:/Users/yoany-pc/DOCUME~1/MATLAB/R2023b/ArduinoStaticLibrary/ArduinoNano33IoT/FasterRuns\libcore.a(USBCore.o)
 *fill*         0x20000709        0x3 
 .bss.EndPoints
                0x2000070c       0x28 C:/Users/yoany-pc/DOCUME~1/MATLAB/R2023b/ArduinoStaticLibrary/ArduinoNano33IoT/FasterRuns\libcore.a(USBCore.o)
                0x2000070c                EndPoints
 .bss._pack_buffer
                0x20000734      0x100 C:/Users/yoany-pc/DOCUME~1/MATLAB/R2023b/ArduinoStaticLibrary/ArduinoNano33IoT/FasterRuns\libcore.a(USBCore.o)
                0x20000734                _pack_buffer
 .bss._pack_size
                0x20000834        0x2 C:/Users/yoany-pc/DOCUME~1/MATLAB/R2023b/ArduinoStaticLibrary/ArduinoNano33IoT/FasterRuns\libcore.a(USBCore.o)
                0x20000834                _pack_size
 .bss._ZL20LastTransmitTimedOut
                0x20000836        0x7 C:/Users/yoany-pc/DOCUME~1/MATLAB/R2023b/ArduinoStaticLibrary/ArduinoNano33IoT/FasterRuns\libcore.a(USBCore.o)
 *fill*         0x2000083d        0x3 
 .bss._ZL22udd_ep_in_cache_buffer
                0x20000840      0x1c0 C:/Users/yoany-pc/DOCUME~1/MATLAB/R2023b/ArduinoStaticLibrary/ArduinoNano33IoT/FasterRuns\libcore.a(USBCore.o)
 .bss._ZL23udd_ep_out_cache_buffer
                0x20000a00      0x1c0 C:/Users/yoany-pc/DOCUME~1/MATLAB/R2023b/ArduinoStaticLibrary/ArduinoNano33IoT/FasterRuns\libcore.a(USBCore.o)
 .bss._ZL10epHandlers
                0x20000bc0       0x1c C:/Users/yoany-pc/DOCUME~1/MATLAB/R2023b/ArduinoStaticLibrary/ArduinoNano33IoT/FasterRuns\libcore.a(USBCore.o)
 .bss._pack_message
                0x20000bdc        0x1 C:/Users/yoany-pc/DOCUME~1/MATLAB/R2023b/ArduinoStaticLibrary/ArduinoNano33IoT/FasterRuns\libcore.a(USBCore.o)