Archive member included because of file (symbol)

c:/programdata/matlab/supportpackages/r2023b/aide/tools/arm-none-eabi-gcc/4.8.3-2014q1/bin/../lib/gcc/arm-none-eabi/4.8.3/../../../../arm-none-eabi/lib/armv6-m\libm.a(lib_a-s_ceil.o)
                              arduino_PWM_motor.o (ceil)
c:/programdata/matlab/supportpackages/r2023b/aide/tools/arm-none-eabi-gcc/4.8.3-2014q1/bin/../lib/gcc/arm-none-eabi/4.8.3/../../../../arm-none-eabi/lib/armv6-m\libm.a(lib_a-s_floor.o)
                              arduino_PWM_motor.o (floor)
c:/programdata/matlab/supportpackages/r2023b/aide/tools/arm-none-eabi-gcc/4.8.3-2014q1/bin/../lib/gcc/arm-none-eabi/4.8.3/../../../../arm-none-eabi/lib/armv6-m\libm.a(lib_a-w_fmod.o)
                              xcp_ext_common.o (fmod)
c:/programdata/matlab/supportpackages/r2023b/aide/tools/arm-none-eabi-gcc/4.8.3-2014q1/bin/../lib/gcc/arm-none-eabi/4.8.3/../../../../arm-none-eabi/lib/armv6-m\libm.a(lib_a-e_fmod.o)
                              c:/programdata/matlab/supportpackages/r2023b/aide/tools/arm-none-eabi-gcc/4.8.3-2014q1/bin/../lib/gcc/arm-none-eabi/4.8.3/../../../../arm-none-eabi/lib/armv6-m\libm.a(lib_a-w_fmod.o) (__ieee754_fmod)
c:/programdata/matlab/supportpackages/r2023b/aide/tools/arm-none-eabi-gcc/4.8.3-2014q1/bin/../lib/gcc/arm-none-eabi/4.8.3/../../../../arm-none-eabi/lib/armv6-m\libm.a(lib_a-s_fpclassify.o)
                              c:/programdata/matlab/supportpackages/r2023b/aide/tools/arm-none-eabi-gcc/4.8.3-2014q1/bin/../lib/gcc/arm-none-eabi/4.8.3/../../../../arm-none-eabi/lib/armv6-m\libm.a(lib_a-w_fmod.o) (__fpclassifyd)
c:/programdata/matlab/supportpackages/r2023b/aide/tools/arm-none-eabi-gcc/4.8.3-2014q1/bin/../lib/gcc/arm-none-eabi/4.8.3/../../../../arm-none-eabi/lib/armv6-m\libm.a(lib_a-s_lib_ver.o)
                              c:/programdata/matlab/supportpackages/r2023b/aide/tools/arm-none-eabi-gcc/4.8.3-2014q1/bin/../lib/gcc/arm-none-eabi/4.8.3/../../../../arm-none-eabi/lib/armv6-m\libm.a(lib_a-w_fmod.o) (__fdlib_version)
c:/programdata/matlab/supportpackages/r2023b/aide/tools/arm-none-eabi-gcc/4.8.3-2014q1/bin/../lib/gcc/arm-none-eabi/4.8.3/../../../../arm-none-eabi/lib/armv6-m\libm.a(lib_a-s_matherr.o)
                              c:/programdata/matlab/supportpackages/r2023b/aide/tools/arm-none-eabi-gcc/4.8.3-2014q1/bin/../lib/gcc/arm-none-eabi/4.8.3/../../../../arm-none-eabi/lib/armv6-m\libm.a(lib_a-w_fmod.o) (matherr)
C:/Users/yoany-pc/DOCUME~1/MATLAB/R2023b/ArduinoStaticLibrary/ArduinoNano33IoT/FasterRuns\libcore.a(cortex_handlers.o)
                              (Reset_Handler)
C:/Users/yoany-pc/DOCUME~1/MATLAB/R2023b/ArduinoStaticLibrary/ArduinoNano33IoT/FasterRuns\libcore.a(hooks.o)
                              C:/Users/yoany-pc/DOCUME~1/MATLAB/R2023b/ArduinoStaticLibrary/ArduinoNano33IoT/FasterRuns\libcore.a(cortex_handlers.o) (sysTickHook)
C:/Users/yoany-pc/DOCUME~1/MATLAB/R2023b/ArduinoStaticLibrary/ArduinoNano33IoT/FasterRuns\libcore.a(delay.o)
                              io_wrappers.o (millis)
C:/Users/yoany-pc/DOCUME~1/MATLAB/R2023b/ArduinoStaticLibrary/ArduinoNano33IoT/FasterRuns\libcore.a(startup.o)
                              C:/Users/yoany-pc/DOCUME~1/MATLAB/R2023b/ArduinoStaticLibrary/ArduinoNano33IoT/FasterRuns\libcore.a(cortex_handlers.o) (SystemInit)
C:/Users/yoany-pc/DOCUME~1/MATLAB/R2023b/ArduinoStaticLibrary/ArduinoNano33IoT/FasterRuns\libcore.a(wiring.o)
                              ert_main.o (init)
C:/Users/yoany-pc/DOCUME~1/MATLAB/R2023b/ArduinoStaticLibrary/ArduinoNano33IoT/FasterRuns\libcore.a(wiring_analog.o)
                              C:/Users/yoany-pc/DOCUME~1/MATLAB/R2023b/ArduinoStaticLibrary/ArduinoNano33IoT/FasterRuns\libcore.a(wiring.o) (analogReference)
C:/Users/yoany-pc/DOCUME~1/MATLAB/R2023b/ArduinoStaticLibrary/ArduinoNano33IoT/FasterRuns\libcore.a(wiring_digital.o)
                              MW_PWM.o (pinMode)
C:/Users/yoany-pc/DOCUME~1/MATLAB/R2023b/ArduinoStaticLibrary/ArduinoNano33IoT/FasterRuns\libcore.a(wiring_private.o)
                              MW_PWMDriver.o (pinPeripheral)
C:/Users/yoany-pc/DOCUME~1/MATLAB/R2023b/ArduinoStaticLibrary/ArduinoNano33IoT/FasterRuns\libcore.a(Reset.o)
                              C:/Users/yoany-pc/DOCUME~1/MATLAB/R2023b/ArduinoStaticLibrary/ArduinoNano33IoT/FasterRuns\libcore.a(delay.o) (tickReset)
C:/Users/yoany-pc/DOCUME~1/MATLAB/R2023b/ArduinoStaticLibrary/ArduinoNano33IoT/FasterRuns\libcore.a(Uart.o)
                              io_wrappers.o (Uart::begin(unsigned long, unsigned short))
C:/Users/yoany-pc/DOCUME~1/MATLAB/R2023b/ArduinoStaticLibrary/ArduinoNano33IoT/FasterRuns\libcore.a(CDC.o)
                              rtiostream_serial_daemon.o (Serial_::available())
C:/Users/yoany-pc/DOCUME~1/MATLAB/R2023b/ArduinoStaticLibrary/ArduinoNano33IoT/FasterRuns\libcore.a(PluggableUSB.o)
[...]
Memory Configuration

Name             Origin             Length             Attributes
FLASH            0x00002000         0x0003e000         xr
RAM              0x20000000         0x00008000         xrw
*default*        0x00000000         0xffffffff

Linker script and memory map

LOAD c:/programdata/matlab/supportpackages/r2023b/aide/tools/arm-none-eabi-gcc/4.8.3-2014q1/bin/../lib/gcc/arm-none-eabi/4.8.3/armv6-m/crti.o
LOAD c:/programdata/matlab/supportpackages/r2023b/aide/tools/arm-none-eabi-gcc/4.8.3-2014q1/bin/../lib/gcc/arm-none-eabi/4.8.3/armv6-m/crtbegin.o
LOAD c:/programdata/matlab/supportpackages/r2023b/aide/tools/arm-none-eabi-gcc/4.8.3-2014q1/bin/../lib/gcc/arm-none-eabi/4.8.3/../../../../arm-none-eabi/lib/armv6-m/crt0.o
START GROUP
LOAD C:/ProgramData/MATLAB/SupportPackages/R2023b/aIDE/portable/packages/arduino/tools/CMSIS/4.5.0/CMSIS/Lib/GCC\libarm_cortexM0l_math.a
LOAD MW_PWM.o
LOAD MW_PWMDriver.o
LOAD ArduinoPinHandleMap.o
LOAD MW_arduino_digitalio.o
LOAD xcp_ext_mode.o
LOAD arduino_PWM_motor.o
LOAD arduino_PWM_motor_data.o
LOAD xcp_ext_common.o
LOAD xcp_ext_classic_trigger.o
LOAD xcp.o
LOAD xcp_standard.o
LOAD xcp_daq.o
LOAD xcp_calibration.o
LOAD xcp_fifo.o
LOAD xcp_transport.o
LOAD xcp_mem_default.o
LOAD xcp_drv_rtiostream.o
LOAD xcp_utils.o
LOAD xcp_frame_serial.o
LOAD xcp_ext_param_default_serial.o
LOAD MW_ArduinoHWInit.o
LOAD io_wrappers.o
LOAD mw_samd_nvic.o
LOAD arduinoARM_M0plusScheduler.o
LOAD m0m1m0plus_multitasking.o
LOAD platform_timer.o
LOAD rtiostream_serial_daemon.o
LOAD sys_arch.o
LOAD ert_main.o
LOAD C:\Users\yoany-pc\DOCUME~1\MATLAB\R2023b\ArduinoStaticLibrary\ArduinoNano33IoT\FasterRuns\MW_RebuildSrc_Core.o
END GROUP
LOAD c:/programdata/matlab/supportpackages/r2023b/aide/tools/arm-none-eabi-gcc/4.8.3-2014q1/bin/../lib/gcc/arm-none-eabi/4.8.3/../../../../arm-none-eabi/lib/armv6-m\libm.a
LOAD C:/Users/yoany-pc/DOCUME~1/MATLAB/R2023b/ArduinoStaticLibrary/ArduinoNano33IoT/FasterRuns\libcore.a
START GROUP
LOAD c:/programdata/matlab/supportpackages/r2023b/aide/tools/arm-none-eabi-gcc/4.8.3-2014q1/bin/../lib/gcc/arm-none-eabi/4.8.3/armv6-m\libgcc.a
LOAD c:/programdata/matlab/supportpackages/r2023b/aide/tools/arm-none-eabi-gcc/4.8.3-2014q1/bin/../lib/gcc/arm-none-eabi/4.8.3/../../../../arm-none-eabi/lib/armv6-m\libg_s.a
LOAD c:/programdata/matlab/supportpackages/r2023b/aide/tools/arm-none-eabi-gcc/4.8.3-2014q1/bin/../lib/gcc/arm-none-eabi/4.8.3/../../../../arm-none-eabi/lib/armv6-m\libc_s.a
END GROUP
START GROUP
LOAD c:/programdata/matlab/supportpackages/r2023b/aide/tools/arm-none-eabi-gcc/4.8.3-2014q1/bin/../lib/gcc/arm-none-eabi/4.8.3/armv6-m\libgcc.a
LOAD c:/programdata/matlab/supportpackages/r2023b/aide/tools/arm-none-eabi-gcc/4.8.3-2014q1/bin/../lib/gcc/arm-none-eabi/4.8.3/../../../../arm-none-eabi/lib/armv6-m\libc_s.a
LOAD c:/programdata/matlab/supportpackages/r2023b/aide/tools/arm-none-eabi-gcc/4.8.3-2014q1/bin/../lib/gcc/arm-none-eabi/4.8.3/../../../../arm-none-eabi/lib/armv6-m\libnosys.a
END GROUP
START GROUP
LOAD c:/programdata/matlab/supportpackages/r2023b/aide/tools/arm-none-eabi-gcc/4.8.3-2014q1/bin/../lib/gcc/arm-none-eabi/4.8.3/armv6-m\libgcc.a
LOAD c:/programdata/matlab/supportpackages/r2023b/aide/tools/arm-none-eabi-gcc/4.8.3-2014q1/bin/../lib/gcc/arm-none-eabi/4.8.3/../../../../arm-none-eabi/lib/armv6-m\libc_s.a
LOAD c:/programdata/matlab/supportpackages/r2023b/aide/tools/arm-none-eabi-gcc/4.8.3-2014q1/bin/../lib/gcc/arm-none-eabi/4.8.3/../../../../arm-none-eabi/lib/armv6-m\libnosys.a
END GROUP
LOAD c:/programdata/matlab/supportpackages/r2023b/aide/tools/arm-none-eabi-gcc/4.8.3-2014q1/bin/../lib/gcc/arm-none-eabi/4.8.3/armv6-m/crtend.o
LOAD c:/programdata/matlab/supportpackages/r2023b/aide/tools/arm-none-eabi-gcc/4.8.3-2014q1/bin/../lib/gcc/arm-none-eabi/4.8.3/armv6-m/crtn.o

.text           0x00002000     0x8698
                0x00002000                __text_start__ = .
 *(.sketch_boot)
                0x00002000                . = ALIGN (0x2000)
 *(.isr_vector)
 .isr_vector    0x00002000       0xb4 C:/Users/yoany-pc/DOCUME~1/MATLAB/R2023b/ArduinoStaticLibrary/ArduinoNano33IoT/FasterRuns\libcore.a(cortex_handlers.o)
                0x00002000                exception_table
 *(.text*)
 .text          0x000020b4       0x60 c:/programdata/matlab/supportpackages/r2023b/aide/tools/arm-none-eabi-gcc/4.8.3-2014q1/bin/../lib/gcc/arm-none-eabi/4.8.3/armv6-m/crtbegin.o
 *fill*         0x00002114        0x4 
 .text.MW_PWM_SetDutyCycle
                0x00002118       0x58 MW_PWM.o
                0x00002118                MW_PWM_SetDutyCycle
 .text.MW_PWM_GetHandle
                0x00002170       0x24 MW_PWM.o
                0x00002170                MW_PWM_GetHandle
 .text.setPWMHandle
                0x00002194       0x2c MW_PWM.o
                0x00002194                setPWMHandle
 .text.MW_PWM_Open
                0x000021c0       0x58 MW_PWM.o
                0x000021c0                MW_PWM_Open
 .text.MW_PWM_Close
                0x00002218       0x16 MW_PWM.o
                0x00002218                MW_PWM_Close
 *fill*         0x0000222e        0x2 
 .text.MW_analogWrite
                0x00002230       0xb8 MW_PWMDriver.o
                0x00002230                MW_analogWrite
 .text.MW_setAnalogFrequency
                0x000022e8      0x144 MW_PWMDriver.o
                0x000022e8                MW_setAnalogFrequency
 .text.digitalIOSetup
                0x0000242c       0x12 MW_arduino_digitalio.o
                0x0000242c                digitalIOSetup
 .text.writeDigitalPin
                0x0000243e        0xe MW_arduino_digitalio.o
                0x0000243e                writeDigitalPin
 .text.extmodeParseArgs
                0x0000244c        0x4 xcp_ext_mode.o
                0x0000244c                extmodeParseArgs
 .text.extmodeInit
                0x00002450       0xa8 xcp_ext_mode.o
                0x00002450                extmodeInit
 .text.extmodeWaitForHostRequest
                0x000024f8       0x88 xcp_ext_mode.o
                0x000024f8                extmodeWaitForHostRequest
 .text.extmodeEvent
                0x00002580       0x90 xcp_ext_mode.o
                0x00002580                extmodeEvent
 .text.extmodeBackgroundRun
                0x00002610        0xa xcp_ext_mode.o
                0x00002610                extmodeBackgroundRun
 *fill*         0x0000261a        0x2 
 .text.extmodeReset
                0x0000261c       0x28 xcp_ext_mode.o
                0x0000261c                extmodeReset
 .text.extmodeStopRequested
                0x00002644        0xc xcp_ext_mode.o
                0x00002644                extmodeStopRequested
 .text.extmodeSimulationComplete
                0x00002650        0xc xcp_ext_mode.o
                0x00002650                extmodeSimulationComplete
 *fill*         0x0000265c        0x4 
 .text.rt_roundd_snf
                0x00002660       0x90 arduino_PWM_motor.o
                0x00002660                rt_roundd_snf
 .text.arduino_PWM_motor_step
                0x000026f0      0x148 arduino_PWM_motor.o
                0x000026f0                arduino_PWM_motor_step
 .text.arduino_PWM_motor_initialize
                0x00002838       0xe8 arduino_PWM_motor.o
                0x00002838                arduino_PWM_motor_initialize
 .text.arduino_PWM_motor_terminate
                0x00002920       0x68 arduino_PWM_motor.o
                0x00002920                arduino_PWM_motor_terminate
 .text.xcpExtModeUpdateTime
                0x00002988       0xf0 xcp_ext_common.o
                0x00002988                xcpExtModeUpdateTime
 .text.xcpExtModeGetUpdatedTimestamp
                0x00002a78       0x48 xcp_ext_common.o
                0x00002a78                xcpExtModeGetUpdatedTimestamp
 .text.xcpExtModeInit
                0x00002ac0       0x50 xcp_ext_common.o
                0x00002ac0                xcpExtModeInit
 .text.xcpExtModeRunBackground
                0x00002b10       0x74 xcp_ext_common.o
                0x00002b10                xcpExtModeRunBackground
 *fill*         0x00002b84        0x4 
 .text.xcpExtModeReset
                0x00002b88       0xb8 xcp_ext_common.o
                0x00002b88                xcpExtModeReset
 .text.xcpExtModeClassicTriggerInit
                0x00002c40       0x58 xcp_ext_classic_trigger.o
                0x00002c40                xcpExtModeClassicTriggerInit
 .text.xcpExtModeClassicTriggerEnabled
                0x00002c98      0x34c xcp_ext_classic_trigger.o
                0x00002c98                xcpExtModeClassicTriggerEnabled
 *fill*         0x00002fe4        0x4 
 .text.xcpExtModeClassicTriggerReset
                0x00002fe8       0xc8 xcp_ext_classic_trigger.o
                0x00002fe8                xcpExtModeClassicTriggerReset
 .text.xcpExtModeClassicTriggerForceEnableStatusUpdate
                0x000030b0       0x50 xcp_ext_classic_trigger.o
                0x000030b0                xcpExtModeClassicTriggerForceEnableStatusUpdate
 .text.unknownInputPacketHandler
                0x00003100        0xa xcp.o
 .text.discardInputPacketHandler
                0x0000310a       0x12 xcp.o
 .text.genericOutputPacketHandler
                0x0000311c       0x68 xcp.o
                0x0000311c                genericOutputPacketHandler
 .text.xcpStatusSet
                0x00003184        0xc xcp.o
                0x00003184                xcpStatusSet
 .text.xcpSessionStatusGet
                0x00003190        0xc xcp.o
                0x00003190                xcpSessionStatusGet
 .text.xcpSessionStatusSetMask
                0x0000319c       0x10 xcp.o
                0x0000319c                xcpSessionStatusSetMask
 .text.xcpSessionStatusClearMask
                0x000031ac       0x10 xcp.o
                0x000031ac                xcpSessionStatusClearMask
 .text.xcpResourceProtectionStatusGet
                0x000031bc        0xc xcp.o
                0x000031bc                xcpResourceProtectionStatusGet
 .text.xcpSessionConfigurationIdGet
                0x000031c8        0xc xcp.o
                0x000031c8                xcpSessionConfigurationIdGet
 .text.xcpFindPacket
                0x000031d4       0x2a xcp.o
                0x000031d4                xcpFindPacket
 *fill*         0x000031fe        0x2 
 .text.xcpInit  0x00003200       0x40 xcp.o
                0x00003200                xcpInit
 .text.xcpRun   0x00003240      0x1a0 xcp.o
                0x00003240                xcpRun
 .text.xcpEventExternalTimestamp
                0x000033e0       0x1c xcp.o
                0x000033e0                xcpEventExternalTimestamp
 .text.xcpGetStatus
                0x000033fc        0xc xcp.o
                0x000033fc                xcpGetStatus
 .text.xcpReset
                0x00003408       0x28 xcp.o
                0x00003408                xcpReset
 .text.xcpPackedModeEventsFlush
                0x00003430        0x8 xcp.o
                0x00003430                xcpPackedModeEventsFlush
 .text.xcpPackedModeEventReset
                0x00003438        0xc xcp.o
                0x00003438                xcpPackedModeEventReset
 .text.getStatusInputPacketHandler
                0x00003444        0x8 xcp_standard.o
 .text.getPacket
                0x0000344c       0x10 xcp_standard.o
 .text.uploadInputPacketHandler
                0x0000345c       0x40 xcp_standard.o
 .text.synchInputPacketHandler
                0x0000349c       0x1e xcp_standard.o
 .text.getStatusOutputPacketHandler
                0x000034ba       0x2a xcp_standard.o
 .text.disconnectInputPacketHandler
                0x000034e4       0x24 xcp_standard.o
 .text.connectInputPacketHandler
                0x00003508       0x34 xcp_standard.o
 .text.connectOutputPacketHandler
                0x0000353c       0x3e xcp_standard.o
 *fill*         0x0000357a        0x2 
 .text.xcpStandardInit
                0x0000357c       0x10 xcp_standard.o
                0x0000357c                xcpStandardInit
 .text.xcpStandardGetPacketLookup
                0x0000358c        0xc xcp_standard.o
                0x0000358c                xcpStandardGetPacketLookup
 .text.xcpStandardReset
                0x00003598        0xc xcp_standard.o
                0x00003598                xcpStandardReset
 .text.xcpStandardGetAddressFromMta
                0x000035a4        0xc xcp_standard.o
                0x000035a4                xcpStandardGetAddressFromMta
 .text.xcpStandardSetMta
                0x000035b0       0x1c xcp_standard.o
                0x000035b0                xcpStandardSetMta
 .text.shortUploadInputPacketHandler
                0x000035cc       0x54 xcp_standard.o
 .text.setMTAInputPacketHandler
                0x00003620       0x36 xcp_standard.o
 *fill*         0x00003656        0x2 
 .text.xcpStandardIncrementMta
                0x00003658       0x10 xcp_standard.o
                0x00003658                xcpStandardIncrementMta
 .text.shortUploadOutputPacketHandler
                0x00003668       0x40 xcp_standard.o
 .text.uploadOutputPacketHandler
                0x000036a8       0x40 xcp_standard.o
 .text.isActiveDaqList
                0x000036e8       0x20 xcp_daq.o
 .text.noActiveDaqLists
                0x00003708       0x2c xcp_daq.o
 .text.isValidDaqPtr
                0x00003734       0x44 xcp_daq.o
 .text.isDaqPackedModeEnabled
                0x00003778       0x30 xcp_daq.o
 .text.odtPacketSize
                0x000037a8       0x22 xcp_daq.o
 *fill*         0x000037ca        0x2 
 .text.setDaqPtrInputPacketHandler
                0x000037cc       0x50 xcp_daq.o
 .text.writeDaqInputPacketHandler
                0x0000381c       0x98 xcp_daq.o
 .text.setDaqListModeInputPacketHandler
                0x000038b4       0x88 xcp_daq.o
 .text.getDaqProcessorInfoInputPacketHandler
                0x0000393c        0x8 xcp_daq.o
 .text.getDaqResolutionInfoInputPacketHandler
                0x00003944        0x8 xcp_daq.o
 .text.level1CommandInputPacketHandler
                0x0000394c       0x98 xcp_daq.o
 .text.getDaqResolutionInfoOutputPacketHandler
                0x000039e4       0x28 xcp_daq.o
 .text.getDaqProcessorInfoOutputPacketHandler
                0x00003a0c       0x2a xcp_daq.o
 *fill*         0x00003a36        0x2 
 .text.getPacket
                0x00003a38       0x10 xcp_daq.o
 .text.allocOdtEntryInputPacketHandler
                0x00003a48       0xa0 xcp_daq.o
 .text.allocOdtInputPacketHandler
                0x00003ae8       0x8c xcp_daq.o
 .text.allocDaqInputPacketHandler
                0x00003b74       0x8c xcp_daq.o
 .text.createDaqReservedPool
                0x00003c00       0x42 xcp_daq.o
 *fill*         0x00003c42        0x2 
 .text.startStopDaqListOutputPacketHandler
                0x00003c44       0x2c xcp_daq.o
 .text.xcpDaqWriteLock.isra.2
                0x00003c70       0x28 xcp_daq.o
 .text.xcpDaqWriteUnlock.isra.3
                0x00003c98       0x10 xcp_daq.o
 .text.startStopDaqListInputPacketHandler
                0x00003ca8      0x1d8 xcp_daq.o
 .text.startStopSynchInputPacketHandler
                0x00003e80      0x13c xcp_daq.o
 .text.xcpDaqInit
                0x00003fbc       0x2c xcp_daq.o
                0x00003fbc                xcpDaqInit
 .text.xcpDaqGetPacketLookup
                0x00003fe8        0xc xcp_daq.o
                0x00003fe8                xcpDaqGetPacketLookup
 .text.xcpDaqEvent
                0x00003ff4      0x29c xcp_daq.o
                0x00003ff4                xcpDaqEvent
 .text.xcpDaqEventsFlush
                0x00004290       0xe0 xcp_daq.o
                0x00004290                xcpDaqEventsFlush
 .text.xcpDaqLock
                0x00004370        0x8 xcp_daq.o
                0x00004370                xcpDaqLock
 .text.xcpDaqUnlock
                0x00004378        0x8 xcp_daq.o
                0x00004378                xcpDaqUnlock
 .text.xcpResetDaqListStatus
                0x00004380       0xb0 xcp_daq.o
                0x00004380                xcpResetDaqListStatus
 .text.freeDaqInputPacketHandler
                0x00004430       0x24 xcp_daq.o
 .text.xcpDaqReset
                0x00004454       0x1c xcp_daq.o
                0x00004454                xcpDaqReset
 .text.getPacket
                0x00004470       0x10 xcp_calibration.o
 .text.shortDownloadInputPacketHandler
                0x00004480       0x60 xcp_calibration.o
 .text.downloadInputPacketHandler
                0x000044e0       0x4e xcp_calibration.o
 *fill*         0x0000452e        0x2 
 .text.xcpCalibrationInit
                0x00004530       0x10 xcp_calibration.o
                0x00004530                xcpCalibrationInit
 .text.xcpCalibrationGetPacketLookup
                0x00004540        0xc xcp_calibration.o
                0x00004540                xcpCalibrationGetPacketLookup
 .text.xcpCalibrationReset
                0x0000454c        0x2 xcp_calibration.o
                0x0000454c                xcpCalibrationReset
 .text.xcpFifoInit
                0x0000454e        0x8 xcp_fifo.o
                0x0000454e                xcpFifoInit
 .text.xcpFifoEnqueue
                0x00004556        0xc xcp_fifo.o
                0x00004556                xcpFifoEnqueue
 .text.xcpFifoDequeue
                0x00004562       0x16 xcp_fifo.o
                0x00004562                xcpFifoDequeue
 .text.xcpFifoEnqueueHead
                0x00004578        0xe xcp_fifo.o
                0x00004578                xcpFifoEnqueueHead
 .text.xcpFifoReset
                0x00004586        0x8 xcp_fifo.o
                0x00004586                xcpFifoReset
 *fill*         0x0000458e        0x2 
 .text.xcpTransportEmptyTxFifo
                0x00004590       0x44 xcp_transport.o
 .text.xcpTransportEmptyRxFifo
                0x000045d4       0x38 xcp_transport.o
 .text.xcpTransportTxReady
                0x0000460c        0x4 xcp_transport.o
                0x0000460c                xcpTransportTxReady
 .text.xcpTransportTxTrigger
                0x00004610        0x4 xcp_transport.o
                0x00004610                xcpTransportTxTrigger
 .text.xcpTransportTx
                0x00004614       0x8c xcp_transport.o
                0x00004614                xcpTransportTx
 .text.xcpTransportRx
                0x000046a0       0x50 xcp_transport.o
                0x000046a0                xcpTransportRx
 .text.xcpTransportPacketOffset
                0x000046f0        0xa xcp_transport.o
                0x000046f0                xcpTransportPacketOffset
 *fill*         0x000046fa        0x2 
 .text.xcpTransportTxPacketSet
                0x000046fc       0x80 xcp_transport.o
                0x000046fc                xcpTransportTxPacketSet
 .text.xcpTransportRxPacketGet
                0x0000477c       0x84 xcp_transport.o
                0x0000477c                xcpTransportRxPacketGet
 .text.xcpTransportMsgBufferSize
                0x00004800       0x2a xcp_transport.o
                0x00004800                xcpTransportMsgBufferSize
 *fill*         0x0000482a        0x2 
 .text.xcpTransportInit
                0x0000482c       0x84 xcp_transport.o
                0x0000482c                xcpTransportInit
 .text.xcpTransportMaxDtoSize
                0x000048b0        0x8 xcp_transport.o
                0x000048b0                xcpTransportMaxDtoSize
 .text.xcpTransportMaxCtoSize
                0x000048b8        0x8 xcp_transport.o
                0x000048b8                xcpTransportMaxCtoSize
 .text.xcpTransportRestart
                0x000048c0       0x16 xcp_transport.o
                0x000048c0                xcpTransportRestart
 .text.xcpTransportResynch
                0x000048d6       0x12 xcp_transport.o
                0x000048d6                xcpTransportResynch
 .text.xcpTransportCtoReservedMemPoolId
                0x000048e8        0xc xcp_transport.o
                0x000048e8                xcpTransportCtoReservedMemPoolId
 .text.xcpTransportReset
                0x000048f4       0x58 xcp_transport.o
                0x000048f4                xcpTransportReset
 .text.xcpInitializePoolMemoryArea
                0x0000494c       0x34 xcp_mem_default.o
 .text.xcpMemInit
                0x00004980       0x48 xcp_mem_default.o
                0x00004980                xcpMemInit
 .text.xcpMemAlloc
                0x000049c8        0x4 xcp_mem_default.o
                0x000049c8                xcpMemAlloc
 .text.xcpMemFree
                0x000049cc       0x48 xcp_mem_default.o
                0x000049cc                xcpMemFree
 .text.xcpMemReservedPoolCreate
                0x00004a14       0xb8 xcp_mem_default.o
                0x00004a14                xcpMemReservedPoolCreate
 .text.xcpMemReservedPoolDestroy
                0x00004acc       0x44 xcp_mem_default.o
                0x00004acc                xcpMemReservedPoolDestroy
 .text.xcpMemCustomPoolCreate
                0x00004b10       0x54 xcp_mem_default.o
                0x00004b10                xcpMemCustomPoolCreate
 .text.xcpMemCustomPoolDestroy
                0x00004b64       0x2c xcp_mem_default.o
                0x00004b64                xcpMemCustomPoolDestroy
 .text.xcpMemAllocFromPool
                0x00004b90       0x68 xcp_mem_default.o
                0x00004b90                xcpMemAllocFromPool
 .text.xcpMemReset
                0x00004bf8       0x48 xcp_mem_default.o
                0x00004bf8                xcpMemReset
 .text.xcpDrvOpen
                0x00004c40       0x24 xcp_drv_rtiostream.o
                0x00004c40                xcpDrvOpen
 .text.xcpDrvIoctl
                0x00004c64       0x18 xcp_drv_rtiostream.o
                0x00004c64                xcpDrvIoctl
 .text.xcpDrvSend
                0x00004c7c       0x94 xcp_drv_rtiostream.o
                0x00004c7c                xcpDrvSend
 .text.xcpDrvRecv
                0x00004d10       0x94 xcp_drv_rtiostream.o
                0x00004d10                xcpDrvRecv
 .text.xcpDrvClose
                0x00004da4       0x28 xcp_drv_rtiostream.o
                0x00004da4                xcpDrvClose
 .text.xcpSxiChecksum
                0x00004dcc       0x20 xcp_frame_serial.o
                0x00004dcc                xcpSxiChecksum
 .text.xcpFrameInit
                0x00004dec       0x3c xcp_frame_serial.o
                0x00004dec                xcpFrameInit
 .text.xcpFrameMsgSend
                0x00004e28       0xa4 xcp_frame_serial.o
                0x00004e28                xcpFrameMsgSend
 .text.xcpFrameMsgRecv
                0x00004ecc       0xbc xcp_frame_serial.o
                0x00004ecc                xcpFrameMsgRecv
 .text.xcpFrameCreateMsg
                0x00004f88       0x28 xcp_frame_serial.o
                0x00004f88                xcpFrameCreateMsg
 .text.xcpFrameExtractPacket
                0x00004fb0       0xa8 xcp_frame_serial.o
                0x00004fb0                xcpFrameExtractPacket
 .text.xcpFrameHeaderSize
                0x00005058        0x4 xcp_frame_serial.o
                0x00005058                xcpFrameHeaderSize
 .text.xcpFrameTailSize
                0x0000505c        0x4 xcp_frame_serial.o
                0x0000505c                xcpFrameTailSize
 .text.xcpFrameMaxDtoSize
                0x00005060        0x8 xcp_frame_serial.o
                0x00005060                xcpFrameMaxDtoSize
 .text.xcpFrameMaxCtoSize
                0x00005068        0x4 xcp_frame_serial.o
                0x00005068                xcpFrameMaxCtoSize
 .text.xcpFrameRestart
                0x0000506c       0x1c xcp_frame_serial.o
                0x0000506c                xcpFrameRestart
 .text.xcpFrameSetCtoReservedMemPoolId
                0x00005088        0xc xcp_frame_serial.o
                0x00005088                xcpFrameSetCtoReservedMemPoolId
 .text.xcpFrameReset
                0x00005094       0x38 xcp_frame_serial.o
                0x00005094                xcpFrameReset
 .text.xcpTransportGetInitParameters
                0x000050cc       0x10 xcp_ext_param_default_serial.o
                0x000050cc                xcpTransportGetInitParameters
 .text.xcpGetInitParameters
                0x000050dc       0x10 xcp_ext_param_default_serial.o
                0x000050dc                xcpGetInitParameters
 .text.MW_Arduino_Init
                0x000050ec       0x14 MW_ArduinoHWInit.o
                0x000050ec                MW_Arduino_Init
 .text.MW_Arduino_Terminate
                0x00005100        0x8 MW_ArduinoHWInit.o
                0x00005100                MW_Arduino_Terminate
 .text.MW_usbattach
                0x00005108       0x1c io_wrappers.o
                0x00005108                MW_usbattach
 .text.Serial_begin
                0x00005124       0x48 io_wrappers.o
                0x00005124                Serial_begin
 .text._ZL13Scheduler_Isrv
                0x0000516c        0xc arduinoARM_M0plusScheduler.o
 .text.resetExternalChip
                0x00005178        0x2 arduinoARM_M0plusScheduler.o
                0x00005178                resetExternalChip
 *fill*         0x0000517a        0x2 
 .text.RTC_Handler
                0x0000517c       0x20 arduinoARM_M0plusScheduler.o
                0x0000517c                RTC_Handler
 .text.Setup_SchedulerRTC
                0x0000519c       0xac arduinoARM_M0plusScheduler.o
                0x0000519c                Setup_SchedulerRTC
 .text.configureArduinoARM_M0plusTimer
                0x00005248       0x14 arduinoARM_M0plusScheduler.o
                0x00005248                configureArduinoARM_M0plusTimer
 .text.disable_rt_OneStep
                0x0000525c       0x14 arduinoARM_M0plusScheduler.o
                0x0000525c                disable_rt_OneStep
 .text.MW_Arduino_Loop
                0x00005270        0x4 arduinoARM_M0plusScheduler.o
                0x00005270                MW_Arduino_Loop
 .text.arm_cortex_m_call_thread_with_context_switch
                0x00005274       0x24 m0m1m0plus_multitasking.o
                0x00005274                arm_cortex_m_call_thread_with_context_switch
 .text.SVC_Handler
                0x00005298       0x2c m0m1m0plus_multitasking.o
                0x00005298                SVC_Handler
 .text.rtIOStreamOpen
                0x000052c4       0x2c rtiostream_serial_daemon.o
                0x000052c4                rtIOStreamOpen
 .text.rtIOStreamRecv
                0x000052f0       0x64 rtiostream_serial_daemon.o
                0x000052f0                rtIOStreamRecv
 .text.rtIOStreamClose
                0x00005354       0x24 rtiostream_serial_daemon.o
                0x00005354                rtIOStreamClose
 .text.rtIOStreamSend
                0x00005378       0x18 rtiostream_serial_daemon.o
                0x00005378                rtIOStreamSend
 .text.sys_arch_protect
                0x00005390        0x8 sys_arch.o
                0x00005390                sys_arch_protect
 .text.sys_arch_unprotect
                0x00005398        0x6 sys_arch.o
                0x00005398                sys_arch_unprotect
 *fill*         0x0000539e        0x2 
 .text.rt_OneStep
                0x000053a0       0x48 ert_main.o
                0x000053a0                rt_OneStep
 .text.startup.main
                0x000053e8       0xf0 ert_main.o
                0x000053e8                main
 .text.ceil     0x000054d8      0x168 c:/programdata/matlab/supportpackages/r2023b/aide/tools/arm-none-eabi-gcc/4.8.3-2014q1/bin/../lib/gcc/arm-none-eabi/4.8.3/../../../../arm-none-eabi/lib/armv6-m\libm.a(lib_a-s_ceil.o)
                0x000054d8                ceil
 .text.floor    0x00005640      0x170 c:/programdata/matlab/supportpackages/r2023b/aide/tools/arm-none-eabi-gcc/4.8.3-2014q1/bin/../lib/gcc/arm-none-eabi/4.8.3/../../../../arm-none-eabi/lib/armv6-m\libm.a(lib_a-s_floor.o)
                0x00005640                floor
 .text.fmod     0x000057b0       0xd0 c:/programdata/matlab/supportpackages/r2023b/aide/tools/arm-none-eabi-gcc/4.8.3-2014q1/bin/../lib/gcc/arm-none-eabi/4.8.3/../../../../arm-none-eabi/lib/armv6-m\libm.a(lib_a-w_fmod.o)
                0x000057b0                fmod
 .text.__ieee754_fmod
                0x00005880      0x29c c:/programdata/matlab/supportpackages/r2023b/aide/tools/arm-none-eabi-gcc/4.8.3-2014q1/bin/../lib/gcc/arm-none-eabi/4.8.3/../../../../arm-none-eabi/lib/armv6-m\libm.a(lib_a-e_fmod.o)
                0x00005880                __ieee754_fmod
 .text.__fpclassifyd
                0x00005b1c       0x60 c:/programdata/matlab/supportpackages/r2023b/aide/tools/arm-none-eabi-gcc/4.8.3-2014q1/bin/../lib/gcc/arm-none-eabi/4.8.3/../../../../arm-none-eabi/lib/armv6-m\libm.a(lib_a-s_fpclassify.o)
                0x00005b1c                __fpclassifyd
 .text.matherr  0x00005b7c        0x4 c:/programdata/matlab/supportpackages/r2023b/aide/tools/arm-none-eabi-gcc/4.8.3-2014q1/bin/../lib/gcc/arm-none-eabi/4.8.3/../../../../arm-none-eabi/lib/armv6-m\libm.a(lib_a-s_matherr.o)
                0x00005b7c                matherr
 .text.Dummy_Handler
                0x00005b80        0x2 C:/Users/yoany-pc/DOCUME~1/MATLAB/R2023b/ArduinoStaticLibrary/ArduinoNano33IoT/FasterRuns\libcore.a(cortex_handlers.o)
                0x00005b80                DMAC_Handler
                0x00005b80                HardFault_Handler
                0x00005b80                AC_Handler
                0x00005b80                PendSV_Handler
                0x00005b80                NMI_Handler
                0x00005b80                TC7_Handler
                0x00005b80                SERCOM1_Handler
                0x00005b80                ADC_Handler
                0x00005b80                TCC1_Handler
                0x00005b80                TCC0_Handler
                0x00005b80                EIC_Handler
                0x00005b80                TC6_Handler
                0x00005b80                WDT_Handler
                0x00005b80                TC4_Handler
                0x00005b80                TC3_Handler
                0x00005b80                Dummy_Handler
                0x00005b80                PM_Handler
                0x00005b80                TCC2_Handler
                0x00005b80                EVSYS_Handler
                0x00005b80                SERCOM4_Handler
                0x00005b80                I2S_Handler
                0x00005b80                NVMCTRL_Handler
                0x00005b80                SERCOM0_Handler
                0x00005b80                DAC_Handler
                0x00005b80                PTC_Handler
                0x00005b80                SYSCTRL_Handler
 *fill*         0x00005b82        0x2 
 .text.USB_Handler
                0x00005b84       0x14 C:/Users/yoany-pc/DOCUME~1/MATLAB/R2023b/ArduinoStaticLibrary/ArduinoNano33IoT/FasterRuns\libcore.a(cortex_handlers.o)
                0x00005b84                USB_Handler
 .text.Reset_Handler
                0x00005b98       0x54 C:/Users/yoany-pc/DOCUME~1/MATLAB/R2023b/ArduinoStaticLibrary/ArduinoNano33IoT/FasterRuns\libcore.a(cortex_handlers.o)
                0x00005b98                Reset_Handler
 .text.SysTick_Handler
                0x00005bec       0x10 C:/Users/yoany-pc/DOCUME~1/MATLAB/R2023b/ArduinoStaticLibrary/ArduinoNano33IoT/FasterRuns\libcore.a(cortex_handlers.o)
                0x00005bec                SysTick_Handler
 .text.USB_SetHandler
                0x00005bfc        0xc C:/Users/yoany-pc/DOCUME~1/MATLAB/R2023b/ArduinoStaticLibrary/ArduinoNano33IoT/FasterRuns\libcore.a(cortex_handlers.o)
                0x00005bfc                USB_SetHandler
 .text.__empty  0x00005c08        0x2 C:/Users/yoany-pc/DOCUME~1/MATLAB/R2023b/ArduinoStaticLibrary/ArduinoNano33IoT/FasterRuns\libcore.a(hooks.o)
                0x00005c08                yield
 .text.__false  0x00005c0a        0x4 C:/Users/yoany-pc/DOCUME~1/MATLAB/R2023b/ArduinoStaticLibrary/ArduinoNano33IoT/FasterRuns\libcore.a(hooks.o)
                0x00005c0a                sysTickHook
 *fill*         0x00005c0e        0x2 
 .text.micros   0x00005c10       0x64 C:/Users/yoany-pc/DOCUME~1/MATLAB/R2023b/ArduinoStaticLibrary/ArduinoNano33IoT/FasterRuns\libcore.a(delay.o)
                0x00005c10                micros
 .text.delay    0x00005c74       0x34 C:/Users/yoany-pc/DOCUME~1/MATLAB/R2023b/ArduinoStaticLibrary/ArduinoNano33IoT/FasterRuns\libcore.a(delay.o)
                0x00005c74                delay
 .text.SysTick_DefaultHandler
                0x00005ca8       0x14 C:/Users/yoany-pc/DOCUME~1/MATLAB/R2023b/ArduinoStaticLibrary/ArduinoNano33IoT/FasterRuns\libcore.a(delay.o)
                0x00005ca8                SysTick_DefaultHandler
 .text.SystemInit
                0x00005cbc      0x198 C:/Users/yoany-pc/DOCUME~1/MATLAB/R2023b/ArduinoStaticLibrary/ArduinoNano33IoT/FasterRuns\libcore.a(startup.o)
                0x00005cbc                SystemInit
 .text.init     0x00005e54       0xf0 C:/Users/yoany-pc/DOCUME~1/MATLAB/R2023b/ArduinoStaticLibrary/ArduinoNano33IoT/FasterRuns\libcore.a(wiring.o)
                0x00005e54                init
 .text.mapResolution
                0x00005f44       0x12 C:/Users/yoany-pc/DOCUME~1/MATLAB/R2023b/ArduinoStaticLibrary/ArduinoNano33IoT/FasterRuns\libcore.a(wiring_analog.o)
 *fill*         0x00005f56        0x2 
 .text.analogReference
                0x00005f58       0x5c C:/Users/yoany-pc/DOCUME~1/MATLAB/R2023b/ArduinoStaticLibrary/ArduinoNano33IoT/FasterRuns\libcore.a(wiring_analog.o)
                0x00005f58                analogReference
 .text.analogWrite
                0x00005fb4      0x1e4 C:/Users/yoany-pc/DOCUME~1/MATLAB/R2023b/ArduinoStaticLibrary/ArduinoNano33IoT/FasterRuns\libcore.a(wiring_analog.o)
                0x00005fb4                analogWrite
 .text.pinMode  0x00006198       0xb4 C:/Users/yoany-pc/DOCUME~1/MATLAB/R2023b/ArduinoStaticLibrary/ArduinoNano33IoT/FasterRuns\libcore.a(wiring_digital.o)
                0x00006198                pinMode
 .text.digitalWrite
                0x0000624c       0x60 C:/Users/yoany-pc/DOCUME~1/MATLAB/R2023b/ArduinoStaticLibrary/ArduinoNano33IoT/FasterRuns\libcore.a(wiring_digital.o)
                0x0000624c                digitalWrite
 .text.pinPeripheral
                0x000062ac       0xc4 C:/Users/yoany-pc/DOCUME~1/MATLAB/R2023b/ArduinoStaticLibrary/ArduinoNano33IoT/FasterRuns\libcore.a(wiring_private.o)
                0x000062ac                pinPeripheral
 .text.initiateReset
                0x00006370       0x14 C:/Users/yoany-pc/DOCUME~1/MATLAB/R2023b/ArduinoStaticLibrary/ArduinoNano33IoT/FasterRuns\libcore.a(Reset.o)
                0x00006370                initiateReset
 .text.cancelReset
                0x00006384       0x10 C:/Users/yoany-pc/DOCUME~1/MATLAB/R2023b/ArduinoStaticLibrary/ArduinoNano33IoT/FasterRuns\libcore.a(Reset.o)
                0x00006384                cancelReset
 .text.tickReset
                0x00006394       0x74 C:/Users/yoany-pc/DOCUME~1/MATLAB/R2023b/ArduinoStaticLibrary/ArduinoNano33IoT/FasterRuns\libcore.a(Reset.o)
                0x00006394                tickReset
 .text._ZN4UartcvbEv
                0x00006408        0x4 C:/Users/yoany-pc/DOCUME~1/MATLAB/R2023b/ArduinoStaticLibrary/ArduinoNano33IoT/FasterRuns\libcore.a(Uart.o)
                0x00006408                Uart::operator bool()
 .text._ZN4Uart5beginEm
                0x0000640c       0x10 C:/Users/yoany-pc/DOCUME~1/MATLAB/R2023b/ArduinoStaticLibrary/ArduinoNano33IoT/FasterRuns\libcore.a(Uart.o)
                0x0000640c                Uart::begin(unsigned long)
 .text._ZN4Uart4peekEv
                0x0000641c       0x1a C:/Users/yoany-pc/DOCUME~1/MATLAB/R2023b/ArduinoStaticLibrary/ArduinoNano33IoT/FasterRuns\libcore.a(Uart.o)
                0x0000641c                Uart::peek()
 .text._ZN4Uart3endEv
                0x00006436       0x20 C:/Users/yoany-pc/DOCUME~1/MATLAB/R2023b/ArduinoStaticLibrary/ArduinoNano33IoT/FasterRuns\libcore.a(Uart.o)
                0x00006436                Uart::end()
 *fill*         0x00006456        0x2 
 .text._ZN4UartC2EP6SERCOMhh11SercomRXPad15SercomUartTXPadhh
                0x00006458       0xa4 C:/Users/yoany-pc/DOCUME~1/MATLAB/R2023b/ArduinoStaticLibrary/ArduinoNano33IoT/FasterRuns\libcore.a(Uart.o)
                0x00006458                Uart::Uart(SERCOM*, unsigned char, unsigned char, SercomRXPad, SercomUartTXPad, unsigned char, unsigned char)
                0x00006458                Uart::Uart(SERCOM*, unsigned char, unsigned char, SercomRXPad, SercomUartTXPad, unsigned char, unsigned char)
 .text._ZN4UartC2EP6SERCOMhh11SercomRXPad15SercomUartTXPad
                0x000064fc       0x24 C:/Users/yoany-pc/DOCUME~1/MATLAB/R2023b/ArduinoStaticLibrary/ArduinoNano33IoT/FasterRuns\libcore.a(Uart.o)
                0x000064fc                Uart::Uart(SERCOM*, unsigned char, unsigned char, SercomRXPad, SercomUartTXPad)
                0x000064fc                Uart::Uart(SERCOM*, unsigned char, unsigned char, SercomRXPad, SercomUartTXPad)
 .text._ZN4Uart16extractNbStopBitEt
                0x00006520        0xe C:/Users/yoany-pc/DOCUME~1/MATLAB/R2023b/ArduinoStaticLibrary/ArduinoNano33IoT/FasterRuns\libcore.a(Uart.o)
                0x00006520                Uart::extractNbStopBit(unsigned short)
 .text._ZN4Uart15extractCharSizeEt
                0x0000652e       0x2c C:/Users/yoany-pc/DOCUME~1/MATLAB/R2023b/ArduinoStaticLibrary/ArduinoNano33IoT/FasterRuns\libcore.a(Uart.o)
                0x0000652e                Uart::extractCharSize(unsigned short)
 .text._ZN4Uart13extractParityEt
                0x0000655a       0x18 C:/Users/yoany-pc/DOCUME~1/MATLAB/R2023b/ArduinoStaticLibrary/ArduinoNano33IoT/FasterRuns\libcore.a(Uart.o)
                0x0000655a                Uart::extractParity(unsigned short)
 *fill*         0x00006572        0x2 
 .text._ZN4Uart5beginEmt
                0x00006574       0xf8 C:/Users/yoany-pc/DOCUME~1/MATLAB/R2023b/ArduinoStaticLibrary/ArduinoNano33IoT/FasterRuns\libcore.a(Uart.o)
                0x00006574                Uart::begin(unsigned long, unsigned short)
 .text._ZN11RingBufferNILi256EE9availableEv
                0x0000666c       0x12 C:/Users/yoany-pc/DOCUME~1/MATLAB/R2023b/ArduinoStaticLibrary/ArduinoNano33IoT/FasterRuns\libcore.a(Uart.o)
                0x0000666c                RingBufferN<256>::available()
 .text._ZN4Uart5flushEv
                0x0000667e       0x1a C:/Users/yoany-pc/DOCUME~1/MATLAB/R2023b/ArduinoStaticLibrary/ArduinoNano33IoT/FasterRuns\libcore.a(Uart.o)
                0x0000667e                Uart::flush()
 .text._ZN4Uart9availableEv
                0x00006698        0xa C:/Users/yoany-pc/DOCUME~1/MATLAB/R2023b/ArduinoStaticLibrary/ArduinoNano33IoT/FasterRuns\libcore.a(Uart.o)
                0x00006698                Uart::available()
 .text._ZN11RingBufferNILi256EE17availableForStoreEv
                0x000066a2       0x1e C:/Users/yoany-pc/DOCUME~1/MATLAB/R2023b/ArduinoStaticLibrary/ArduinoNano33IoT/FasterRuns\libcore.a(Uart.o)
                0x000066a2                RingBufferN<256>::availableForStore()
 .text._ZN4Uart17availableForWriteEv
                0x000066c0        0xc C:/Users/yoany-pc/DOCUME~1/MATLAB/R2023b/ArduinoStaticLibrary/ArduinoNano33IoT/FasterRuns\libcore.a(Uart.o)
                0x000066c0                Uart::availableForWrite()
 .text._ZN4Uart10IrqHandlerEv
                0x000066cc       0xc8 C:/Users/yoany-pc/DOCUME~1/MATLAB/R2023b/ArduinoStaticLibrary/ArduinoNano33IoT/FasterRuns\libcore.a(Uart.o)
                0x000066cc                Uart::IrqHandler()
 .text._ZN4Uart5writeEh
                0x00006794       0xb4 C:/Users/yoany-pc/DOCUME~1/MATLAB/R2023b/ArduinoStaticLibrary/ArduinoNano33IoT/FasterRuns\libcore.a(Uart.o)
                0x00006794                Uart::write(unsigned char)
 .text._ZN4Uart4readEv
                0x00006848       0x4c C:/Users/yoany-pc/DOCUME~1/MATLAB/R2023b/ArduinoStaticLibrary/ArduinoNano33IoT/FasterRuns\libcore.a(Uart.o)
                0x00006848                Uart::read()
 .text._ZN7Serial_13getDescriptorER8USBSetup
                0x00006894        0x4 C:/Users/yoany-pc/DOCUME~1/MATLAB/R2023b/ArduinoStaticLibrary/ArduinoNano33IoT/FasterRuns\libcore.a(CDC.o)
                0x00006894                Serial_::getDescriptor(USBSetup&)
 .text._ZThn16_N7Serial_13getDescriptorER8USBSetup
                0x00006898       0x10 C:/Users/yoany-pc/DOCUME~1/MATLAB/R2023b/ArduinoStaticLibrary/ArduinoNano33IoT/FasterRuns\libcore.a(CDC.o)
                0x00006898                non-virtual thunk to Serial_::getDescriptor(USBSetup&)
 .text._ZL5utox8mPc
                0x000068a8       0x1c C:/Users/yoany-pc/DOCUME~1/MATLAB/R2023b/ArduinoStaticLibrary/ArduinoNano33IoT/FasterRuns\libcore.a(CDC.o)
 .text._ZN7Serial_12getShortNameEPc
                0x000068c4       0x44 C:/Users/yoany-pc/DOCUME~1/MATLAB/R2023b/ArduinoStaticLibrary/ArduinoNano33IoT/FasterRuns\libcore.a(CDC.o)
                0x000068c4                Serial_::getShortName(char*)
 .text._ZThn16_N7Serial_12getShortNameEPc
                0x00006908       0x10 C:/Users/yoany-pc/DOCUME~1/MATLAB/R2023b/ArduinoStaticLibrary/ArduinoNano33IoT/FasterRuns\libcore.a(CDC.o)
                0x00006908                non-virtual thunk to Serial_::getShortName(char*)
 .text._ZN7Serial_14handleEndpointEi
                0x00006918        0x2 C:/Users/yoany-pc/DOCUME~1/MATLAB/R2023b/ArduinoStaticLibrary/ArduinoNano33IoT/FasterRuns\libcore.a(CDC.o)
                0x00006918                Serial_::handleEndpoint(int)
 *fill*         0x0000691a        0x2 
 .text._ZThn16_N7Serial_14handleEndpointEi
                0x0000691c       0x10 C:/Users/yoany-pc/DOCUME~1/MATLAB/R2023b/ArduinoStaticLibrary/ArduinoNano33IoT/FasterRuns\libcore.a(CDC.o)
                0x0000691c                non-virtual thunk to Serial_::handleEndpoint(int)
 .text._ZN7Serial_17availableForWriteEv
                0x0000692c        0x4 C:/Users/yoany-pc/DOCUME~1/MATLAB/R2023b/ArduinoStaticLibrary/ArduinoNano33IoT/FasterRuns\libcore.a(CDC.o)
                0x0000692c                Serial_::availableForWrite()
 .text._ZN7Serial_5writeEh
                0x00006930       0x14 C:/Users/yoany-pc/DOCUME~1/MATLAB/R2023b/ArduinoStaticLibrary/ArduinoNano33IoT/FasterRuns\libcore.a(CDC.o)
                0x00006930                Serial_::write(unsigned char)
 .text._ZN7Serial_12getInterfaceEPh
                0x00006944      0x104 C:/Users/yoany-pc/DOCUME~1/MATLAB/R2023b/ArduinoStaticLibrary/ArduinoNano33IoT/FasterRuns\libcore.a(CDC.o)
                0x00006944                Serial_::getInterface(unsigned char*)
 .text._ZThn16_N7Serial_12getInterfaceEPh
                0x00006a48       0x10 C:/Users/yoany-pc/DOCUME~1/MATLAB/R2023b/ArduinoStaticLibrary/ArduinoNano33IoT/FasterRuns\libcore.a(CDC.o)
                0x00006a48                non-virtual thunk to Serial_::getInterface(unsigned char*)
 .text._ZN7Serial_5setupER8USBSetup
                0x00006a58       0x98 C:/Users/yoany-pc/DOCUME~1/MATLAB/R2023b/ArduinoStaticLibrary/ArduinoNano33IoT/FasterRuns\libcore.a(CDC.o)
                0x00006a58                Serial_::setup(USBSetup&)
 .text._ZThn16_N7Serial_5setupER8USBSetup
                0x00006af0       0x10 C:/Users/yoany-pc/DOCUME~1/MATLAB/R2023b/ArduinoStaticLibrary/ArduinoNano33IoT/FasterRuns\libcore.a(CDC.o)
                0x00006af0                non-virtual thunk to Serial_::setup(USBSetup&)
 .text._ZN7Serial_9availableEv
                0x00006b00       0x20 C:/Users/yoany-pc/DOCUME~1/MATLAB/R2023b/ArduinoStaticLibrary/ArduinoNano33IoT/FasterRuns\libcore.a(CDC.o)
                0x00006b00                Serial_::available()
 .text._ZN7Serial_5flushEv
                0x00006b20       0x10 C:/Users/yoany-pc/DOCUME~1/MATLAB/R2023b/ArduinoStaticLibrary/ArduinoNano33IoT/FasterRuns\libcore.a(CDC.o)
                0x00006b20                Serial_::flush()
 .text._ZN7Serial_5clearEv
                0x00006b30       0x10 C:/Users/yoany-pc/DOCUME~1/MATLAB/R2023b/ArduinoStaticLibrary/ArduinoNano33IoT/FasterRuns\libcore.a(CDC.o)
                0x00006b30                Serial_::clear()
 .text._ZN7Serial_5writeEPKhj
                0x00006b40       0x1e C:/Users/yoany-pc/DOCUME~1/MATLAB/R2023b/ArduinoStaticLibrary/ArduinoNano33IoT/FasterRuns\libcore.a(CDC.o)
                0x00006b40                Serial_::write(unsigned char const*, unsigned int)
 *fill*         0x00006b5e        0x2 
 .text._ZN7Serial_4peekEv
                0x00006b60       0x1c C:/Users/yoany-pc/DOCUME~1/MATLAB/R2023b/ArduinoStaticLibrary/ArduinoNano33IoT/FasterRuns\libcore.a(CDC.o)
                0x00006b60                Serial_::peek()
 .text._ZN7Serial_4readEv
                0x00006b7c       0x24 C:/Users/yoany-pc/DOCUME~1/MATLAB/R2023b/ArduinoStaticLibrary/ArduinoNano33IoT/FasterRuns\libcore.a(CDC.o)
                0x00006b7c                Serial_::read()
 .text._ZN7Serial_C2ER14USBDeviceClass
                0x00006ba0       0x4c C:/Users/yoany-pc/DOCUME~1/MATLAB/R2023b/ArduinoStaticLibrary/ArduinoNano33IoT/FasterRuns\libcore.a(CDC.o)
                0x00006ba0                Serial_::Serial_(USBDeviceClass&)
                0x00006ba0                Serial_::Serial_(USBDeviceClass&)
 .text._ZN7Serial_15enableInterruptEv
                0x00006bec       0x30 C:/Users/yoany-pc/DOCUME~1/MATLAB/R2023b/ArduinoStaticLibrary/ArduinoNano33IoT/FasterRuns\libcore.a(CDC.o)
                0x00006bec                Serial_::enableInterrupt()
 .text._ZN7Serial_5beginEm
                0x00006c1c        0x2 C:/Users/yoany-pc/DOCUME~1/MATLAB/R2023b/ArduinoStaticLibrary/ArduinoNano33IoT/FasterRuns\libcore.a(CDC.o)
                0x00006c1c                Serial_::begin(unsigned long)
 .text._ZN7Serial_5beginEmh
                0x00006c1e        0x2 C:/Users/yoany-pc/DOCUME~1/MATLAB/R2023b/ArduinoStaticLibrary/ArduinoNano33IoT/FasterRuns\libcore.a(CDC.o)
                0x00006c1e                Serial_::begin(unsigned long, unsigned char)
 .text.startup._GLOBAL__sub_I__ZN7Serial_12getInterfaceEPh
                0x00006c20       0x14 C:/Users/yoany-pc/DOCUME~1/MATLAB/R2023b/ArduinoStaticLibrary/ArduinoNano33IoT/FasterRuns\libcore.a(CDC.o)
 .text._ZN13PluggableUSB_12getInterfaceEPh
                0x00006c34       0x2a C:/Users/yoany-pc/DOCUME~1/MATLAB/R2023b/ArduinoStaticLibrary/ArduinoNano33IoT/FasterRuns\libcore.a(PluggableUSB.o)
                0x00006c34                PluggableUSB_::getInterface(unsigned char*)
 .text._ZN13PluggableUSB_13getDescriptorER8USBSetup
                0x00006c5e       0x20 C:/Users/yoany-pc/DOCUME~1/MATLAB/R2023b/ArduinoStaticLibrary/ArduinoNano33IoT/FasterRuns\libcore.a(PluggableUSB.o)
                0x00006c5e                PluggableUSB_::getDescriptor(USBSetup&)
 .text._ZN13PluggableUSB_12getShortNameEPc
                0x00006c7e       0x26 C:/Users/yoany-pc/DOCUME~1/MATLAB/R2023b/ArduinoStaticLibrary/ArduinoNano33IoT/FasterRuns\libcore.a(PluggableUSB.o)
                0x00006c7e                PluggableUSB_::getShortName(char*)
 .text._ZN13PluggableUSB_5setupER8USBSetup
                0x00006ca4       0x24 C:/Users/yoany-pc/DOCUME~1/MATLAB/R2023b/ArduinoStaticLibrary/ArduinoNano33IoT/FasterRuns\libcore.a(PluggableUSB.o)
                0x00006ca4                PluggableUSB_::setup(USBSetup&)
 .text._ZN13PluggableUSB_14handleEndpointEi
                0x00006cc8       0x1a C:/Users/yoany-pc/DOCUME~1/MATLAB/R2023b/ArduinoStaticLibrary/ArduinoNano33IoT/FasterRuns\libcore.a(PluggableUSB.o)
                0x00006cc8                PluggableUSB_::handleEndpoint(int)
 *fill*         0x00006ce2        0x2 
 .text._ZN13PluggableUSB_4plugEP18PluggableUSBModule
                0x00006ce4       0x60 C:/Users/yoany-pc/DOCUME~1/MATLAB/R2023b/ArduinoStaticLibrary/ArduinoNano33IoT/FasterRuns\libcore.a(PluggableUSB.o)
                0x00006ce4                PluggableUSB_::plug(PluggableUSBModule*)
 .text._Z12PluggableUSBv
                0x00006d44       0x20 C:/Users/yoany-pc/DOCUME~1/MATLAB/R2023b/ArduinoStaticLibrary/ArduinoNano33IoT/FasterRuns\libcore.a(PluggableUSB.o)
                0x00006d44                PluggableUSB()
 .text._ZN26DoubleBufferedEPOutHandlerD2Ev
                0x00006d64        0xc C:/Users/yoany-pc/DOCUME~1/MATLAB/R2023b/ArduinoStaticLibrary/ArduinoNano33IoT/FasterRuns\libcore.a(USBCore.o)
                0x00006d64                DoubleBufferedEPOutHandler::~DoubleBufferedEPOutHandler()
                0x00006d64                DoubleBufferedEPOutHandler::~DoubleBufferedEPOutHandler()
 .text._ZN26DoubleBufferedEPOutHandlerD0Ev
                0x00006d70       0x14 C:/Users/yoany-pc/DOCUME~1/MATLAB/R2023b/ArduinoStaticLibrary/ArduinoNano33IoT/FasterRuns\libcore.a(USBCore.o)
                0x00006d70                DoubleBufferedEPOutHandler::~DoubleBufferedEPOutHandler()
 .text._ZN14USBDeviceClass6initEPEmm.part.7
                0x00006d84       0xbc C:/Users/yoany-pc/DOCUME~1/MATLAB/R2023b/ArduinoStaticLibrary/ArduinoNano33IoT/FasterRuns\libcore.a(USBCore.o)
 .text._ZN7__GuardC2Ev
                0x00006e40        0xe C:/Users/yoany-pc/DOCUME~1/MATLAB/R2023b/ArduinoStaticLibrary/ArduinoNano33IoT/FasterRuns\libcore.a(USBCore.o)
                0x00006e40                __Guard::__Guard()
                0x00006e40                __Guard::__Guard()
 .text._ZN7__GuardD2Ev
                0x00006e4e        0xe C:/Users/yoany-pc/DOCUME~1/MATLAB/R2023b/ArduinoStaticLibrary/ArduinoNano33IoT/FasterRuns\libcore.a(USBCore.o)
                0x00006e4e                __Guard::~__Guard()
                0x00006e4e                __Guard::~__Guard()
 .text._ZNK26DoubleBufferedEPOutHandler10_availableEv
                0x00006e5c       0x72 C:/Users/yoany-pc/DOCUME~1/MATLAB/R2023b/ArduinoStaticLibrary/ArduinoNano33IoT/FasterRuns\libcore.a(USBCore.o)
                0x00006e5c                DoubleBufferedEPOutHandler::_available() const
 *fill*         0x00006ece        0x2 
 .text._ZN26DoubleBufferedEPOutHandler7releaseEv
                0x00006ed0       0x38 C:/Users/yoany-pc/DOCUME~1/MATLAB/R2023b/ArduinoStaticLibrary/ArduinoNano33IoT/FasterRuns\libcore.a(USBCore.o)
                0x00006ed0                DoubleBufferedEPOutHandler::release()
 .text._ZN26DoubleBufferedEPOutHandler14handleEndpointEv
                0x00006f08       0xe4 C:/Users/yoany-pc/DOCUME~1/MATLAB/R2023b/ArduinoStaticLibrary/ArduinoNano33IoT/FasterRuns\libcore.a(USBCore.o)
                0x00006f08                DoubleBufferedEPOutHandler::handleEndpoint()
 .text._ZN26DoubleBufferedEPOutHandler5_recvEv
                0x00006fec      0x18e C:/Users/yoany-pc/DOCUME~1/MATLAB/R2023b/ArduinoStaticLibrary/ArduinoNano33IoT/FasterRuns\libcore.a(USBCore.o)
                0x00006fec                DoubleBufferedEPOutHandler::_recv()
 .text._ZN26DoubleBufferedEPOutHandler9availableEv
                0x0000717a       0x18 C:/Users/yoany-pc/DOCUME~1/MATLAB/R2023b/ArduinoStaticLibrary/ArduinoNano33IoT/FasterRuns\libcore.a(USBCore.o)
                0x0000717a                DoubleBufferedEPOutHandler::available()
 .text._ZN26DoubleBufferedEPOutHandler4peekEv
                0x00007192       0x22 C:/Users/yoany-pc/DOCUME~1/MATLAB/R2023b/ArduinoStaticLibrary/ArduinoNano33IoT/FasterRuns\libcore.a(USBCore.o)
                0x00007192                DoubleBufferedEPOutHandler::peek()
 .text._ZN26DoubleBufferedEPOutHandler4recvEPvm
                0x000071b4       0x66 C:/Users/yoany-pc/DOCUME~1/MATLAB/R2023b/ArduinoStaticLibrary/ArduinoNano33IoT/FasterRuns\libcore.a(USBCore.o)
                0x000071b4                DoubleBufferedEPOutHandler::recv(void*, unsigned long)
 .text._ZN14USBDeviceClass14SendInterfacesEPm
                0x0000721a       0x20 C:/Users/yoany-pc/DOCUME~1/MATLAB/R2023b/ArduinoStaticLibrary/ArduinoNano33IoT/FasterRuns\libcore.a(USBCore.o)
                0x0000721a                USBDeviceClass::SendInterfaces(unsigned long*)
 *fill*         0x0000723a        0x2 
 .text._ZN14USBDeviceClass4initEv
                0x0000723c      0x144 C:/Users/yoany-pc/DOCUME~1/MATLAB/R2023b/ArduinoStaticLibrary/ArduinoNano33IoT/FasterRuns\libcore.a(USBCore.o)
                0x0000723c                USBDeviceClass::init()
 .text._ZN14USBDeviceClass6attachEv
                0x00007380       0x34 C:/Users/yoany-pc/DOCUME~1/MATLAB/R2023b/ArduinoStaticLibrary/ArduinoNano33IoT/FasterRuns\libcore.a(USBCore.o)
                0x00007380                USBDeviceClass::attach()
 .text._ZN14USBDeviceClass10setAddressEm
                0x000073b4       0x48 C:/Users/yoany-pc/DOCUME~1/MATLAB/R2023b/ArduinoStaticLibrary/ArduinoNano33IoT/FasterRuns\libcore.a(USBCore.o)
                0x000073b4                USBDeviceClass::setAddress(unsigned long)
 .text._ZN14USBDeviceClass25handleClassInterfaceSetupER8USBSetup
                0x000073fc       0x24 C:/Users/yoany-pc/DOCUME~1/MATLAB/R2023b/ArduinoStaticLibrary/ArduinoNano33IoT/FasterRuns\libcore.a(USBCore.o)
                0x000073fc                USBDeviceClass::handleClassInterfaceSetup(USBSetup&)
 .text._ZN14USBDeviceClass6initEPEmm
                0x00007420      0x124 C:/Users/yoany-pc/DOCUME~1/MATLAB/R2023b/ArduinoStaticLibrary/ArduinoNano33IoT/FasterRuns\libcore.a(USBCore.o)
                0x00007420                USBDeviceClass::initEP(unsigned long, unsigned long)
 .text._ZN14USBDeviceClass13initEndpointsEv
                0x00007544       0x24 C:/Users/yoany-pc/DOCUME~1/MATLAB/R2023b/ArduinoStaticLibrary/ArduinoNano33IoT/FasterRuns\libcore.a(USBCore.o)
                0x00007544                USBDeviceClass::initEndpoints()
 .text._ZN14USBDeviceClass5clearEm
                0x00007568       0x38 C:/Users/yoany-pc/DOCUME~1/MATLAB/R2023b/ArduinoStaticLibrary/ArduinoNano33IoT/FasterRuns\libcore.a(USBCore.o)
                0x00007568                USBDeviceClass::clear(unsigned long)
 .text._ZN14USBDeviceClass9availableEm
                0x000075a0       0x2c C:/Users/yoany-pc/DOCUME~1/MATLAB/R2023b/ArduinoStaticLibrary/ArduinoNano33IoT/FasterRuns\libcore.a(USBCore.o)
                0x000075a0                USBDeviceClass::available(unsigned long)
 .text._ZN14USBDeviceClass5flushEm
                0x000075cc       0x2c C:/Users/yoany-pc/DOCUME~1/MATLAB/R2023b/ArduinoStaticLibrary/ArduinoNano33IoT/FasterRuns\libcore.a(USBCore.o)
                0x000075cc                USBDeviceClass::flush(unsigned long)
 .text._ZN14USBDeviceClass4recvEmPvm
                0x000075f8       0xc4 C:/Users/yoany-pc/DOCUME~1/MATLAB/R2023b/ArduinoStaticLibrary/ArduinoNano33IoT/FasterRuns\libcore.a(USBCore.o)
                0x000075f8                USBDeviceClass::recv(unsigned long, void*, unsigned long)
 .text._ZN14USBDeviceClass4recvEm
                0x000076bc       0x1c C:/Users/yoany-pc/DOCUME~1/MATLAB/R2023b/ArduinoStaticLibrary/ArduinoNano33IoT/FasterRuns\libcore.a(USBCore.o)
                0x000076bc                USBDeviceClass::recv(unsigned long)
 .text._ZN14USBDeviceClass14armRecvCtrlOUTEm
                0x000076d8       0x60 C:/Users/yoany-pc/DOCUME~1/MATLAB/R2023b/ArduinoStaticLibrary/ArduinoNano33IoT/FasterRuns\libcore.a(USBCore.o)
                0x000076d8                USBDeviceClass::armRecvCtrlOUT(unsigned long)
 .text._ZN14USBDeviceClass11recvControlEPvm
                0x00007738       0x28 C:/Users/yoany-pc/DOCUME~1/MATLAB/R2023b/ArduinoStaticLibrary/ArduinoNano33IoT/FasterRuns\libcore.a(USBCore.o)
                0x00007738                USBDeviceClass::recvControl(void*, unsigned long)
 .text._ZN14USBDeviceClass4sendEmPKvm
                0x00007760      0x11c C:/Users/yoany-pc/DOCUME~1/MATLAB/R2023b/ArduinoStaticLibrary/ArduinoNano33IoT/FasterRuns\libcore.a(USBCore.o)
                0x00007760                USBDeviceClass::send(unsigned long, void const*, unsigned long)
 .text._ZN14USBDeviceClass7armSendEmPKvm
                0x0000787c       0x48 C:/Users/yoany-pc/DOCUME~1/MATLAB/R2023b/ArduinoStaticLibrary/ArduinoNano33IoT/FasterRuns\libcore.a(USBCore.o)
                0x0000787c                USBDeviceClass::armSend(unsigned long, void const*, unsigned long)
 .text._ZN14USBDeviceClass11sendControlEPKvm
                0x000078c4       0x58 C:/Users/yoany-pc/DOCUME~1/MATLAB/R2023b/ArduinoStaticLibrary/ArduinoNano33IoT/FasterRuns\libcore.a(USBCore.o)
                0x000078c4                USBDeviceClass::sendControl(void const*, unsigned long)
 .text._ZN14USBDeviceClass20sendStringDescriptorEPKhm
                0x0000791c       0x68 C:/Users/yoany-pc/DOCUME~1/MATLAB/R2023b/ArduinoStaticLibrary/ArduinoNano33IoT/FasterRuns\libcore.a(USBCore.o)
                0x0000791c                USBDeviceClass::sendStringDescriptor(unsigned char const*, unsigned long)
 .text._ZN14USBDeviceClass12packMessagesEb.part.6
                0x00007984       0x20 C:/Users/yoany-pc/DOCUME~1/MATLAB/R2023b/ArduinoStaticLibrary/ArduinoNano33IoT/FasterRuns\libcore.a(USBCore.o)
 .text._ZN14USBDeviceClass17sendConfigurationEm
                0x000079a4       0x90 C:/Users/yoany-pc/DOCUME~1/MATLAB/R2023b/ArduinoStaticLibrary/ArduinoNano33IoT/FasterRuns\libcore.a(USBCore.o)
                0x000079a4                USBDeviceClass::sendConfiguration(unsigned long)
 .text._ZN14USBDeviceClass14sendDescriptorER8USBSetup
                0x00007a34       0xec C:/Users/yoany-pc/DOCUME~1/MATLAB/R2023b/ArduinoStaticLibrary/ArduinoNano33IoT/FasterRuns\libcore.a(USBCore.o)
                0x00007a34                USBDeviceClass::sendDescriptor(USBSetup&)
 .text._ZN14USBDeviceClass7sendZlpEm
                0x00007b20       0x18 C:/Users/yoany-pc/DOCUME~1/MATLAB/R2023b/ArduinoStaticLibrary/ArduinoNano33IoT/FasterRuns\libcore.a(USBCore.o)
                0x00007b20                USBDeviceClass::sendZlp(unsigned long)
 .text._ZN14USBDeviceClass19handleStandardSetupER8USBSetup
                0x00007b38       0xfc C:/Users/yoany-pc/DOCUME~1/MATLAB/R2023b/ArduinoStaticLibrary/ArduinoNano33IoT/FasterRuns\libcore.a(USBCore.o)
                0x00007b38                USBDeviceClass::handleStandardSetup(USBSetup&)
 .text._ZN14USBDeviceClass10ISRHandlerEv
                0x00007c34      0x10c C:/Users/yoany-pc/DOCUME~1/MATLAB/R2023b/ArduinoStaticLibrary/ArduinoNano33IoT/FasterRuns\libcore.a(USBCore.o)
                0x00007c34                USBDeviceClass::ISRHandler()
 .text.UDD_Handler
                0x00007d40       0x10 C:/Users/yoany-pc/DOCUME~1/MATLAB/R2023b/ArduinoStaticLibrary/ArduinoNano33IoT/FasterRuns\libcore.a(USBCore.o)
                0x00007d40                UDD_Handler
 .text.startup._GLOBAL__sub_I_usbd
                0x00007d50       0x10 C:/Users/yoany-pc/DOCUME~1/MATLAB/R2023b/ArduinoStaticLibrary/ArduinoNano33IoT/FasterRuns\libcore.a(USBCore.o)
 .text.SERCOM5_Handler
                0x00007d60       0x10 C:/Users/yoany-pc/DOCUME~1/MATLAB/R2023b/ArduinoStaticLibrary/ArduinoNano33IoT/FasterRuns\libcore.a(variant.o)
                0x00007d60                SERCOM5_Handler
 .text.SERCOM3_Handler
                0x00007d70       0x10 C:/Users/yoany-pc/DOCUME~1/MATLAB/R2023b/ArduinoStaticLibrary/ArduinoNano33IoT/FasterRuns\libcore.a(variant.o)
                0x00007d70                SERCOM3_Handler
 .text.SERCOM2_Handler
                0x00007d80       0x10 C:/Users/yoany-pc/DOCUME~1/MATLAB/R2023b/ArduinoStaticLibrary/ArduinoNano33IoT/FasterRuns\libcore.a(variant.o)
                0x00007d80                SERCOM2_Handler
 .text.startup._GLOBAL__sub_I_g_APinDescription
                0x00007d90       0xbc C:/Users/yoany-pc/DOCUME~1/MATLAB/R2023b/ArduinoStaticLibrary/ArduinoNano33IoT/FasterRuns\libcore.a(variant.o)
 .text._Znwj    0x00007e4c        0x8 C:/Users/yoany-pc/DOCUME~1/MATLAB/R2023b/ArduinoStaticLibrary/ArduinoNano33IoT/FasterRuns\libcore.a(new.o)
                0x00007e4c                operator new(unsigned int)
 .text._ZdlPv   0x00007e54        0x8 C:/Users/yoany-pc/DOCUME~1/MATLAB/R2023b/ArduinoStaticLibrary/ArduinoNano33IoT/FasterRuns\libcore.a(new.o)
                0x00007e54                operator delete(void*)
 .text._ZN5Print5writeEPKhj
                0x00007e5c       0x28 C:/Users/yoany-pc/DOCUME~1/MATLAB/R2023b/ArduinoStaticLibrary/ArduinoNano33IoT/FasterRuns\libcore.a(Print.o)
                0x00007e5c                Print::write(unsigned char const*, unsigned int)
 .text._ZN6SERCOMC2EP6Sercom
                0x00007e84        0x4 C:/Users/yoany-pc/DOCUME~1/MATLAB/R2023b/ArduinoStaticLibrary/ArduinoNano33IoT/FasterRuns\libcore.a(SERCOM.o)
                0x00007e84                SERCOM::SERCOM(Sercom*)
                0x00007e84                SERCOM::SERCOM(Sercom*)
 .text._ZN6SERCOM9initFrameE18SercomUartCharSize15SercomDataOrder16SercomParityMode19SercomNumberStopBit
                0x00007e88       0x38 C:/Users/yoany-pc/DOCUME~1/MATLAB/R2023b/ArduinoStaticLibrary/ArduinoNano33IoT/FasterRuns\libcore.a(SERCOM.o)
                0x00007e88                SERCOM::initFrame(SercomUartCharSize, SercomDataOrder, SercomParityMode, SercomNumberStopBit)
 .text._ZN6SERCOM8initPadsE15SercomUartTXPad11SercomRXPad
                0x00007ec0       0x26 C:/Users/yoany-pc/DOCUME~1/MATLAB/R2023b/ArduinoStaticLibrary/ArduinoNano33IoT/FasterRuns\libcore.a(SERCOM.o)
                0x00007ec0                SERCOM::initPads(SercomUartTXPad, SercomRXPad)
 .text._ZN6SERCOM9resetUARTEv
                0x00007ee6       0x1c C:/Users/yoany-pc/DOCUME~1/MATLAB/R2023b/ArduinoStaticLibrary/ArduinoNano33IoT/FasterRuns\libcore.a(SERCOM.o)
                0x00007ee6                SERCOM::resetUART()
 .text._ZN6SERCOM10enableUARTEv
                0x00007f02       0x14 C:/Users/yoany-pc/DOCUME~1/MATLAB/R2023b/ArduinoStaticLibrary/ArduinoNano33IoT/FasterRuns\libcore.a(SERCOM.o)
                0x00007f02                SERCOM::enableUART()
 .text._ZN6SERCOM9flushUARTEv
                0x00007f16       0x10 C:/Users/yoany-pc/DOCUME~1/MATLAB/R2023b/ArduinoStaticLibrary/ArduinoNano33IoT/FasterRuns\libcore.a(SERCOM.o)
                0x00007f16                SERCOM::flushUART()
 .text._ZN6SERCOM15clearStatusUARTEv
                0x00007f26        0x8 C:/Users/yoany-pc/DOCUME~1/MATLAB/R2023b/ArduinoStaticLibrary/ArduinoNano33IoT/FasterRuns\libcore.a(SERCOM.o)
                0x00007f26                SERCOM::clearStatusUART()
 .text._ZN6SERCOM17availableDataUARTEv
                0x00007f2e        0xa C:/Users/yoany-pc/DOCUME~1/MATLAB/R2023b/ArduinoStaticLibrary/ArduinoNano33IoT/FasterRuns\libcore.a(SERCOM.o)
                0x00007f2e                SERCOM::availableDataUART()
 .text._ZN6SERCOM11isUARTErrorEv
                0x00007f38        0x8 C:/Users/yoany-pc/DOCUME~1/MATLAB/R2023b/ArduinoStaticLibrary/ArduinoNano33IoT/FasterRuns\libcore.a(SERCOM.o)
                0x00007f38                SERCOM::isUARTError()
 .text._ZN6SERCOM20acknowledgeUARTErrorEv
                0x00007f40        0xe C:/Users/yoany-pc/DOCUME~1/MATLAB/R2023b/ArduinoStaticLibrary/ArduinoNano33IoT/FasterRuns\libcore.a(SERCOM.o)
                0x00007f40                SERCOM::acknowledgeUARTError()
 .text._ZN6SERCOM16isFrameErrorUARTEv
                0x00007f4e        0xa C:/Users/yoany-pc/DOCUME~1/MATLAB/R2023b/ArduinoStaticLibrary/ArduinoNano33IoT/FasterRuns\libcore.a(SERCOM.o)
                0x00007f4e                SERCOM::isFrameErrorUART()
 .text._ZN6SERCOM19clearFrameErrorUARTEv
                0x00007f58        0xc C:/Users/yoany-pc/DOCUME~1/MATLAB/R2023b/ArduinoStaticLibrary/ArduinoNano33IoT/FasterRuns\libcore.a(SERCOM.o)
                0x00007f58                SERCOM::clearFrameErrorUART()
 .text._ZN6SERCOM23isDataRegisterEmptyUARTEv
                0x00007f64        0xa C:/Users/yoany-pc/DOCUME~1/MATLAB/R2023b/ArduinoStaticLibrary/ArduinoNano33IoT/FasterRuns\libcore.a(SERCOM.o)
                0x00007f64                SERCOM::isDataRegisterEmptyUART()
 .text._ZN6SERCOM12readDataUARTEv
                0x00007f6e        0x8 C:/Users/yoany-pc/DOCUME~1/MATLAB/R2023b/ArduinoStaticLibrary/ArduinoNano33IoT/FasterRuns\libcore.a(SERCOM.o)
                0x00007f6e                SERCOM::readDataUART()
 .text._ZN6SERCOM13writeDataUARTEh
                0x00007f76        0xe C:/Users/yoany-pc/DOCUME~1/MATLAB/R2023b/ArduinoStaticLibrary/ArduinoNano33IoT/FasterRuns\libcore.a(SERCOM.o)
                0x00007f76                SERCOM::writeDataUART(unsigned char)
 .text._ZN6SERCOM36enableDataRegisterEmptyInterruptUARTEv
                0x00007f84        0x8 C:/Users/yoany-pc/DOCUME~1/MATLAB/R2023b/ArduinoStaticLibrary/ArduinoNano33IoT/FasterRuns\libcore.a(SERCOM.o)
                0x00007f84                SERCOM::enableDataRegisterEmptyInterruptUART()
 .text._ZN6SERCOM37disableDataRegisterEmptyInterruptUARTEv
                0x00007f8c        0x8 C:/Users/yoany-pc/DOCUME~1/MATLAB/R2023b/ArduinoStaticLibrary/ArduinoNano33IoT/FasterRuns\libcore.a(SERCOM.o)
                0x00007f8c                SERCOM::disableDataRegisterEmptyInterruptUART()
 .text._ZN6SERCOM13initClockNVICEv
                0x00007f94       0xac C:/Users/yoany-pc/DOCUME~1/MATLAB/R2023b/ArduinoStaticLibrary/ArduinoNano33IoT/FasterRuns\libcore.a(SERCOM.o)
                0x00007f94                SERCOM::initClockNVIC()
 .text._ZN6SERCOM8initUARTE14SercomUartMode20SercomUartSampleRatem
                0x00008040       0x6c C:/Users/yoany-pc/DOCUME~1/MATLAB/R2023b/ArduinoStaticLibrary/ArduinoNano33IoT/FasterRuns\libcore.a(SERCOM.o)
                0x00008040                SERCOM::initUART(SercomUartMode, SercomUartSampleRate, unsigned long)
 .text          0x000080ac       0x14 c:/programdata/matlab/supportpackages/r2023b/aide/tools/arm-none-eabi-gcc/4.8.3-2014q1/bin/../lib/gcc/arm-none-eabi/4.8.3/armv6-m\libgcc.a(_thumb1_case_uqi.o)
                0x000080ac                __gnu_thumb1_case_uqi
 .text          0x000080c0       0x9c c:/programdata/matlab/supportpackages/r2023b/aide/tools/arm-none-eabi-gcc/4.8.3-2014q1/bin/../lib/gcc/arm-none-eabi/4.8.3/armv6-m\libgcc.a(_udivsi3.o)
                0x000080c0                __aeabi_uidiv
                0x000080c0                __udivsi3
                0x00008148                __aeabi_uidivmod
 .text          0x0000815c       0xc0 c:/programdata/matlab/supportpackages/r2023b/aide/tools/arm-none-eabi-gcc/4.8.3-2014q1/bin/../lib/gcc/arm-none-eabi/4.8.3/armv6-m\libgcc.a(_divsi3.o)
                0x0000815c                __divsi3
                0x0000815c                __aeabi_idiv
                0x00008208                __aeabi_idivmod
 .text          0x0000821c        0x4 c:/programdata/matlab/supportpackages/r2023b/aide/tools/arm-none-eabi-gcc/4.8.3-2014q1/bin/../lib/gcc/arm-none-eabi/4.8.3/armv6-m\libgcc.a(_dvmd_tls.o)
                0x0000821c                __aeabi_idiv0
                0x0000821c                __aeabi_ldiv0
 .text          0x00008220       0x7c c:/programdata/matlab/supportpackages/r2023b/aide/tools/arm-none-eabi-gcc/4.8.3-2014q1/bin/../lib/gcc/arm-none-eabi/4.8.3/armv6-m\libgcc.a(_arm_cmpdf2.o)
                0x00008220                __aeabi_cdrcmple
                0x00008230                __aeabi_cdcmple
                0x00008230                __aeabi_cdcmpeq
                0x00008240                __aeabi_dcmpeq
                0x0000824c                __aeabi_dcmplt
                0x00008260                __aeabi_dcmple
                0x00008274                __aeabi_dcmpgt
                0x00008288                __aeabi_dcmpge
 *fill*         0x0000829c        0x4 
 .text          0x000082a0       0x40 c:/programdata/matlab/supportpackages/r2023b/aide/tools/arm-none-eabi-gcc/4.8.3-2014q1/bin/../lib/gcc/arm-none-eabi/4.8.3/armv6-m\libgcc.a(_fixunsdfsi.o)
                0x000082a0                __aeabi_d2uiz
                0x000082a0                __fixunsdfsi
 .text          0x000082e0      0x638 c:/programdata/matlab/supportpackages/r2023b/aide/tools/arm-none-eabi-gcc/4.8.3-2014q1/bin/../lib/gcc/arm-none-eabi/4.8.3/armv6-m\libgcc.a(adddf3.o)
                0x000082e0                __aeabi_dadd
 .text          0x00008918      0x648 c:/programdata/matlab/supportpackages/r2023b/aide/tools/arm-none-eabi-gcc/4.8.3-2014q1/bin/../lib/gcc/arm-none-eabi/4.8.3/armv6-m\libgcc.a(divdf3.o)
                0x00008918                __aeabi_ddiv
 .text          0x00008f60       0x94 c:/programdata/matlab/supportpackages/r2023b/aide/tools/arm-none-eabi-gcc/4.8.3-2014q1/bin/../lib/gcc/arm-none-eabi/4.8.3/armv6-m\libgcc.a(eqdf2.o)
                0x00008f60                __nedf2
                0x00008f60                __eqdf2
 .text          0x00008ff4       0xfc c:/programdata/matlab/supportpackages/r2023b/aide/tools/arm-none-eabi-gcc/4.8.3-2014q1/bin/../lib/gcc/arm-none-eabi/4.8.3/armv6-m\libgcc.a(gedf2.o)
                0x00008ff4                __gedf2
                0x00008ff4                __gtdf2
 .text          0x000090f0       0xfc c:/programdata/matlab/supportpackages/r2023b/aide/tools/arm-none-eabi-gcc/4.8.3-2014q1/bin/../lib/gcc/arm-none-eabi/4.8.3/armv6-m\libgcc.a(ledf2.o)
                0x000090f0                __ledf2
                0x000090f0                __ltdf2
 .text          0x000091ec      0x520 c:/programdata/matlab/supportpackages/r2023b/aide/tools/arm-none-eabi-gcc/4.8.3-2014q1/bin/../lib/gcc/arm-none-eabi/4.8.3/armv6-m\libgcc.a(muldf3.o)
                0x000091ec                __aeabi_dmul
 .text          0x0000970c      0x654 c:/programdata/matlab/supportpackages/r2023b/aide/tools/arm-none-eabi-gcc/4.8.3-2014q1/bin/../lib/gcc/arm-none-eabi/4.8.3/armv6-m\libgcc.a(subdf3.o)
                0x0000970c                __aeabi_dsub
 .text          0x00009d60       0x68 c:/programdata/matlab/supportpackages/r2023b/aide/tools/arm-none-eabi-gcc/4.8.3-2014q1/bin/../lib/gcc/arm-none-eabi/4.8.3/armv6-m\libgcc.a(fixdfsi.o)
                0x00009d60                __aeabi_d2iz
 .text          0x00009dc8       0x68 c:/programdata/matlab/supportpackages/r2023b/aide/tools/arm-none-eabi-gcc/4.8.3-2014q1/bin/../lib/gcc/arm-none-eabi/4.8.3/armv6-m\libgcc.a(floatunsidf.o)
                0x00009dc8                __aeabi_ui2d
 .text          0x00009e30       0x3c c:/programdata/matlab/supportpackages/r2023b/aide/tools/arm-none-eabi-gcc/4.8.3-2014q1/bin/../lib/gcc/arm-none-eabi/4.8.3/armv6-m\libgcc.a(_clzsi2.o)
                0x00009e30                __clzsi2
 .text.__errno  0x00009e6c        0xc c:/programdata/matlab/supportpackages/r2023b/aide/tools/arm-none-eabi-gcc/4.8.3-2014q1/bin/../lib/gcc/arm-none-eabi/4.8.3/../../../../arm-none-eabi/lib/armv6-m\libg_s.a(lib_a-errno.o)
                0x00009e6c                __errno
 .text.__libc_init_array
                0x00009e78       0x4c c:/programdata/matlab/supportpackages/r2023b/aide/tools/arm-none-eabi-gcc/4.8.3-2014q1/bin/../lib/gcc/arm-none-eabi/4.8.3/../../../../arm-none-eabi/lib/armv6-m\libg_s.a(lib_a-init.o)
                0x00009e78                __libc_init_array
 .text.malloc   0x00009ec4       0x14 c:/programdata/matlab/supportpackages/r2023b/aide/tools/arm-none-eabi-gcc/4.8.3-2014q1/bin/../lib/gcc/arm-none-eabi/4.8.3/../../../../arm-none-eabi/lib/armv6-m\libg_s.a(lib_a-malloc.o)
                0x00009ec4                malloc
 .text.free     0x00009ed8       0x14 c:/programdata/matlab/supportpackages/r2023b/aide/tools/arm-none-eabi-gcc/4.8.3-2014q1/bin/../lib/gcc/arm-none-eabi/4.8.3/../../../../arm-none-eabi/lib/armv6-m\libg_s.a(lib_a-malloc.o)
                0x00009ed8                free
 .text.memcpy   0x00009eec       0x12 c:/programdata/matlab/supportpackages/r2023b/aide/tools/arm-none-eabi-gcc/4.8.3-2014q1/bin/../lib/gcc/arm-none-eabi/4.8.3/../../../../arm-none-eabi/lib/armv6-m\libg_s.a(lib_a-memcpy-stub.o)
                0x00009eec                memcpy
 .text.memset   0x00009efe       0x10 c:/programdata/matlab/supportpackages/r2023b/aide/tools/arm-none-eabi-gcc/4.8.3-2014q1/bin/../lib/gcc/arm-none-eabi/4.8.3/../../../../arm-none-eabi/lib/armv6-m\libg_s.a(lib_a-memset.o)
                0x00009efe                memset
 *fill*         0x00009f0e        0x2 
 .text._free_r  0x00009f10       0x90 c:/programdata/matlab/supportpackages/r2023b/aide/tools/arm-none-eabi-gcc/4.8.3-2014q1/bin/../lib/gcc/arm-none-eabi/4.8.3/../../../../arm-none-eabi/lib/armv6-m\libg_s.a(lib_a-nano-freer.o)
                0x00009f10                _free_r
 .text._malloc_r
                0x00009fa0       0xa8 c:/programdata/matlab/supportpackages/r2023b/aide/tools/arm-none-eabi-gcc/4.8.3-2014q1/bin/../lib/gcc/arm-none-eabi/4.8.3/../../../../arm-none-eabi/lib/armv6-m\libg_s.a(lib_a-nano-mallocr.o)
                0x00009fa0                _malloc_r
 .text._sbrk_r  0x0000a048       0x24 c:/programdata/matlab/supportpackages/r2023b/aide/tools/arm-none-eabi-gcc/4.8.3-2014q1/bin/../lib/gcc/arm-none-eabi/4.8.3/../../../../arm-none-eabi/lib/armv6-m\libg_s.a(lib_a-sbrkr.o)
                0x0000a048                _sbrk_r
 .text.strlen   0x0000a06c        0xe c:/programdata/matlab/supportpackages/r2023b/aide/tools/arm-none-eabi-gcc/4.8.3-2014q1/bin/../lib/gcc/arm-none-eabi/4.8.3/../../../../arm-none-eabi/lib/armv6-m\libg_s.a(lib_a-strlen.o)
                0x0000a06c                strlen
 *fill*         0x0000a07a        0x2 
 .text._sbrk    0x0000a07c       0x34 c:/programdata/matlab/supportpackages/r2023b/aide/tools/arm-none-eabi-gcc/4.8.3-2014q1/bin/../lib/gcc/arm-none-eabi/4.8.3/../../../../arm-none-eabi/lib/armv6-m\libnosys.a(sbrk.o)
                0x0000a07c                _sbrk
 *(.init)
 .init          0x0000a0b0        0x4 c:/programdata/matlab/supportpackages/r2023b/aide/tools/arm-none-eabi-gcc/4.8.3-2014q1/bin/../lib/gcc/arm-none-eabi/4.8.3/armv6-m/crti.o
                0x0000a0b0                _init
 .init          0x0000a0b4        0x8 c:/programdata/matlab/supportpackages/r2023b/aide/tools/arm-none-eabi-gcc/4.8.3-2014q1/bin/../lib/gcc/arm-none-eabi/4.8.3/armv6-m/crtn.o
 *(.fini)
 .fini          0x0000a0bc        0x4 c:/programdata/matlab/supportpackages/r2023b/aide/tools/arm-none-eabi-gcc/4.8.3-2014q1/bin/../lib/gcc/arm-none-eabi/4.8.3/armv6-m/crti.o
                0x0000a0bc                _fini
 .fini          0x0000a0c0        0x8 c:/programdata/matlab/supportpackages/r2023b/aide/tools/arm-none-eabi-gcc/4.8.3-2014q1/bin/../lib/gcc/arm-none-eabi/4.8.3/armv6-m/crtn.o
 *crtbegin.o(.ctors)
 *crtbegin?.o(.ctors)
 *(EXCLUDE_FILE(*crtend.o *crtend?.o) .ctors)
 *(SORT(.ctors.*))
 *(.ctors)
 *crtbegin.o(.dtors)
 *crtbegin?.o(.dtors)
 *(EXCLUDE_FILE(*crtend.o *crtend?.o) .dtors)
 *(SORT(.dtors.*))
 *(.dtors)
 *(.rodata*)
 .rodata        0x0000a0c8       0x10 MW_PWMDriver.o
 .rodata.arduino_PWM_motor_M
                0x0000a0d8        0x4 arduino_PWM_motor.o
                0x0000a0d8                arduino_PWM_motor_M
 .rodata.rtAlwaysEnabled.12018
                0x0000a0dc        0x1 arduino_PWM_motor.o
 *fill*         0x0000a0dd        0x3 
 .rodata.standardSupportedRxPacket
                0x0000a0e0       0x54 xcp_standard.o
 .rodata.daqSupportedRxPacket
                0x0000a134       0x90 xcp_daq.o
 .rodata.calibrationSupportedRxPacket
                0x0000a1c4       0x18 xcp_calibration.o
 .rodata.str1.4
                0x0000a1dc        0x8 c:/programdata/matlab/supportpackages/r2023b/aide/tools/arm-none-eabi-gcc/4.8.3-2014q1/bin/../lib/gcc/arm-none-eabi/4.8.3/../../../../arm-none-eabi/lib/armv6-m\libm.a(lib_a-w_fmod.o)
 *fill*         0x0000a1e4        0x4 
 .rodata.Zero   0x0000a1e8       0x10 c:/programdata/matlab/supportpackages/r2023b/aide/tools/arm-none-eabi-gcc/4.8.3-2014q1/bin/../lib/gcc/arm-none-eabi/4.8.3/../../../../arm-none-eabi/lib/armv6-m\libm.a(lib_a-e_fmod.o)
 .rodata        0x0000a1f8       0x10 C:/Users/yoany-pc/DOCUME~1/MATLAB/R2023b/ArduinoStaticLibrary/ArduinoNano33IoT/FasterRuns\libcore.a(wiring_analog.o)
 .rodata._ZTV4Uart
                0x0000a208       0x38 C:/Users/yoany-pc/DOCUME~1/MATLAB/R2023b/ArduinoStaticLibrary/ArduinoNano33IoT/FasterRuns\libcore.a(Uart.o)
                0x0000a208                vtable for Uart
 .rodata._ZTV7Serial_
                0x0000a240       0x58 C:/Users/yoany-pc/DOCUME~1/MATLAB/R2023b/ArduinoStaticLibrary/ArduinoNano33IoT/FasterRuns\libcore.a(CDC.o)
                0x0000a240                vtable for Serial_
 .rodata._ZTV26DoubleBufferedEPOutHandler
                0x0000a298       0x28 C:/Users/yoany-pc/DOCUME~1/MATLAB/R2023b/ArduinoStaticLibrary/ArduinoNano33IoT/FasterRuns\libcore.a(USBCore.o)
                0x0000a298                vtable for DoubleBufferedEPOutHandler
 .rodata._ZL15STRING_LANGUAGE
                0x0000a2c0        0x4 C:/Users/yoany-pc/DOCUME~1/MATLAB/R2023b/ArduinoStaticLibrary/ArduinoNano33IoT/FasterRuns\libcore.a(USBCore.o)
 .rodata._ZL21USB_DeviceDescriptorB
                0x0000a2c4       0x12 C:/Users/yoany-pc/DOCUME~1/MATLAB/R2023b/ArduinoStaticLibrary/ArduinoNano33IoT/FasterRuns\libcore.a(USBCore.o)
 .rodata._ZL19STRING_MANUFACTURER
                0x0000a2d6        0xc C:/Users/yoany-pc/DOCUME~1/MATLAB/R2023b/ArduinoStaticLibrary/ArduinoNano33IoT/FasterRuns\libcore.a(USBCore.o)
 .rodata._ZL14STRING_PRODUCT
                0x0000a2e2       0x14 C:/Users/yoany-pc/DOCUME~1/MATLAB/R2023b/ArduinoStaticLibrary/ArduinoNano33IoT/FasterRuns\libcore.a(USBCore.o)
 *fill*         0x0000a2f6        0x2 
 .rodata.g_APinDescription
                0x0000a2f8      0x318 C:/Users/yoany-pc/DOCUME~1/MATLAB/R2023b/ArduinoStaticLibrary/ArduinoNano33IoT/FasterRuns\libcore.a(variant.o)
                0x0000a2f8                g_APinDescription
 .rodata        0x0000a610       0x40 c:/programdata/matlab/supportpackages/r2023b/aide/tools/arm-none-eabi-gcc/4.8.3-2014q1/bin/../lib/gcc/arm-none-eabi/4.8.3/armv6-m\libgcc.a(divdf3.o)
 .rodata        0x0000a650       0x40 c:/programdata/matlab/supportpackages/r2023b/aide/tools/arm-none-eabi-gcc/4.8.3-2014q1/bin/../lib/gcc/arm-none-eabi/4.8.3/armv6-m\libgcc.a(muldf3.o)
 .rodata.str1.1
                0x0000a690        0x2 c:/programdata/matlab/supportpackages/r2023b/aide/tools/arm-none-eabi-gcc/4.8.3-2014q1/bin/../lib/gcc/arm-none-eabi/4.8.3/../../../../arm-none-eabi/lib/armv6-m\libg_s.a(lib_a-impure.o)
 *(.eh_frame*)
 *fill*         0x0000a692        0x2 
 .eh_frame      0x0000a694        0x0 c:/programdata/matlab/supportpackages/r2023b/aide/tools/arm-none-eabi-gcc/4.8.3-2014q1/bin/../lib/gcc/arm-none-eabi/4.8.3/armv6-m/crtbegin.o
 .eh_frame      0x0000a694        0x4 c:/programdata/matlab/supportpackages/r2023b/aide/tools/arm-none-eabi-gcc/4.8.3-2014q1/bin/../lib/gcc/arm-none-eabi/4.8.3/armv6-m/crtend.o

.glue_7         0x0000a698        0x0
 .glue_7        0x00000000        0x0 linker stubs

.glue_7t        0x0000a698        0x0
 .glue_7t       0x00000000        0x0 linker stubs

.vfp11_veneer   0x0000a698        0x0
 .vfp11_veneer  0x00000000        0x0 linker stubs

.v4_bx          0x0000a698        0x0
 .v4_bx         0x00000000        0x0 linker stubs

.iplt           0x0000a698        0x0
 .iplt          0x00000000        0x0 c:/programdata/matlab/supportpackages/r2023b/aide/tools/arm-none-eabi-gcc/4.8.3-2014q1/bin/../lib/gcc/arm-none-eabi/4.8.3/armv6-m/crtbegin.o

.rel.dyn        0x0000a698        0x0
 .rel.iplt      0x00000000        0x0 c:/programdata/matlab/supportpackages/r2023b/aide/tools/arm-none-eabi-gcc/4.8.3-2014q1/bin/../lib/gcc/arm-none-eabi/4.8.3/armv6-m/crtbegin.o

.ARM.extab
 *(.ARM.extab* .gnu.linkonce.armextab.*)
                0x0000a698                __exidx_start = .

.ARM.exidx
 *(.ARM.exidx* .gnu.linkonce.armexidx.*)
                0x0000a698                __exidx_end = .
                0x0000a698                __etext = .

.data           0x20000000       0xfc load address 0x0000a698
                0x20000000                __data_start__ = .
 *(vtable)
 *(.data*)
 .data.arduino_PWM_motor_P
                0x20000000       0x18 arduino_PWM_motor_data.o
                0x20000000                arduino_PWM_motor_P
 .data.xcpExtmodeFinalSimulationTime
                0x20000018        0x8 xcp_ext_common.o
                0x20000018                xcpExtmodeFinalSimulationTime
 .data.xcpClassicTriggerDuration
                0x20000020        0x4 xcp_ext_classic_trigger.o
                0x20000020                xcpClassicTriggerDuration
 .data.xcpClassicTriggerArmRequest
                0x20000024        0x1 xcp_ext_classic_trigger.o
                0x20000024                xcpClassicTriggerArmRequest
 *fill*         0x20000025        0x3 
 .data.startStopDaqListId
                0x20000028        0x4 xcp_daq.o
 .data.xcpEventCustomMemoryManager
                0x2000002c        0xc xcp_daq.o
 .data.xcpCurrentDaq
                0x20000038        0x4 xcp_daq.o
 .data.xcpCtoReservedMemPoolId
                0x2000003c        0x4 xcp_transport.o
 .data.drvID    0x20000040        0x4 xcp_drv_rtiostream.o
 .data.xcpCtoReservedMemPoolId
                0x20000044        0x4 xcp_frame_serial.o
 .data.__fdlib_version
                0x20000048        0x1 c:/programdata/matlab/supportpackages/r2023b/aide/tools/arm-none-eabi-gcc/4.8.3-2014q1/bin/../lib/gcc/arm-none-eabi/4.8.3/../../../../arm-none-eabi/lib/armv6-m\libm.a(lib_a-s_lib_ver.o)
                0x20000048                __fdlib_version
 *fill*         0x20000049        0x3 
 .data.SystemCoreClock
                0x2000004c        0x4 C:/Users/yoany-pc/DOCUME~1/MATLAB/R2023b/ArduinoStaticLibrary/ArduinoNano33IoT/FasterRuns\libcore.a(wiring.o)
                0x2000004c                SystemCoreClock
 .data._writeResolution
                0x20000050        0x4 C:/Users/yoany-pc/DOCUME~1/MATLAB/R2023b/ArduinoStaticLibrary/ArduinoNano33IoT/FasterRuns\libcore.a(wiring_analog.o)
 .data._ZL5ticks
                0x20000054        0x4 C:/Users/yoany-pc/DOCUME~1/MATLAB/R2023b/ArduinoStaticLibrary/ArduinoNano33IoT/FasterRuns\libcore.a(Reset.o)
 .data._serialPeek
                0x20000058        0x4 C:/Users/yoany-pc/DOCUME~1/MATLAB/R2023b/ArduinoStaticLibrary/ArduinoNano33IoT/FasterRuns\libcore.a(CDC.o)
                0x20000058                _serialPeek
 .data._ZL10breakValue
                0x2000005c        0x4 C:/Users/yoany-pc/DOCUME~1/MATLAB/R2023b/ArduinoStaticLibrary/ArduinoNano33IoT/FasterRuns\libcore.a(CDC.o)
 .data._ZL12_usbLineInfo
                0x20000060        0x8 C:/Users/yoany-pc/DOCUME~1/MATLAB/R2023b/ArduinoStaticLibrary/ArduinoNano33IoT/FasterRuns\libcore.a(CDC.o)
 .data.g_apTCInstances
                0x20000068       0x18 C:/Users/yoany-pc/DOCUME~1/MATLAB/R2023b/ArduinoStaticLibrary/ArduinoNano33IoT/FasterRuns\libcore.a(variant.o)
                0x20000068                g_apTCInstances
 .data.impure_data
                0x20000080       0x60 c:/programdata/matlab/supportpackages/r2023b/aide/tools/arm-none-eabi-gcc/4.8.3-2014q1/bin/../lib/gcc/arm-none-eabi/4.8.3/../../../../arm-none-eabi/lib/armv6-m\libg_s.a(lib_a-impure.o)
 .data._impure_ptr
                0x200000e0        0x4 c:/programdata/matlab/supportpackages/r2023b/aide/tools/arm-none-eabi-gcc/4.8.3-2014q1/bin/../lib/gcc/arm-none-eabi/4.8.3/../../../../arm-none-eabi/lib/armv6-m\libg_s.a(lib_a-impure.o)
                0x200000e0                _impure_ptr
                0x200000e4                . = ALIGN (0x4)
                0x200000e4                PROVIDE (__preinit_array_start, .)
 *(.preinit_array)
                0x200000e4                PROVIDE (__preinit_array_end, .)
                0x200000e4                . = ALIGN (0x4)
                0x200000e4                PROVIDE (__init_array_start, .)
 *(SORT(.init_array.*))
 *(.init_array)
 .init_array    0x200000e4        0x4 c:/programdata/matlab/supportpackages/r2023b/aide/tools/arm-none-eabi-gcc/4.8.3-2014q1/bin/../lib/gcc/arm-none-eabi/4.8.3/armv6-m/crtbegin.o
 .init_array    0x200000e8        0x4 C:/Users/yoany-pc/DOCUME~1/MATLAB/R2023b/ArduinoStaticLibrary/ArduinoNano33IoT/FasterRuns\libcore.a(CDC.o)
 .init_array    0x200000ec        0x4 C:/Users/yoany-pc/DOCUME~1/MATLAB/R2023b/ArduinoStaticLibrary/ArduinoNano33IoT/FasterRuns\libcore.a(USBCore.o)
 .init_array    0x200000f0        0x4 C:/Users/yoany-pc/DOCUME~1/MATLAB/R2023b/ArduinoStaticLibrary/ArduinoNano33IoT/FasterRuns\libcore.a(variant.o)
                0x200000f4                PROVIDE (__init_array_end, .)
                0x200000f4                . = ALIGN (0x4)
                0x200000f4                PROVIDE (__fini_array_start, .)
 *(SORT(.fini_array.*))
 *(.fini_array)
 .fini_array    0x200000f4        0x4 c:/programdata/matlab/supportpackages/r2023b/aide/tools/arm-none-eabi-gcc/4.8.3-2014q1/bin/../lib/gcc/arm-none-eabi/4.8.3/armv6-m/crtbegin.o
                0x200000f8                PROVIDE (__fini_array_end, .)
 *(.jcr*)
 .jcr           0x200000f8        0x0 c:/programdata/matlab/supportpackages/r2023b/aide/tools/arm-none-eabi-gcc/4.8.3-2014q1/bin/../lib/gcc/arm-none-eabi/4.8.3/armv6-m/crtbegin.o
 .jcr           0x200000f8        0x4 c:/programdata/matlab/supportpackages/r2023b/aide/tools/arm-none-eabi-gcc/4.8.3-2014q1/bin/../lib/gcc/arm-none-eabi/4.8.3/armv6-m/crtend.o
                0x200000fc                . = ALIGN (0x4)
                0x200000fc                __data_end__ = .

.igot.plt       0x200000fc        0x0 load address 0x0000a794
 .igot.plt      0x00000000        0x0 c:/programdata/matlab/supportpackages/r2023b/aide/tools/arm-none-eabi-gcc/4.8.3-2014q1/bin/../lib/gcc/arm-none-eabi/4.8.3/armv6-m/crtbegin.o

.bss            0x20000100     0x1150 load address 0x0000a798
                0x20000100                . = ALIGN (0x4)
                0x20000100                __bss_start__ = .
 *(.bss*)
 .bss           0x20000100       0x1c c:/programdata/matlab/supportpackages/r2023b/aide/tools/arm-none-eabi-gcc/4.8.3-2014q1/bin/../lib/gcc/arm-none-eabi/4.8.3/armv6-m/crtbegin.o
 .bss.tcEnabled.12418
                0x2000011c        0x6 MW_PWMDriver.o
 .bss.PWMPinHandleMap
                0x20000122        0x9 ArduinoPinHandleMap.o
                0x20000122                PWMPinHandleMap
 *fill*         0x2000012b        0x1 
 .bss.xcpCustomTriggerFunction
                0x2000012c        0x8 xcp_ext_mode.o
 .bss.rt_ExtModeInfo.12019
                0x20000134       0x14 arduino_PWM_motor.o
 .bss.systemRan.12020
                0x20000148       0x10 arduino_PWM_motor.o
 .bss.arduino_PWM_motor_M_
                0x20000158       0x48 arduino_PWM_motor.o
 .bss.xcpModelChecksum0
                0x200001a0        0x4 xcp_ext_common.o
                0x200001a0                xcpModelChecksum0
 .bss.xcpModelStartRequest
                0x200001a4        0x1 xcp_ext_common.o
                0x200001a4                xcpModelStartRequest
 *fill*         0x200001a5        0x3 
 .bss.xcpModelChecksum1
                0x200001a8        0x4 xcp_ext_common.o
                0x200001a8                xcpModelChecksum1
 .bss.xcpModelChecksum3
                0x200001ac        0x4 xcp_ext_common.o
                0x200001ac                xcpModelChecksum3
 .bss.xcpModelChecksum2
                0x200001b0        0x4 xcp_ext_common.o
                0x200001b0                xcpModelChecksum2
 .bss.xcpModelIntegerCode
                0x200001b4        0x4 xcp_ext_common.o
                0x200001b4                xcpModelIntegerCode
 .bss.xcpDummyDoubleVariable
                0x200001b8        0x8 xcp_ext_common.o
                0x200001b8                xcpDummyDoubleVariable
 .bss.xcpModelStopRequest
                0x200001c0        0x1 xcp_ext_common.o
                0x200001c0                xcpModelStopRequest
 *fill*         0x200001c1        0x7 
 .bss.xcpBaseRateSimulationTime
                0x200001c8        0x8 xcp_ext_common.o
 .bss.xcpCurrentSimulationTimeInMs
                0x200001d0        0x8 xcp_ext_common.o
                0x200001d0                xcpCurrentSimulationTimeInMs
 .bss.xcpExtmodeSimulationComplete
                0x200001d8        0x1 xcp_ext_common.o
                0x200001d8                xcpExtmodeSimulationComplete
 .bss.xcpModelStatus
                0x200001d9        0x1 xcp_ext_common.o
                0x200001d9                xcpModelStatus
 .bss.xcpClassicTriggerDirection
                0x200001da        0x1 xcp_ext_classic_trigger.o
                0x200001da                xcpClassicTriggerDirection
 *fill*         0x200001db        0x5 
 .bss.xcpOldSignalValue
                0x200001e0        0x8 xcp_ext_classic_trigger.o
 .bss.xcpClassicTriggerSignalAddressExtension
                0x200001e8        0x1 xcp_ext_classic_trigger.o
                0x200001e8                xcpClassicTriggerSignalAddressExtension
 *fill*         0x200001e9        0x3 
 .bss.xcpTriggerCount
                0x200001ec        0x4 xcp_ext_classic_trigger.o
 .bss.xcpOldSignalValueAvailable
                0x200001f0        0x1 xcp_ext_classic_trigger.o
 *fill*         0x200001f1        0x3 
 .bss.xcpClassicTriggerDelay
                0x200001f4        0x4 xcp_ext_classic_trigger.o
                0x200001f4                xcpClassicTriggerDelay
 .bss.xcpClassicTriggerSignalAddress
                0x200001f8        0x4 xcp_ext_classic_trigger.o
                0x200001f8                xcpClassicTriggerSignalAddress
 .bss.xcpClassicTriggerEventId
                0x200001fc        0x2 xcp_ext_classic_trigger.o
                0x200001fc                xcpClassicTriggerEventId
 .bss.xcpClassicTriggerCancelRequest
                0x200001fe        0x1 xcp_ext_classic_trigger.o
                0x200001fe                xcpClassicTriggerCancelRequest
 .bss.xcpOldClassicTriggerSource
                0x200001ff        0x1 xcp_ext_classic_trigger.o
 .bss.xcpClassicTriggerSource
                0x20000200        0x1 xcp_ext_classic_trigger.o
                0x20000200                xcpClassicTriggerSource
 .bss.xcpForceTriggerEnableRequest
                0x20000201        0x1 xcp_ext_classic_trigger.o
 .bss.xcpSignalTriggerFired
                0x20000202        0x1 xcp_ext_classic_trigger.o
 .bss.xcpClassicTriggerStatus
                0x20000203        0x1 xcp_ext_classic_trigger.o
                0x20000203                xcpClassicTriggerStatus
 .bss.xcpClassicTriggerMode
                0x20000204        0x1 xcp_ext_classic_trigger.o
                0x20000204                xcpClassicTriggerMode
 .bss.xcpForcedTriggerEnabled
                0x20000205        0x1 xcp_ext_classic_trigger.o
 *fill*         0x20000206        0x2 
 .bss.xcpClassicTriggerHoldOff
                0x20000208        0x4 xcp_ext_classic_trigger.o
                0x20000208                xcpClassicTriggerHoldOff
 *fill*         0x2000020c        0x4 
 .bss.xcpClassicTriggerLevel
                0x20000210        0x8 xcp_ext_classic_trigger.o
                0x20000210                xcpClassicTriggerLevel
 .bss.xcpTriggerEnabled
                0x20000218        0x1 xcp_ext_classic_trigger.o
 .bss.xcpResourceProtectionStatus
                0x20000219        0x1 xcp.o
 .bss.initialized
                0x2000021a        0x1 xcp.o
 .bss.xcpSessionStatus
                0x2000021b        0x1 xcp.o
 .bss.xcpStatus
                0x2000021c        0x1 xcp.o
 *fill*         0x2000021d        0x1 
 .bss.xcpSessionConfigurationId
                0x2000021e        0x2 xcp.o
 .bss.groupPacketLookup
                0x20000220       0x10 xcp.o
 .bss.xcpUploadSize
                0x20000230        0x1 xcp_standard.o
 *fill*         0x20000231        0x3 
 .bss.xcpMta    0x20000234        0x8 xcp_standard.o
 .bss.packetLookup
                0x2000023c        0x4 xcp_standard.o
 .bss.daqLock   0x20000240        0x4 xcp_daq.o
 .bss.packetLookup
                0x20000244        0x4 xcp_daq.o
 .bss.xcpDynamicDaqLists
                0x20000248        0x8 xcp_daq.o
 .bss.xcpRunningEventCounter
                0x20000250        0x4 xcp_daq.o
 .bss.packetLookup
                0x20000254        0x4 xcp_calibration.o
 .bss.rxLock    0x20000258        0x4 xcp_transport.o
 .bss.txFifo    0x2000025c       0x10 xcp_transport.o
 .bss.initialized
                0x2000026c        0x1 xcp_transport.o
 *fill*         0x2000026d        0x3 
 .bss.txLock    0x20000270        0x4 xcp_transport.o
 .bss.rxFifo    0x20000274        0x8 xcp_transport.o
 .bss.xcpMemMainChunk
                0x2000027c        0x3 xcp_mem_default.o
 .bss.xcpMemReservedPoolsChunk
                0x2000027f      0x243 xcp_mem_default.o
 *fill*         0x200004c2        0x2 
 .bss.xcpMemLock
                0x200004c4        0x4 xcp_mem_default.o
 .bss.xcpMemPoolDescriptors
                0x200004c8       0x18 xcp_mem_default.o
 .bss.xcpMemReservedPoolsChunkUsedBytes
                0x200004e0        0x4 xcp_mem_default.o
 .bss.xcpMemCustomPoolDescriptors
                0x200004e4        0x8 xcp_mem_default.o
 .bss.forceBlocking
                0x200004ec        0x1 xcp_drv_rtiostream.o
 *fill*         0x200004ed        0x1 
 .bss.rxCounter
                0x200004ee        0x2 xcp_frame_serial.o
 .bss.initialized
                0x200004f0        0x1 xcp_frame_serial.o
 *fill*         0x200004f1        0x3 
 .bss.firstRxCounterReceived
                0x200004f4        0x4 xcp_frame_serial.o
 .bss.txCounter
                0x200004f8        0x2 xcp_frame_serial.o
 *fill*         0x200004fa        0x2 
 .bss._ZZ12Serial_beginE10serialInit
                0x200004fc        0x4 io_wrappers.o
 .bss.receivedSyncByteE
                0x20000500        0x1 rtiostream_serial_daemon.o
                0x20000500                receivedSyncByteE
 .bss.OverrunFlag
                0x20000501        0x1 ert_main.o
 *fill*         0x20000502        0x2 
 .bss.IsrOverrun
                0x20000504        0x4 ert_main.o
                0x20000504                IsrOverrun
 .bss.usb_isr   0x20000508        0x4 C:/Users/yoany-pc/DOCUME~1/MATLAB/R2023b/ArduinoStaticLibrary/ArduinoNano33IoT/FasterRuns\libcore.a(cortex_handlers.o)
 .bss._ulTickCount
                0x2000050c        0x4 C:/Users/yoany-pc/DOCUME~1/MATLAB/R2023b/ArduinoStaticLibrary/ArduinoNano33IoT/FasterRuns\libcore.a(delay.o)
 .bss.tcEnabled.12353
                0x20000510        0x6 C:/Users/yoany-pc/DOCUME~1/MATLAB/R2023b/ArduinoStaticLibrary/ArduinoNano33IoT/FasterRuns\libcore.a(wiring_analog.o)
 *fill*         0x20000516        0x2 
 .bss.SerialUSB
                0x20000518       0x34 C:/Users/yoany-pc/DOCUME~1/MATLAB/R2023b/ArduinoStaticLibrary/ArduinoNano33IoT/FasterRuns\libcore.a(CDC.o)
                0x20000518                SerialUSB
 .bss._ZZ12PluggableUSBvE3obj
                0x2000054c        0x8 C:/Users/yoany-pc/DOCUME~1/MATLAB/R2023b/ArduinoStaticLibrary/ArduinoNano33IoT/FasterRuns\libcore.a(PluggableUSB.o)
 .bss._ZGVZ12PluggableUSBvE3obj
                0x20000554        0x4 C:/Users/yoany-pc/DOCUME~1/MATLAB/R2023b/ArduinoStaticLibrary/ArduinoNano33IoT/FasterRuns\libcore.a(PluggableUSB.o)
 .bss._ZL14isEndpointHalt