Archive member included because of file (symbol)

C:/Users/yoany-pc/DOCUME~1/MATLAB/R2023b/ArduinoStaticLibrary/ArduinoNano33IoT/FasterRuns\libipwifi.a(WiFi.o)
                              MW_ArduinoHWInit.o (WiFiClass::begin(char const*, char const*))
C:/Users/yoany-pc/DOCUME~1/MATLAB/R2023b/ArduinoStaticLibrary/ArduinoNano33IoT/FasterRuns\libipwifi.a(WiFiClient.o)
                              MW_WiFiTCP.o (WiFiClient::WiFiClient())
C:/Users/yoany-pc/DOCUME~1/MATLAB/R2023b/ArduinoStaticLibrary/ArduinoNano33IoT/FasterRuns\libipwifi.a(WiFiServer.o)
                              MW_WiFiTCP.o (WiFiServer::WiFiServer(unsigned short))
C:/Users/yoany-pc/DOCUME~1/MATLAB/R2023b/ArduinoStaticLibrary/ArduinoNano33IoT/FasterRuns\libipwifi.a(server_drv.o)
                              C:/Users/yoany-pc/DOCUME~1/MATLAB/R2023b/ArduinoStaticLibrary/ArduinoNano33IoT/FasterRuns\libipwifi.a(WiFiServer.o) (ServerDrv::startServer(unsigned short, unsigned char, unsigned char))
C:/Users/yoany-pc/DOCUME~1/MATLAB/R2023b/ArduinoStaticLibrary/ArduinoNano33IoT/FasterRuns\libipwifi.a(spi_drv.o)
                              C:/Users/yoany-pc/DOCUME~1/MATLAB/R2023b/ArduinoStaticLibrary/ArduinoNano33IoT/FasterRuns\libipwifi.a(server_drv.o) (SpiDrv::begin())
C:/Users/yoany-pc/DOCUME~1/MATLAB/R2023b/ArduinoStaticLibrary/ArduinoNano33IoT/FasterRuns\libipwifi.a(wifi_drv.o)
                              C:/Users/yoany-pc/DOCUME~1/MATLAB/R2023b/ArduinoStaticLibrary/ArduinoNano33IoT/FasterRuns\libipwifi.a(WiFiClient.o) (WiFiDrv::getRemoteData(unsigned char, unsigned char*, unsigned char*))
C:/Users/yoany-pc/DOCUME~1/MATLAB/R2023b/ArduinoStaticLibrary/ArduinoNano33IoT/FasterRuns\libipwifi.a(WiFiSocketBuffer.o)
                              C:/Users/yoany-pc/DOCUME~1/MATLAB/R2023b/ArduinoStaticLibrary/ArduinoNano33IoT/FasterRuns\libipwifi.a(WiFiClient.o) (WiFiSocketBufferClass::close(int))
C:/Users/yoany-pc/DOCUME~1/MATLAB/R2023b/ArduinoStaticLibrary/ArduinoNano33IoT/FasterRuns\libipwifi.a(variant.o)
                              C:/Users/yoany-pc/DOCUME~1/MATLAB/R2023b/ArduinoStaticLibrary/ArduinoNano33IoT/FasterRuns\libipwifi.a(spi_drv.o) (PINCOUNT_fn)
C:/Users/yoany-pc/DOCUME~1/MATLAB/R2023b/ArduinoStaticLibrary/ArduinoNano33IoT/FasterRuns\libcomm.a(SPI.o)
                              C:/Users/yoany-pc/DOCUME~1/MATLAB/R2023b/ArduinoStaticLibrary/ArduinoNano33IoT/FasterRuns\libipwifi.a(spi_drv.o) (SPIClass::begin())
C:/Users/yoany-pc/DOCUME~1/MATLAB/R2023b/ArduinoStaticLibrary/ArduinoNano33IoT/FasterRuns\libcore.a(cortex_handlers.o)
                              (Reset_Handler)
C:/Users/yoany-pc/DOCUME~1/MATLAB/R2023b/ArduinoStaticLibrary/ArduinoNano33IoT/FasterRuns\libcore.a(hooks.o)
                              C:/Users/yoany-pc/DOCUME~1/MATLAB/R2023b/ArduinoStaticLibrary/ArduinoNano33IoT/FasterRuns\libcore.a(cortex_handlers.o) (sysTickHook)
C:/Users/yoany-pc/DOCUME~1/MATLAB/R2023b/ArduinoStaticLibrary/ArduinoNano33IoT/FasterRuns\libcore.a(delay.o)
                              MW_WiFiTCP.o (millis)
C:/Users/yoany-pc/DOCUME~1/MATLAB/R2023b/ArduinoStaticLibrary/ArduinoNano33IoT/FasterRuns\libcore.a(startup.o)
                              C:/Users/yoany-pc/DOCUME~1/MATLAB/R2023b/ArduinoStaticLibrary/ArduinoNano33IoT/FasterRuns\libcore.a(cortex_handlers.o) (SystemInit)
C:/Users/yoany-pc/DOCUME~1/MATLAB/R2023b/ArduinoStaticLibrary/ArduinoNano33IoT/FasterRuns\libcore.a(wiring.o)
                              ert_main.o (init)
C:/Users/yoany-pc/DOCUME~1/MATLAB/R2023b/ArduinoStaticLibrary/ArduinoNano33IoT/FasterRuns\libcore.a(wiring_analog.o)
                              C:/Users/yoany-pc/DOCUME~1/MATLAB/R2023b/ArduinoStaticLibrary/ArduinoNano33IoT/FasterRuns\libcore.a(wiring.o) (analogReference)
C:/Users/yoany-pc/DOCUME~1/MATLAB/R2023b/ArduinoStaticLibrary/ArduinoNano33IoT/FasterRuns\libcore.a(wiring_digital.o)
                              MW_arduino_digitalio.o (pinMode)
C:/Users/yoany-pc/DOCUME~1/MATLAB/R2023b/ArduinoStaticLibrary/ArduinoNano33IoT/FasterRuns\libcore.a(wiring_private.o)
                              C:/Users/yoany-pc/DOCUME~1/MATLAB/R2023b/ArduinoStaticLibrary/ArduinoNano33IoT/FasterRuns\libcomm.a(SPI.o) (pinPeripheral)
C:/Users/yoany-pc/DOCUME~1/MATLAB/R2023b/ArduinoStaticLibrary/ArduinoNano33IoT/FasterRuns\libcore.a(abi.o)
                              C:/Users/yoany-pc/DOCUME~1/MATLAB/R2023b/ArduinoStaticLibrary/ArduinoNano33IoT/FasterRuns\libipwifi.a(WiFiClient.o) (__cxa_pure_virtual)
C:/Users/yoany-pc/DOCUME~1/MATLAB/R2023b/ArduinoStaticLibrary/ArduinoNano33IoT/FasterRuns\libcore.a(IPAddress.o)
                              C:/Users/yoany-pc/DOCUME~1/MATLAB/R2023b/ArduinoStaticLibrary/ArduinoNano33IoT/FasterRuns\libipwifi.a(WiFi.o) (IPAddress::IPAddress())
C:/Users/yoany-pc/DOCUME~1/MATLAB/R2023b/ArduinoStaticLibrary/ArduinoNano33IoT/FasterRuns\libcore.a(Print.o)
[...]
Memory Configuration

Name             Origin             Length             Attributes
FLASH            0x00002000         0x0003e000         xr
RAM              0x20000000         0x00008000         xrw
*default*        0x00000000         0xffffffff

Linker script and memory map

LOAD c:/programdata/matlab/supportpackages/r2023b/aide/tools/arm-none-eabi-gcc/4.8.3-2014q1/bin/../lib/gcc/arm-none-eabi/4.8.3/armv6-m/crti.o
LOAD c:/programdata/matlab/supportpackages/r2023b/aide/tools/arm-none-eabi-gcc/4.8.3-2014q1/bin/../lib/gcc/arm-none-eabi/4.8.3/armv6-m/crtbegin.o
LOAD c:/programdata/matlab/supportpackages/r2023b/aide/tools/arm-none-eabi-gcc/4.8.3-2014q1/bin/../lib/gcc/arm-none-eabi/4.8.3/../../../../arm-none-eabi/lib/armv6-m/crt0.o
START GROUP
LOAD C:/ProgramData/MATLAB/SupportPackages/R2023b/aIDE/portable/packages/arduino/tools/CMSIS/4.5.0/CMSIS/Lib/GCC\libarm_cortexM0l_math.a
LOAD MW_arduino_digitalio.o
LOAD MW_WiFiTCP.o
LOAD arduino_tcpip_receive.o
LOAD MW_ArduinoHWInit.o
LOAD io_wrappers.o
LOAD mw_samd_nvic.o
LOAD arduinoARM_M0plusScheduler.o
LOAD m0m1m0plus_multitasking.o
LOAD ert_main.o
LOAD C:\Users\yoany-pc\DOCUME~1\MATLAB\R2023b\ArduinoStaticLibrary\ArduinoNano33IoT\FasterRuns\MW_RebuildSrc_WiFi.o
LOAD C:\Users\yoany-pc\DOCUME~1\MATLAB\R2023b\ArduinoStaticLibrary\ArduinoNano33IoT\FasterRuns\MW_RebuildSrc_Comm.o
LOAD C:\Users\yoany-pc\DOCUME~1\MATLAB\R2023b\ArduinoStaticLibrary\ArduinoNano33IoT\FasterRuns\MW_RebuildSrc_Core.o
END GROUP
LOAD c:/programdata/matlab/supportpackages/r2023b/aide/tools/arm-none-eabi-gcc/4.8.3-2014q1/bin/../lib/gcc/arm-none-eabi/4.8.3/../../../../arm-none-eabi/lib/armv6-m\libm.a
LOAD C:/Users/yoany-pc/DOCUME~1/MATLAB/R2023b/ArduinoStaticLibrary/ArduinoNano33IoT/FasterRuns\libipwifi.a
LOAD C:/Users/yoany-pc/DOCUME~1/MATLAB/R2023b/ArduinoStaticLibrary/ArduinoNano33IoT/FasterRuns\libcomm.a
LOAD C:/Users/yoany-pc/DOCUME~1/MATLAB/R2023b/ArduinoStaticLibrary/ArduinoNano33IoT/FasterRuns\libcore.a
START GROUP
LOAD c:/programdata/matlab/supportpackages/r2023b/aide/tools/arm-none-eabi-gcc/4.8.3-2014q1/bin/../lib/gcc/arm-none-eabi/4.8.3/armv6-m\libgcc.a
LOAD c:/programdata/matlab/supportpackages/r2023b/aide/tools/arm-none-eabi-gcc/4.8.3-2014q1/bin/../lib/gcc/arm-none-eabi/4.8.3/../../../../arm-none-eabi/lib/armv6-m\libg_s.a
LOAD c:/programdata/matlab/supportpackages/r2023b/aide/tools/arm-none-eabi-gcc/4.8.3-2014q1/bin/../lib/gcc/arm-none-eabi/4.8.3/../../../../arm-none-eabi/lib/armv6-m\libc_s.a
END GROUP
START GROUP
LOAD c:/programdata/matlab/supportpackages/r2023b/aide/tools/arm-none-eabi-gcc/4.8.3-2014q1/bin/../lib/gcc/arm-none-eabi/4.8.3/armv6-m\libgcc.a
LOAD c:/programdata/matlab/supportpackages/r2023b/aide/tools/arm-none-eabi-gcc/4.8.3-2014q1/bin/../lib/gcc/arm-none-eabi/4.8.3/../../../../arm-none-eabi/lib/armv6-m\libc_s.a
LOAD c:/programdata/matlab/supportpackages/r2023b/aide/tools/arm-none-eabi-gcc/4.8.3-2014q1/bin/../lib/gcc/arm-none-eabi/4.8.3/../../../../arm-none-eabi/lib/armv6-m\libnosys.a
END GROUP
START GROUP
LOAD c:/programdata/matlab/supportpackages/r2023b/aide/tools/arm-none-eabi-gcc/4.8.3-2014q1/bin/../lib/gcc/arm-none-eabi/4.8.3/armv6-m\libgcc.a
LOAD c:/programdata/matlab/supportpackages/r2023b/aide/tools/arm-none-eabi-gcc/4.8.3-2014q1/bin/../lib/gcc/arm-none-eabi/4.8.3/../../../../arm-none-eabi/lib/armv6-m\libc_s.a
LOAD c:/programdata/matlab/supportpackages/r2023b/aide/tools/arm-none-eabi-gcc/4.8.3-2014q1/bin/../lib/gcc/arm-none-eabi/4.8.3/../../../../arm-none-eabi/lib/armv6-m\libnosys.a
END GROUP
LOAD c:/programdata/matlab/supportpackages/r2023b/aide/tools/arm-none-eabi-gcc/4.8.3-2014q1/bin/../lib/gcc/arm-none-eabi/4.8.3/armv6-m/crtend.o
LOAD c:/programdata/matlab/supportpackages/r2023b/aide/tools/arm-none-eabi-gcc/4.8.3-2014q1/bin/../lib/gcc/arm-none-eabi/4.8.3/armv6-m/crtn.o

.text           0x00002000     0x567c
                0x00002000                __text_start__ = .
 *(.sketch_boot)
                0x00002000                . = ALIGN (0x2000)
 *(.isr_vector)
 .isr_vector    0x00002000       0xb4 C:/Users/yoany-pc/DOCUME~1/MATLAB/R2023b/ArduinoStaticLibrary/ArduinoNano33IoT/FasterRuns\libcore.a(cortex_handlers.o)
                0x00002000                exception_table
 *(.text*)
 .text          0x000020b4       0x60 c:/programdata/matlab/supportpackages/r2023b/aide/tools/arm-none-eabi-gcc/4.8.3-2014q1/bin/../lib/gcc/arm-none-eabi/4.8.3/armv6-m/crtbegin.o
 .text.digitalIOSetup
                0x00002114       0x12 MW_arduino_digitalio.o
                0x00002114                digitalIOSetup
 .text.writeDigitalPin
                0x00002126        0xe MW_arduino_digitalio.o
                0x00002126                writeDigitalPin
 .text.checkDataBlockingMode
                0x00002134       0xc0 MW_WiFiTCP.o
                0x00002134                checkDataBlockingMode
 .text.checkClientConnectionBlockingMode
                0x000021f4       0xe8 MW_WiFiTCP.o
                0x000021f4                checkClientConnectionBlockingMode
 .text.MW_WifiTCPFinalread
                0x000022dc      0x148 MW_WiFiTCP.o
                0x000022dc                MW_WifiTCPFinalread
 .text.startup._GLOBAL__sub_I_server
                0x00002424       0x44 MW_WiFiTCP.o
 .text.MW_WifiAndWifiTCPServerBegin
                0x00002468       0x2c MW_WiFiTCP.o
                0x00002468                MW_WifiAndWifiTCPServerBegin
 .text.arduino_tcpip_receive_step
                0x00002494       0x3c arduino_tcpip_receive.o
                0x00002494                arduino_tcpip_receive_step
 .text.arduino_tcpip_receive_initialize
                0x000024d0       0x68 arduino_tcpip_receive.o
                0x000024d0                arduino_tcpip_receive_initialize
 .text.arduino_tcpip_receive_terminate
                0x00002538       0x14 arduino_tcpip_receive.o
                0x00002538                arduino_tcpip_receive_terminate
 .text.MW_Arduino_Init
                0x0000254c       0xe0 MW_ArduinoHWInit.o
                0x0000254c                MW_Arduino_Init
 .text.MW_Arduino_Terminate
                0x0000262c        0x8 MW_ArduinoHWInit.o
                0x0000262c                MW_Arduino_Terminate
 .text.startup._GLOBAL__sub_I_wifiLocalIpAddress
                0x00002634       0x40 MW_ArduinoHWInit.o
 .text.MW_usbattach
                0x00002674       0x1c io_wrappers.o
                0x00002674                MW_usbattach
 .text.Serial_begin
                0x00002690       0x48 io_wrappers.o
                0x00002690                Serial_begin
 .text._ZL13Scheduler_Isrv
                0x000026d8        0xc arduinoARM_M0plusScheduler.o
 .text.resetExternalChip
                0x000026e4        0x2 arduinoARM_M0plusScheduler.o
                0x000026e4                resetExternalChip
 *fill*         0x000026e6        0x2 
 .text.RTC_Handler
                0x000026e8       0x20 arduinoARM_M0plusScheduler.o
                0x000026e8                RTC_Handler
 .text.Setup_SchedulerRTC
                0x00002708       0xac arduinoARM_M0plusScheduler.o
                0x00002708                Setup_SchedulerRTC
 .text.configureArduinoARM_M0plusTimer
                0x000027b4       0x14 arduinoARM_M0plusScheduler.o
                0x000027b4                configureArduinoARM_M0plusTimer
 .text.disable_rt_OneStep
                0x000027c8       0x14 arduinoARM_M0plusScheduler.o
                0x000027c8                disable_rt_OneStep
 .text.MW_Arduino_Loop
                0x000027dc        0x4 arduinoARM_M0plusScheduler.o
                0x000027dc                MW_Arduino_Loop
 .text.arm_cortex_m_call_thread_with_context_switch
                0x000027e0       0x24 m0m1m0plus_multitasking.o
                0x000027e0                arm_cortex_m_call_thread_with_context_switch
 .text.SVC_Handler
                0x00002804       0x2c m0m1m0plus_multitasking.o
                0x00002804                SVC_Handler
 .text.rt_OneStep
                0x00002830       0x34 ert_main.o
                0x00002830                rt_OneStep
 .text.startup.main
                0x00002864       0x74 ert_main.o
                0x00002864                main
 .text._ZN9WiFiClass5beginEPKcS1_
                0x000028d8       0x50 C:/Users/yoany-pc/DOCUME~1/MATLAB/R2023b/ArduinoStaticLibrary/ArduinoNano33IoT/FasterRuns\libipwifi.a(WiFi.o)
                0x000028d8                WiFiClass::begin(char const*, char const*)
 .text._ZN9WiFiClass6configE9IPAddress
                0x00002928       0x10 C:/Users/yoany-pc/DOCUME~1/MATLAB/R2023b/ArduinoStaticLibrary/ArduinoNano33IoT/FasterRuns\libipwifi.a(WiFi.o)
                0x00002928                WiFiClass::config(IPAddress)
 .text._ZN9WiFiClass7localIPEv
                0x00002938       0x12 C:/Users/yoany-pc/DOCUME~1/MATLAB/R2023b/ArduinoStaticLibrary/ArduinoNano33IoT/FasterRuns\libipwifi.a(WiFi.o)
                0x00002938                WiFiClass::localIP()
 .text._ZN9WiFiClass10hostByNameEPKcR9IPAddress
                0x0000294a        0xc C:/Users/yoany-pc/DOCUME~1/MATLAB/R2023b/ArduinoStaticLibrary/ArduinoNano33IoT/FasterRuns\libipwifi.a(WiFi.o)
                0x0000294a                WiFiClass::hostByName(char const*, IPAddress&)
 *fill*         0x00002956        0x2 
 .text.startup._GLOBAL__sub_I__ZN9WiFiClassC2Ev
                0x00002958       0x24 C:/Users/yoany-pc/DOCUME~1/MATLAB/R2023b/ArduinoStaticLibrary/ArduinoNano33IoT/FasterRuns\libipwifi.a(WiFi.o)
 .text._ZN5Print17availableForWriteEv
                0x0000297c        0x4 C:/Users/yoany-pc/DOCUME~1/MATLAB/R2023b/ArduinoStaticLibrary/ArduinoNano33IoT/FasterRuns\libipwifi.a(WiFiClient.o)
                0x0000297c                Print::availableForWrite()
 .text._ZN5Print5flushEv
                0x00002980        0x2 C:/Users/yoany-pc/DOCUME~1/MATLAB/R2023b/ArduinoStaticLibrary/ArduinoNano33IoT/FasterRuns\libipwifi.a(WiFiClient.o)
                0x00002980                Print::flush()
 .text._ZN10WiFiClient5writeEh
                0x00002982       0x14 C:/Users/yoany-pc/DOCUME~1/MATLAB/R2023b/ArduinoStaticLibrary/ArduinoNano33IoT/FasterRuns\libipwifi.a(WiFiClient.o)
                0x00002982                WiFiClient::write(unsigned char)
 .text._ZN10WiFiClient5flushEv
                0x00002996        0x2 C:/Users/yoany-pc/DOCUME~1/MATLAB/R2023b/ArduinoStaticLibrary/ArduinoNano33IoT/FasterRuns\libipwifi.a(WiFiClient.o)
                0x00002996                WiFiClient::flush()
 .text._ZN10WiFiClientcvbEv
                0x00002998        0xc C:/Users/yoany-pc/DOCUME~1/MATLAB/R2023b/ArduinoStaticLibrary/ArduinoNano33IoT/FasterRuns\libipwifi.a(WiFiClient.o)
                0x00002998                WiFiClient::operator bool()
 .text._ZN10WiFiClient7connectEPKct
                0x000029a4       0x3c C:/Users/yoany-pc/DOCUME~1/MATLAB/R2023b/ArduinoStaticLibrary/ArduinoNano33IoT/FasterRuns\libipwifi.a(WiFiClient.o)
                0x000029a4                WiFiClient::connect(char const*, unsigned short)
 .text._ZN10WiFiClient7connectE9IPAddresst
                0x000029e0       0x7c C:/Users/yoany-pc/DOCUME~1/MATLAB/R2023b/ArduinoStaticLibrary/ArduinoNano33IoT/FasterRuns\libipwifi.a(WiFiClient.o)
                0x000029e0                WiFiClient::connect(IPAddress, unsigned short)
 .text._ZN10WiFiClient10connectSSLE9IPAddresst
                0x00002a5c       0x7c C:/Users/yoany-pc/DOCUME~1/MATLAB/R2023b/ArduinoStaticLibrary/ArduinoNano33IoT/FasterRuns\libipwifi.a(WiFiClient.o)
                0x00002a5c                WiFiClient::connectSSL(IPAddress, unsigned short)
 .text._ZN10WiFiClient10connectSSLEPKct
                0x00002ad8       0x88 C:/Users/yoany-pc/DOCUME~1/MATLAB/R2023b/ArduinoStaticLibrary/ArduinoNano33IoT/FasterRuns\libipwifi.a(WiFiClient.o)
                0x00002ad8                WiFiClient::connectSSL(char const*, unsigned short)
 .text._ZN10WiFiClient5writeEPKhj
                0x00002b60       0x36 C:/Users/yoany-pc/DOCUME~1/MATLAB/R2023b/ArduinoStaticLibrary/ArduinoNano33IoT/FasterRuns\libipwifi.a(WiFiClient.o)
                0x00002b60                WiFiClient::write(unsigned char const*, unsigned int)
 *fill*         0x00002b96        0x2 
 .text._ZN10WiFiClient9availableEv
                0x00002b98       0x18 C:/Users/yoany-pc/DOCUME~1/MATLAB/R2023b/ArduinoStaticLibrary/ArduinoNano33IoT/FasterRuns\libipwifi.a(WiFiClient.o)
                0x00002b98                WiFiClient::available()
 .text._ZN10WiFiClient4readEv
                0x00002bb0       0x2c C:/Users/yoany-pc/DOCUME~1/MATLAB/R2023b/ArduinoStaticLibrary/ArduinoNano33IoT/FasterRuns\libipwifi.a(WiFiClient.o)
                0x00002bb0                WiFiClient::read()
 .text._ZN10WiFiClient4readEPhj
                0x00002bdc       0x18 C:/Users/yoany-pc/DOCUME~1/MATLAB/R2023b/ArduinoStaticLibrary/ArduinoNano33IoT/FasterRuns\libipwifi.a(WiFiClient.o)
                0x00002bdc                WiFiClient::read(unsigned char*, unsigned int)
 .text._ZN10WiFiClient4peekEv
                0x00002bf4       0x10 C:/Users/yoany-pc/DOCUME~1/MATLAB/R2023b/ArduinoStaticLibrary/ArduinoNano33IoT/FasterRuns\libipwifi.a(WiFiClient.o)
                0x00002bf4                WiFiClient::peek()
 .text._ZN10WiFiClient10remotePortEv
                0x00002c04       0x20 C:/Users/yoany-pc/DOCUME~1/MATLAB/R2023b/ArduinoStaticLibrary/ArduinoNano33IoT/FasterRuns\libipwifi.a(WiFiClient.o)
                0x00002c04                WiFiClient::remotePort()
 .text._ZN10WiFiClient8remoteIPEv
                0x00002c24       0x20 C:/Users/yoany-pc/DOCUME~1/MATLAB/R2023b/ArduinoStaticLibrary/ArduinoNano33IoT/FasterRuns\libipwifi.a(WiFiClient.o)
                0x00002c24                WiFiClient::remoteIP()
 .text._ZN10WiFiClientC2Ev
                0x00002c44       0x1c C:/Users/yoany-pc/DOCUME~1/MATLAB/R2023b/ArduinoStaticLibrary/ArduinoNano33IoT/FasterRuns\libipwifi.a(WiFiClient.o)
                0x00002c44                WiFiClient::WiFiClient()
                0x00002c44                WiFiClient::WiFiClient()
 .text._ZN10WiFiClientC2Eh
                0x00002c60       0x18 C:/Users/yoany-pc/DOCUME~1/MATLAB/R2023b/ArduinoStaticLibrary/ArduinoNano33IoT/FasterRuns\libipwifi.a(WiFiClient.o)
                0x00002c60                WiFiClient::WiFiClient(unsigned char)
                0x00002c60                WiFiClient::WiFiClient(unsigned char)
 .text._ZN10WiFiClient6statusEv
                0x00002c78       0x12 C:/Users/yoany-pc/DOCUME~1/MATLAB/R2023b/ArduinoStaticLibrary/ArduinoNano33IoT/FasterRuns\libipwifi.a(WiFiClient.o)
                0x00002c78                WiFiClient::status()
 *fill*         0x00002c8a        0x2 
 .text._ZN10WiFiClient4stopEv
                0x00002c8c       0x3c C:/Users/yoany-pc/DOCUME~1/MATLAB/R2023b/ArduinoStaticLibrary/ArduinoNano33IoT/FasterRuns\libipwifi.a(WiFiClient.o)
                0x00002c8c                WiFiClient::stop()
 .text._ZN10WiFiClient9connectedEv
                0x00002cc8       0x50 C:/Users/yoany-pc/DOCUME~1/MATLAB/R2023b/ArduinoStaticLibrary/ArduinoNano33IoT/FasterRuns\libipwifi.a(WiFiClient.o)
                0x00002cc8                WiFiClient::connected()
 .text.startup._GLOBAL__sub_I__ZN10WiFiClient8_srcportE
                0x00002d18       0x18 C:/Users/yoany-pc/DOCUME~1/MATLAB/R2023b/ArduinoStaticLibrary/ArduinoNano33IoT/FasterRuns\libipwifi.a(WiFiClient.o)
 .text._ZN10WiFiServer5writeEh
                0x00002d30       0x14 C:/Users/yoany-pc/DOCUME~1/MATLAB/R2023b/ArduinoStaticLibrary/ArduinoNano33IoT/FasterRuns\libipwifi.a(WiFiServer.o)
                0x00002d30                WiFiServer::write(unsigned char)
 .text._ZN10WiFiServer5beginEv
                0x00002d44       0x1a C:/Users/yoany-pc/DOCUME~1/MATLAB/R2023b/ArduinoStaticLibrary/ArduinoNano33IoT/FasterRuns\libipwifi.a(WiFiServer.o)
                0x00002d44                WiFiServer::begin()
 .text._ZN10WiFiServer5writeEPKhj
                0x00002d5e       0x38 C:/Users/yoany-pc/DOCUME~1/MATLAB/R2023b/ArduinoStaticLibrary/ArduinoNano33IoT/FasterRuns\libipwifi.a(WiFiServer.o)
                0x00002d5e                WiFiServer::write(unsigned char const*, unsigned int)
 *fill*         0x00002d96        0x2 
 .text._ZN10WiFiServerC2Et
                0x00002d98       0x18 C:/Users/yoany-pc/DOCUME~1/MATLAB/R2023b/ArduinoStaticLibrary/ArduinoNano33IoT/FasterRuns\libipwifi.a(WiFiServer.o)
                0x00002d98                WiFiServer::WiFiServer(unsigned short)
                0x00002d98                WiFiServer::WiFiServer(unsigned short)
 .text._ZN10WiFiServer9availableEPh
                0x00002db0       0x8c C:/Users/yoany-pc/DOCUME~1/MATLAB/R2023b/ArduinoStaticLibrary/ArduinoNano33IoT/FasterRuns\libipwifi.a(WiFiServer.o)
                0x00002db0                WiFiServer::available(unsigned char*)
 .text.startup._GLOBAL__sub_I__ZN10WiFiServerC2Et
                0x00002e3c       0x18 C:/Users/yoany-pc/DOCUME~1/MATLAB/R2023b/ArduinoStaticLibrary/ArduinoNano33IoT/FasterRuns\libipwifi.a(WiFiServer.o)
 .text._ZN9ServerDrv11startServerEthh
                0x00002e54       0x78 C:/Users/yoany-pc/DOCUME~1/MATLAB/R2023b/ArduinoStaticLibrary/ArduinoNano33IoT/FasterRuns\libipwifi.a(server_drv.o)
                0x00002e54                ServerDrv::startServer(unsigned short, unsigned char, unsigned char)
 .text._ZN9ServerDrv11startClientEmthh
                0x00002ecc       0x80 C:/Users/yoany-pc/DOCUME~1/MATLAB/R2023b/ArduinoStaticLibrary/ArduinoNano33IoT/FasterRuns\libipwifi.a(server_drv.o)
                0x00002ecc                ServerDrv::startClient(unsigned long, unsigned short, unsigned char, unsigned char)
 .text._ZN9ServerDrv11startClientEPKchmthh
                0x00002f4c       0x90 C:/Users/yoany-pc/DOCUME~1/MATLAB/R2023b/ArduinoStaticLibrary/ArduinoNano33IoT/FasterRuns\libipwifi.a(server_drv.o)
                0x00002f4c                ServerDrv::startClient(char const*, unsigned char, unsigned long, unsigned short, unsigned char, unsigned char)
 .text._ZN9ServerDrv10stopClientEh
                0x00002fdc       0x64 C:/Users/yoany-pc/DOCUME~1/MATLAB/R2023b/ArduinoStaticLibrary/ArduinoNano33IoT/FasterRuns\libipwifi.a(server_drv.o)
                0x00002fdc                ServerDrv::stopClient(unsigned char)
 .text._ZN9ServerDrv14getClientStateEh
                0x00003040       0x68 C:/Users/yoany-pc/DOCUME~1/MATLAB/R2023b/ArduinoStaticLibrary/ArduinoNano33IoT/FasterRuns\libipwifi.a(server_drv.o)
                0x00003040                ServerDrv::getClientState(unsigned char)
 .text._ZN9ServerDrv11availServerEh
                0x000030a8       0x74 C:/Users/yoany-pc/DOCUME~1/MATLAB/R2023b/ArduinoStaticLibrary/ArduinoNano33IoT/FasterRuns\libipwifi.a(server_drv.o)
                0x000030a8                ServerDrv::availServer(unsigned char)
 .text._ZN9ServerDrv10getDataBufEhPhPt
                0x0000311c       0x68 C:/Users/yoany-pc/DOCUME~1/MATLAB/R2023b/ArduinoStaticLibrary/ArduinoNano33IoT/FasterRuns\libipwifi.a(server_drv.o)
                0x0000311c                ServerDrv::getDataBuf(unsigned char, unsigned char*, unsigned short*)
 .text._ZN9ServerDrv8sendDataEhPKht
                0x00003184       0x7c C:/Users/yoany-pc/DOCUME~1/MATLAB/R2023b/ArduinoStaticLibrary/ArduinoNano33IoT/FasterRuns\libipwifi.a(server_drv.o)
                0x00003184                ServerDrv::sendData(unsigned char, unsigned char const*, unsigned short)
 .text._ZN9ServerDrv13checkDataSentEh
                0x00003200       0x94 C:/Users/yoany-pc/DOCUME~1/MATLAB/R2023b/ArduinoStaticLibrary/ArduinoNano33IoT/FasterRuns\libipwifi.a(server_drv.o)
                0x00003200                ServerDrv::checkDataSent(unsigned char)
 .text._ZN9ServerDrv9getSocketEv
                0x00003294       0x50 C:/Users/yoany-pc/DOCUME~1/MATLAB/R2023b/ArduinoStaticLibrary/ArduinoNano33IoT/FasterRuns\libipwifi.a(server_drv.o)
                0x00003294                ServerDrv::getSocket()
 .text._ZN6SpiDrv5beginEv
                0x000032e4       0xb0 C:/Users/yoany-pc/DOCUME~1/MATLAB/R2023b/ArduinoStaticLibrary/ArduinoNano33IoT/FasterRuns\libipwifi.a(spi_drv.o)
                0x000032e4                SpiDrv::begin()
 .text._ZN6SpiDrv14spiSlaveSelectEv
                0x00003394       0x4c C:/Users/yoany-pc/DOCUME~1/MATLAB/R2023b/ArduinoStaticLibrary/ArduinoNano33IoT/FasterRuns\libipwifi.a(spi_drv.o)
                0x00003394                SpiDrv::spiSlaveSelect()
 .text._ZN6SpiDrv16spiSlaveDeselectEv
                0x000033e0       0x1c C:/Users/yoany-pc/DOCUME~1/MATLAB/R2023b/ArduinoStaticLibrary/ArduinoNano33IoT/FasterRuns\libipwifi.a(spi_drv.o)
                0x000033e0                SpiDrv::spiSlaveDeselect()
 .text._ZN6SpiDrv11spiTransferEc
                0x000033fc       0x18 C:/Users/yoany-pc/DOCUME~1/MATLAB/R2023b/ArduinoStaticLibrary/ArduinoNano33IoT/FasterRuns\libipwifi.a(spi_drv.o)
                0x000033fc                SpiDrv::spiTransfer(char)
 .text._ZN6SpiDrv17waitForSlaveReadyEv
                0x00003414       0x14 C:/Users/yoany-pc/DOCUME~1/MATLAB/R2023b/ArduinoStaticLibrary/ArduinoNano33IoT/FasterRuns\libipwifi.a(spi_drv.o)
                0x00003414                SpiDrv::waitForSlaveReady()
 .text._ZN6SpiDrv8getParamEPh
                0x00003428        0xe C:/Users/yoany-pc/DOCUME~1/MATLAB/R2023b/ArduinoStaticLibrary/ArduinoNano33IoT/FasterRuns\libipwifi.a(spi_drv.o)
                0x00003428                SpiDrv::getParam(unsigned char*)
 .text._ZN6SpiDrv16readAndCheckCharEcPc
                0x00003436       0x16 C:/Users/yoany-pc/DOCUME~1/MATLAB/R2023b/ArduinoStaticLibrary/ArduinoNano33IoT/FasterRuns\libipwifi.a(spi_drv.o)
                0x00003436                SpiDrv::readAndCheckChar(char, char*)
 .text._ZN6SpiDrv8readCharEv
                0x0000344c       0x14 C:/Users/yoany-pc/DOCUME~1/MATLAB/R2023b/ArduinoStaticLibrary/ArduinoNano33IoT/FasterRuns\libipwifi.a(spi_drv.o)
                0x0000344c                SpiDrv::readChar()
 .text._ZN6SpiDrv11waitSpiCharEh
                0x00003460       0x2c C:/Users/yoany-pc/DOCUME~1/MATLAB/R2023b/ArduinoStaticLibrary/ArduinoNano33IoT/FasterRuns\libipwifi.a(spi_drv.o)
                0x00003460                SpiDrv::waitSpiChar(unsigned char)
 .text._ZN6SpiDrv18waitResponseParamsEhhP6tParam
                0x0000348c       0x94 C:/Users/yoany-pc/DOCUME~1/MATLAB/R2023b/ArduinoStaticLibrary/ArduinoNano33IoT/FasterRuns\libipwifi.a(spi_drv.o)
                0x0000348c                SpiDrv::waitResponseParams(unsigned char, unsigned char, tParam*)
 .text._ZN6SpiDrv9sendParamEPhhh
                0x00003520       0x2c C:/Users/yoany-pc/DOCUME~1/MATLAB/R2023b/ArduinoStaticLibrary/ArduinoNano33IoT/FasterRuns\libipwifi.a(spi_drv.o)
                0x00003520                SpiDrv::sendParam(unsigned char*, unsigned char, unsigned char)
 .text._ZN6SpiDrv14sendParamLen16Et
                0x0000354c       0x12 C:/Users/yoany-pc/DOCUME~1/MATLAB/R2023b/ArduinoStaticLibrary/ArduinoNano33IoT/FasterRuns\libipwifi.a(spi_drv.o)
                0x0000354c                SpiDrv::sendParamLen16(unsigned short)
 .text._ZN6SpiDrv13readParamLen8EPh
                0x0000355e       0x12 C:/Users/yoany-pc/DOCUME~1/MATLAB/R2023b/ArduinoStaticLibrary/ArduinoNano33IoT/FasterRuns\libipwifi.a(spi_drv.o)
                0x0000355e                SpiDrv::readParamLen8(unsigned char*)
 .text._ZN6SpiDrv15waitResponseCmdEhhPhS0_
                0x00003570       0x68 C:/Users/yoany-pc/DOCUME~1/MATLAB/R2023b/ArduinoStaticLibrary/ArduinoNano33IoT/FasterRuns\libipwifi.a(spi_drv.o)
                0x00003570                SpiDrv::waitResponseCmd(unsigned char, unsigned char, unsigned char*, unsigned char*)
 .text._ZN6SpiDrv17waitResponseData8EhPhS0_
                0x000035d8       0x60 C:/Users/yoany-pc/DOCUME~1/MATLAB/R2023b/ArduinoStaticLibrary/ArduinoNano33IoT/FasterRuns\libipwifi.a(spi_drv.o)
                0x000035d8                SpiDrv::waitResponseData8(unsigned char, unsigned char*, unsigned char*)
 .text._ZN6SpiDrv14readParamLen16EPt
                0x00003638       0x20 C:/Users/yoany-pc/DOCUME~1/MATLAB/R2023b/ArduinoStaticLibrary/ArduinoNano33IoT/FasterRuns\libipwifi.a(spi_drv.o)
                0x00003638                SpiDrv::readParamLen16(unsigned short*)
 .text._ZN6SpiDrv18waitResponseData16EhPhPt
                0x00003658       0x66 C:/Users/yoany-pc/DOCUME~1/MATLAB/R2023b/ArduinoStaticLibrary/ArduinoNano33IoT/FasterRuns\libipwifi.a(spi_drv.o)
                0x00003658                SpiDrv::waitResponseData16(unsigned char, unsigned char*, unsigned short*)
 .text._ZN6SpiDrv10sendBufferEPhth
                0x000036be       0x2e C:/Users/yoany-pc/DOCUME~1/MATLAB/R2023b/ArduinoStaticLibrary/ArduinoNano33IoT/FasterRuns\libipwifi.a(spi_drv.o)
                0x000036be                SpiDrv::sendBuffer(unsigned char*, unsigned short, unsigned char)
 .text._ZN6SpiDrv9sendParamEth
                0x000036ec       0x24 C:/Users/yoany-pc/DOCUME~1/MATLAB/R2023b/ArduinoStaticLibrary/ArduinoNano33IoT/FasterRuns\libipwifi.a(spi_drv.o)
                0x000036ec                SpiDrv::sendParam(unsigned short, unsigned char)
 .text._ZN6SpiDrv7sendCmdEhh
                0x00003710       0x26 C:/Users/yoany-pc/DOCUME~1/MATLAB/R2023b/ArduinoStaticLibrary/ArduinoNano33IoT/FasterRuns\libipwifi.a(spi_drv.o)
                0x00003710                SpiDrv::sendCmd(unsigned char, unsigned char)
 .text._ZN6SpiDrv9availableEv
                0x00003736        0xe C:/Users/yoany-pc/DOCUME~1/MATLAB/R2023b/ArduinoStaticLibrary/ArduinoNano33IoT/FasterRuns\libipwifi.a(spi_drv.o)
                0x00003736                SpiDrv::available()
 .text.startup._GLOBAL__sub_I__ZN6SpiDrv11initializedE
                0x00003744       0x18 C:/Users/yoany-pc/DOCUME~1/MATLAB/R2023b/ArduinoStaticLibrary/ArduinoNano33IoT/FasterRuns\libipwifi.a(spi_drv.o)
 .text._ZN7WiFiDrv14getNetworkDataEPhS0_S0_
                0x0000375c       0x88 C:/Users/yoany-pc/DOCUME~1/MATLAB/R2023b/ArduinoStaticLibrary/ArduinoNano33IoT/FasterRuns\libipwifi.a(wifi_drv.o)
                0x0000375c                WiFiDrv::getNetworkData(unsigned char*, unsigned char*, unsigned char*)
 .text._ZN7WiFiDrv13getRemoteDataEhPhS0_
                0x000037e4       0x78 C:/Users/yoany-pc/DOCUME~1/MATLAB/R2023b/ArduinoStaticLibrary/ArduinoNano33IoT/FasterRuns\libipwifi.a(wifi_drv.o)
                0x000037e4                WiFiDrv::getRemoteData(unsigned char, unsigned char*, unsigned char*)
 .text._ZN7WiFiDrv17wifiSetPassphraseEPKchS1_h
                0x0000385c       0x84 C:/Users/yoany-pc/DOCUME~1/MATLAB/R2023b/ArduinoStaticLibrary/ArduinoNano33IoT/FasterRuns\libipwifi.a(wifi_drv.o)
                0x0000385c                WiFiDrv::wifiSetPassphrase(char const*, unsigned char, char const*, unsigned char)
 .text._ZN7WiFiDrv6configEhmmm
                0x000038e0       0x98 C:/Users/yoany-pc/DOCUME~1/MATLAB/R2023b/ArduinoStaticLibrary/ArduinoNano33IoT/FasterRuns\libipwifi.a(wifi_drv.o)
                0x000038e0                WiFiDrv::config(unsigned char, unsigned long, unsigned long, unsigned long)
 .text._ZN7WiFiDrv19getConnectionStatusEv
                0x00003978       0x50 C:/Users/yoany-pc/DOCUME~1/MATLAB/R2023b/ArduinoStaticLibrary/ArduinoNano33IoT/FasterRuns\libipwifi.a(wifi_drv.o)
                0x00003978                WiFiDrv::getConnectionStatus()
 .text._ZN7WiFiDrv12getIpAddressER9IPAddress
                0x000039c8       0x28 C:/Users/yoany-pc/DOCUME~1/MATLAB/R2023b/ArduinoStaticLibrary/ArduinoNano33IoT/FasterRuns\libipwifi.a(wifi_drv.o)
                0x000039c8                WiFiDrv::getIpAddress(IPAddress&)
 .text._ZN7WiFiDrv13reqHostByNameEPKc
                0x000039f0       0x84 C:/Users/yoany-pc/DOCUME~1/MATLAB/R2023b/ArduinoStaticLibrary/ArduinoNano33IoT/FasterRuns\libipwifi.a(wifi_drv.o)
                0x000039f0                WiFiDrv::reqHostByName(char const*)
 .text._ZN7WiFiDrv13getHostByNameER9IPAddress
                0x00003a74       0x74 C:/Users/yoany-pc/DOCUME~1/MATLAB/R2023b/ArduinoStaticLibrary/ArduinoNano33IoT/FasterRuns\libipwifi.a(wifi_drv.o)
                0x00003a74                WiFiDrv::getHostByName(IPAddress&)
 .text._ZN7WiFiDrv13getHostByNameEPKcR9IPAddress
                0x00003ae8       0x1a C:/Users/yoany-pc/DOCUME~1/MATLAB/R2023b/ArduinoStaticLibrary/ArduinoNano33IoT/FasterRuns\libipwifi.a(wifi_drv.o)
                0x00003ae8                WiFiDrv::getHostByName(char const*, IPAddress&)
 *fill*         0x00003b02        0x2 
 .text.startup._GLOBAL__sub_I__ZN7WiFiDrv12_networkSsidE
                0x00003b04       0x18 C:/Users/yoany-pc/DOCUME~1/MATLAB/R2023b/ArduinoStaticLibrary/ArduinoNano33IoT/FasterRuns\libipwifi.a(wifi_drv.o)
 .text._ZN21WiFiSocketBufferClassC2Ev
                0x00003b1c       0x10 C:/Users/yoany-pc/DOCUME~1/MATLAB/R2023b/ArduinoStaticLibrary/ArduinoNano33IoT/FasterRuns\libipwifi.a(WiFiSocketBuffer.o)
                0x00003b1c                WiFiSocketBufferClass::WiFiSocketBufferClass()
                0x00003b1c                WiFiSocketBufferClass::WiFiSocketBufferClass()
 .text._ZN21WiFiSocketBufferClass5closeEi
                0x00003b2c       0x1c C:/Users/yoany-pc/DOCUME~1/MATLAB/R2023b/ArduinoStaticLibrary/ArduinoNano33IoT/FasterRuns\libipwifi.a(WiFiSocketBuffer.o)
                0x00003b2c                WiFiSocketBufferClass::close(int)
 .text._ZN21WiFiSocketBufferClassD2Ev
                0x00003b48       0x18 C:/Users/yoany-pc/DOCUME~1/MATLAB/R2023b/ArduinoStaticLibrary/ArduinoNano33IoT/FasterRuns\libipwifi.a(WiFiSocketBuffer.o)
                0x00003b48                WiFiSocketBufferClass::~WiFiSocketBufferClass()
                0x00003b48                WiFiSocketBufferClass::~WiFiSocketBufferClass()
 .text._ZN21WiFiSocketBufferClass9availableEi
                0x00003b60       0x58 C:/Users/yoany-pc/DOCUME~1/MATLAB/R2023b/ArduinoStaticLibrary/ArduinoNano33IoT/FasterRuns\libipwifi.a(WiFiSocketBuffer.o)
                0x00003b60                WiFiSocketBufferClass::available(int)
 .text._ZN21WiFiSocketBufferClass4peekEi
                0x00003bb8       0x20 C:/Users/yoany-pc/DOCUME~1/MATLAB/R2023b/ArduinoStaticLibrary/ArduinoNano33IoT/FasterRuns\libipwifi.a(WiFiSocketBuffer.o)
                0x00003bb8                WiFiSocketBufferClass::peek(int)
 .text._ZN21WiFiSocketBufferClass4readEiPhj
                0x00003bd8       0x3c C:/Users/yoany-pc/DOCUME~1/MATLAB/R2023b/ArduinoStaticLibrary/ArduinoNano33IoT/FasterRuns\libipwifi.a(WiFiSocketBuffer.o)
                0x00003bd8                WiFiSocketBufferClass::read(int, unsigned char*, unsigned int)
 .text.startup._GLOBAL__sub_I__ZN21WiFiSocketBufferClassC2Ev
                0x00003c14       0x24 C:/Users/yoany-pc/DOCUME~1/MATLAB/R2023b/ArduinoStaticLibrary/ArduinoNano33IoT/FasterRuns\libipwifi.a(WiFiSocketBuffer.o)
 .text.PINCOUNT_fn
                0x00003c38        0x4 C:/Users/yoany-pc/DOCUME~1/MATLAB/R2023b/ArduinoStaticLibrary/ArduinoNano33IoT/FasterRuns\libipwifi.a(variant.o)
                0x00003c38                PINCOUNT_fn
 .text.SERCOM5_Handler
                0x00003c3c       0x10 C:/Users/yoany-pc/DOCUME~1/MATLAB/R2023b/ArduinoStaticLibrary/ArduinoNano33IoT/FasterRuns\libipwifi.a(variant.o)
                0x00003c3c                SERCOM5_Handler
 .text.SERCOM3_Handler
                0x00003c4c       0x10 C:/Users/yoany-pc/DOCUME~1/MATLAB/R2023b/ArduinoStaticLibrary/ArduinoNano33IoT/FasterRuns\libipwifi.a(variant.o)
                0x00003c4c                SERCOM3_Handler
 .text.SERCOM2_Handler
                0x00003c5c       0x10 C:/Users/yoany-pc/DOCUME~1/MATLAB/R2023b/ArduinoStaticLibrary/ArduinoNano33IoT/FasterRuns\libipwifi.a(variant.o)
                0x00003c5c                SERCOM2_Handler
 .text.startup._GLOBAL__sub_I_g_APinDescription
                0x00003c6c       0xbc C:/Users/yoany-pc/DOCUME~1/MATLAB/R2023b/ArduinoStaticLibrary/ArduinoNano33IoT/FasterRuns\libipwifi.a(variant.o)
 .text._ZN8SPIClass4initEv
                0x00003d28       0x12 C:/Users/yoany-pc/DOCUME~1/MATLAB/R2023b/ArduinoStaticLibrary/ArduinoNano33IoT/FasterRuns\libcomm.a(SPI.o)
                0x00003d28                SPIClass::init()
 .text._ZN8SPIClass6configE11SPISettings
                0x00003d3a       0x4e C:/Users/yoany-pc/DOCUME~1/MATLAB/R2023b/ArduinoStaticLibrary/ArduinoNano33IoT/FasterRuns\libcomm.a(SPI.o)
                0x00003d3a                SPIClass::config(SPISettings)
 .text._ZN8SPIClass5beginEv
                0x00003d88       0x50 C:/Users/yoany-pc/DOCUME~1/MATLAB/R2023b/ArduinoStaticLibrary/ArduinoNano33IoT/FasterRuns\libcomm.a(SPI.o)
                0x00003d88                SPIClass::begin()
 .text._ZN8SPIClass16beginTransactionE11SPISettings
                0x00003dd8       0x38 C:/Users/yoany-pc/DOCUME~1/MATLAB/R2023b/ArduinoStaticLibrary/ArduinoNano33IoT/FasterRuns\libcomm.a(SPI.o)
                0x00003dd8                SPIClass::beginTransaction(SPISettings)
 .text._ZN8SPIClass14endTransactionEv
                0x00003e10       0x24 C:/Users/yoany-pc/DOCUME~1/MATLAB/R2023b/ArduinoStaticLibrary/ArduinoNano33IoT/FasterRuns\libcomm.a(SPI.o)
                0x00003e10                SPIClass::endTransaction()
 .text._ZN8SPIClass8transferEh
                0x00003e34        0xa C:/Users/yoany-pc/DOCUME~1/MATLAB/R2023b/ArduinoStaticLibrary/ArduinoNano33IoT/FasterRuns\libcomm.a(SPI.o)
                0x00003e34                SPIClass::transfer(unsigned char)
 *fill*         0x00003e3e        0x2 
 .text.startup._GLOBAL__sub_I__ZN8SPIClassC2EP6SERCOMhhh14SercomSpiTXPad11SercomRXPad
                0x00003e40       0x68 C:/Users/yoany-pc/DOCUME~1/MATLAB/R2023b/ArduinoStaticLibrary/ArduinoNano33IoT/FasterRuns\libcomm.a(SPI.o)
 .text.Dummy_Handler
                0x00003ea8        0x2 C:/Users/yoany-pc/DOCUME~1/MATLAB/R2023b/ArduinoStaticLibrary/ArduinoNano33IoT/FasterRuns\libcore.a(cortex_handlers.o)
                0x00003ea8                DMAC_Handler
                0x00003ea8                HardFault_Handler
                0x00003ea8                AC_Handler
                0x00003ea8                PendSV_Handler
                0x00003ea8                NMI_Handler
                0x00003ea8                TC7_Handler
                0x00003ea8                SERCOM1_Handler
                0x00003ea8                ADC_Handler
                0x00003ea8                TCC1_Handler
                0x00003ea8                TCC0_Handler
                0x00003ea8                EIC_Handler
                0x00003ea8                TC6_Handler
                0x00003ea8                WDT_Handler
                0x00003ea8                TC4_Handler
                0x00003ea8                TC3_Handler
                0x00003ea8                Dummy_Handler
                0x00003ea8                PM_Handler
                0x00003ea8                TCC2_Handler
                0x00003ea8                EVSYS_Handler
                0x00003ea8                SERCOM4_Handler
                0x00003ea8                I2S_Handler
                0x00003ea8                NVMCTRL_Handler
                0x00003ea8                SERCOM0_Handler
                0x00003ea8                DAC_Handler
                0x00003ea8                PTC_Handler
                0x00003ea8                SYSCTRL_Handler
 *fill*         0x00003eaa        0x2 
 .text.USB_Handler
                0x00003eac       0x14 C:/Users/yoany-pc/DOCUME~1/MATLAB/R2023b/ArduinoStaticLibrary/ArduinoNano33IoT/FasterRuns\libcore.a(cortex_handlers.o)
                0x00003eac                USB_Handler
 .text.Reset_Handler
                0x00003ec0       0x54 C:/Users/yoany-pc/DOCUME~1/MATLAB/R2023b/ArduinoStaticLibrary/ArduinoNano33IoT/FasterRuns\libcore.a(cortex_handlers.o)
                0x00003ec0                Reset_Handler
 .text.SysTick_Handler
                0x00003f14       0x10 C:/Users/yoany-pc/DOCUME~1/MATLAB/R2023b/ArduinoStaticLibrary/ArduinoNano33IoT/FasterRuns\libcore.a(cortex_handlers.o)
                0x00003f14                SysTick_Handler
 .text.USB_SetHandler
                0x00003f24        0xc C:/Users/yoany-pc/DOCUME~1/MATLAB/R2023b/ArduinoStaticLibrary/ArduinoNano33IoT/FasterRuns\libcore.a(cortex_handlers.o)
                0x00003f24                USB_SetHandler
 .text.__empty  0x00003f30        0x2 C:/Users/yoany-pc/DOCUME~1/MATLAB/R2023b/ArduinoStaticLibrary/ArduinoNano33IoT/FasterRuns\libcore.a(hooks.o)
                0x00003f30                yield
 .text.__false  0x00003f32        0x4 C:/Users/yoany-pc/DOCUME~1/MATLAB/R2023b/ArduinoStaticLibrary/ArduinoNano33IoT/FasterRuns\libcore.a(hooks.o)
                0x00003f32                sysTickHook
 *fill*         0x00003f36        0x2 
 .text.millis   0x00003f38        0xc C:/Users/yoany-pc/DOCUME~1/MATLAB/R2023b/ArduinoStaticLibrary/ArduinoNano33IoT/FasterRuns\libcore.a(delay.o)
                0x00003f38                millis
 .text.micros   0x00003f44       0x64 C:/Users/yoany-pc/DOCUME~1/MATLAB/R2023b/ArduinoStaticLibrary/ArduinoNano33IoT/FasterRuns\libcore.a(delay.o)
                0x00003f44                micros
 .text.delay    0x00003fa8       0x34 C:/Users/yoany-pc/DOCUME~1/MATLAB/R2023b/ArduinoStaticLibrary/ArduinoNano33IoT/FasterRuns\libcore.a(delay.o)
                0x00003fa8                delay
 .text.SysTick_DefaultHandler
                0x00003fdc       0x14 C:/Users/yoany-pc/DOCUME~1/MATLAB/R2023b/ArduinoStaticLibrary/ArduinoNano33IoT/FasterRuns\libcore.a(delay.o)
                0x00003fdc                SysTick_DefaultHandler
 .text.SystemInit
                0x00003ff0      0x198 C:/Users/yoany-pc/DOCUME~1/MATLAB/R2023b/ArduinoStaticLibrary/ArduinoNano33IoT/FasterRuns\libcore.a(startup.o)
                0x00003ff0                SystemInit
 .text.init     0x00004188       0xf0 C:/Users/yoany-pc/DOCUME~1/MATLAB/R2023b/ArduinoStaticLibrary/ArduinoNano33IoT/FasterRuns\libcore.a(wiring.o)
                0x00004188                init
 .text.analogReference
                0x00004278       0x5c C:/Users/yoany-pc/DOCUME~1/MATLAB/R2023b/ArduinoStaticLibrary/ArduinoNano33IoT/FasterRuns\libcore.a(wiring_analog.o)
                0x00004278                analogReference
 .text.pinMode  0x000042d4       0xb4 C:/Users/yoany-pc/DOCUME~1/MATLAB/R2023b/ArduinoStaticLibrary/ArduinoNano33IoT/FasterRuns\libcore.a(wiring_digital.o)
                0x000042d4                pinMode
 .text.digitalWrite
                0x00004388       0x60 C:/Users/yoany-pc/DOCUME~1/MATLAB/R2023b/ArduinoStaticLibrary/ArduinoNano33IoT/FasterRuns\libcore.a(wiring_digital.o)
                0x00004388                digitalWrite
 .text.digitalRead
                0x000043e8       0x30 C:/Users/yoany-pc/DOCUME~1/MATLAB/R2023b/ArduinoStaticLibrary/ArduinoNano33IoT/FasterRuns\libcore.a(wiring_digital.o)
                0x000043e8                digitalRead
 .text.pinPeripheral
                0x00004418       0xc4 C:/Users/yoany-pc/DOCUME~1/MATLAB/R2023b/ArduinoStaticLibrary/ArduinoNano33IoT/FasterRuns\libcore.a(wiring_private.o)
                0x00004418                pinPeripheral
 .text._ZNK9IPAddress7printToER5Print
                0x000044dc       0x3c C:/Users/yoany-pc/DOCUME~1/MATLAB/R2023b/ArduinoStaticLibrary/ArduinoNano33IoT/FasterRuns\libcore.a(IPAddress.o)
                0x000044dc                IPAddress::printTo(Print&) const
 .text._ZN9IPAddressC2Ev
                0x00004518       0x10 C:/Users/yoany-pc/DOCUME~1/MATLAB/R2023b/ArduinoStaticLibrary/ArduinoNano33IoT/FasterRuns\libcore.a(IPAddress.o)
                0x00004518                IPAddress::IPAddress()
                0x00004518                IPAddress::IPAddress()
 .text._ZN9IPAddressC2Ehhhh
                0x00004528       0x1c C:/Users/yoany-pc/DOCUME~1/MATLAB/R2023b/ArduinoStaticLibrary/ArduinoNano33IoT/FasterRuns\libcore.a(IPAddress.o)
                0x00004528                IPAddress::IPAddress(unsigned char, unsigned char, unsigned char, unsigned char)
                0x00004528                IPAddress::IPAddress(unsigned char, unsigned char, unsigned char, unsigned char)
 .text._ZN9IPAddressC2EPKh
                0x00004544       0x18 C:/Users/yoany-pc/DOCUME~1/MATLAB/R2023b/ArduinoStaticLibrary/ArduinoNano33IoT/FasterRuns\libcore.a(IPAddress.o)
                0x00004544                IPAddress::IPAddress(unsigned char const*)
                0x00004544                IPAddress::IPAddress(unsigned char const*)
 .text._ZN9IPAddressaSEPKh
                0x0000455c       0x10 C:/Users/yoany-pc/DOCUME~1/MATLAB/R2023b/ArduinoStaticLibrary/ArduinoNano33IoT/FasterRuns\libcore.a(IPAddress.o)
                0x0000455c                IPAddress::operator=(unsigned char const*)
 .text.startup._GLOBAL__sub_I__ZN9IPAddressC2Ev
                0x0000456c       0x1c C:/Users/yoany-pc/DOCUME~1/MATLAB/R2023b/ArduinoStaticLibrary/ArduinoNano33IoT/FasterRuns\libcore.a(IPAddress.o)
 .text._ZN5Print5writeEPKhj
                0x00004588       0x28 C:/Users/yoany-pc/DOCUME~1/MATLAB/R2023b/ArduinoStaticLibrary/ArduinoNano33IoT/FasterRuns\libcore.a(Print.o)
                0x00004588                Print::write(unsigned char const*, unsigned int)
 .text._ZN5Print5printEmi.part.3
                0x000045b0        0xc C:/Users/yoany-pc/DOCUME~1/MATLAB/R2023b/ArduinoStaticLibrary/ArduinoNano33IoT/FasterRuns\libcore.a(Print.o)
 .text._ZN5Print5writeEPKc
                0x000045bc       0x1c C:/Users/yoany-pc/DOCUME~1/MATLAB/R2023b/ArduinoStaticLibrary/ArduinoNano33IoT/FasterRuns\libcore.a(Print.o)
                0x000045bc                Print::write(char const*)
 .text._ZN5Print5printEPKc
                0x000045d8        0x8 C:/Users/yoany-pc/DOCUME~1/MATLAB/R2023b/ArduinoStaticLibrary/ArduinoNano33IoT/FasterRuns\libcore.a(Print.o)
                0x000045d8                Print::print(char const*)
 .text._ZN5Print5printEc
                0x000045e0        0xa C:/Users/yoany-pc/DOCUME~1/MATLAB/R2023b/ArduinoStaticLibrary/ArduinoNano33IoT/FasterRuns\libcore.a(Print.o)
                0x000045e0                Print::print(char)
 .text._ZN5Print5printERK9Printable
                0x000045ea       0x10 C:/Users/yoany-pc/DOCUME~1/MATLAB/R2023b/ArduinoStaticLibrary/ArduinoNano33IoT/FasterRuns\libcore.a(Print.o)
                0x000045ea                Print::print(Printable const&)
 *fill*         0x000045fa        0x2 
 .text._ZN5Print7printlnEv
                0x000045fc       0x10 C:/Users/yoany-pc/DOCUME~1/MATLAB/R2023b/ArduinoStaticLibrary/ArduinoNano33IoT/FasterRuns\libcore.a(Print.o)
                0x000045fc                Print::println()
 .text._ZN5Print7printlnEPKc
                0x0000460c       0x14 C:/Users/yoany-pc/DOCUME~1/MATLAB/R2023b/ArduinoStaticLibrary/ArduinoNano33IoT/FasterRuns\libcore.a(Print.o)
                0x0000460c                Print::println(char const*)
 .text._ZN5Print11printNumberEmh
                0x00004620       0x4e C:/Users/yoany-pc/DOCUME~1/MATLAB/R2023b/ArduinoStaticLibrary/ArduinoNano33IoT/FasterRuns\libcore.a(Print.o)
                0x00004620                Print::printNumber(unsigned long, unsigned char)
 .text._ZN5Print5printEmi
                0x0000466e       0x14 C:/Users/yoany-pc/DOCUME~1/MATLAB/R2023b/ArduinoStaticLibrary/ArduinoNano33IoT/FasterRuns\libcore.a(Print.o)
                0x0000466e                Print::print(unsigned long, int)
 .text._ZN5Print5printEhi
                0x00004682        0x8 C:/Users/yoany-pc/DOCUME~1/MATLAB/R2023b/ArduinoStaticLibrary/ArduinoNano33IoT/FasterRuns\libcore.a(Print.o)
                0x00004682                Print::print(unsigned char, int)
 *fill*         0x0000468a        0x2 
 .text.initiateReset
                0x0000468c       0x14 C:/Users/yoany-pc/DOCUME~1/MATLAB/R2023b/ArduinoStaticLibrary/ArduinoNano33IoT/FasterRuns\libcore.a(Reset.o)
                0x0000468c                initiateReset
 .text.cancelReset
                0x000046a0       0x10 C:/Users/yoany-pc/DOCUME~1/MATLAB/R2023b/ArduinoStaticLibrary/ArduinoNano33IoT/FasterRuns\libcore.a(Reset.o)
                0x000046a0                cancelReset
 .text.tickReset
                0x000046b0       0x74 C:/Users/yoany-pc/DOCUME~1/MATLAB/R2023b/ArduinoStaticLibrary/ArduinoNano33IoT/FasterRuns\libcore.a(Reset.o)
                0x000046b0                tickReset
 .text._ZN6SERCOMC2EP6Sercom
                0x00004724        0x4 C:/Users/yoany-pc/DOCUME~1/MATLAB/R2023b/ArduinoStaticLibrary/ArduinoNano33IoT/FasterRuns\libcore.a(SERCOM.o)
                0x00004724                SERCOM::SERCOM(Sercom*)
                0x00004724                SERCOM::SERCOM(Sercom*)
 .text._ZN6SERCOM9initFrameE18SercomUartCharSize15SercomDataOrder16SercomParityMode19SercomNumberStopBit
                0x00004728       0x38 C:/Users/yoany-pc/DOCUME~1/MATLAB/R2023b/ArduinoStaticLibrary/ArduinoNano33IoT/FasterRuns\libcore.a(SERCOM.o)
                0x00004728                SERCOM::initFrame(SercomUartCharSize, SercomDataOrder, SercomParityMode, SercomNumberStopBit)
 .text._ZN6SERCOM8initPadsE15SercomUartTXPad11SercomRXPad
                0x00004760       0x26 C:/Users/yoany-pc/DOCUME~1/MATLAB/R2023b/ArduinoStaticLibrary/ArduinoNano33IoT/FasterRuns\libcore.a(SERCOM.o)
                0x00004760                SERCOM::initPads(SercomUartTXPad, SercomRXPad)
 .text._ZN6SERCOM9resetUARTEv
                0x00004786       0x1c C:/Users/yoany-pc/DOCUME~1/MATLAB/R2023b/ArduinoStaticLibrary/ArduinoNano33IoT/FasterRuns\libcore.a(SERCOM.o)
                0x00004786                SERCOM::resetUART()
 .text._ZN6SERCOM10enableUARTEv
                0x000047a2       0x14 C:/Users/yoany-pc/DOCUME~1/MATLAB/R2023b/ArduinoStaticLibrary/ArduinoNano33IoT/FasterRuns\libcore.a(SERCOM.o)
                0x000047a2                SERCOM::enableUART()
 .text._ZN6SERCOM9flushUARTEv
                0x000047b6       0x10 C:/Users/yoany-pc/DOCUME~1/MATLAB/R2023b/ArduinoStaticLibrary/ArduinoNano33IoT/FasterRuns\libcore.a(SERCOM.o)
                0x000047b6                SERCOM::flushUART()
 .text._ZN6SERCOM15clearStatusUARTEv
                0x000047c6        0x8 C:/Users/yoany-pc/DOCUME~1/MATLAB/R2023b/ArduinoStaticLibrary/ArduinoNano33IoT/FasterRuns\libcore.a(SERCOM.o)
                0x000047c6                SERCOM::clearStatusUART()
 .text._ZN6SERCOM17availableDataUARTEv
                0x000047ce        0xa C:/Users/yoany-pc/DOCUME~1/MATLAB/R2023b/ArduinoStaticLibrary/ArduinoNano33IoT/FasterRuns\libcore.a(SERCOM.o)
                0x000047ce                SERCOM::availableDataUART()
 .text._ZN6SERCOM11isUARTErrorEv
                0x000047d8        0x8 C:/Users/yoany-pc/DOCUME~1/MATLAB/R2023b/ArduinoStaticLibrary/ArduinoNano33IoT/FasterRuns\libcore.a(SERCOM.o)
                0x000047d8                SERCOM::isUARTError()
 .text._ZN6SERCOM20acknowledgeUARTErrorEv
                0x000047e0        0xe C:/Users/yoany-pc/DOCUME~1/MATLAB/R2023b/ArduinoStaticLibrary/ArduinoNano33IoT/FasterRuns\libcore.a(SERCOM.o)
                0x000047e0                SERCOM::acknowledgeUARTError()
 .text._ZN6SERCOM16isFrameErrorUARTEv
                0x000047ee        0xa C:/Users/yoany-pc/DOCUME~1/MATLAB/R2023b/ArduinoStaticLibrary/ArduinoNano33IoT/FasterRuns\libcore.a(SERCOM.o)
                0x000047ee                SERCOM::isFrameErrorUART()
 .text._ZN6SERCOM19clearFrameErrorUARTEv
                0x000047f8        0xc C:/Users/yoany-pc/DOCUME~1/MATLAB/R2023b/ArduinoStaticLibrary/ArduinoNano33IoT/FasterRuns\libcore.a(SERCOM.o)
                0x000047f8                SERCOM::clearFrameErrorUART()
 .text._ZN6SERCOM23isDataRegisterEmptyUARTEv
                0x00004804        0xa C:/Users/yoany-pc/DOCUME~1/MATLAB/R2023b/ArduinoStaticLibrary/ArduinoNano33IoT/FasterRuns\libcore.a(SERCOM.o)
                0x00004804                SERCOM::isDataRegisterEmptyUART()
 .text._ZN6SERCOM12readDataUARTEv
                0x0000480e        0x8 C:/Users/yoany-pc/DOCUME~1/MATLAB/R2023b/ArduinoStaticLibrary/ArduinoNano33IoT/FasterRuns\libcore.a(SERCOM.o)
                0x0000480e                SERCOM::readDataUART()
 .text._ZN6SERCOM13writeDataUARTEh
                0x00004816        0xe C:/Users/yoany-pc/DOCUME~1/MATLAB/R2023b/ArduinoStaticLibrary/ArduinoNano33IoT/FasterRuns\libcore.a(SERCOM.o)
                0x00004816                SERCOM::writeDataUART(unsigned char)
 .text._ZN6SERCOM36enableDataRegisterEmptyInterruptUARTEv
                0x00004824        0x8 C:/Users/yoany-pc/DOCUME~1/MATLAB/R2023b/ArduinoStaticLibrary/ArduinoNano33IoT/FasterRuns\libcore.a(SERCOM.o)
                0x00004824                SERCOM::enableDataRegisterEmptyInterruptUART()
 .text._ZN6SERCOM37disableDataRegisterEmptyInterruptUARTEv
                0x0000482c        0x8 C:/Users/yoany-pc/DOCUME~1/MATLAB/R2023b/ArduinoStaticLibrary/ArduinoNano33IoT/FasterRuns\libcore.a(SERCOM.o)
                0x0000482c                SERCOM::disableDataRegisterEmptyInterruptUART()
 .text._ZN6SERCOM12initSPIClockE18SercomSpiClockModem
                0x00004834       0x30 C:/Users/yoany-pc/DOCUME~1/MATLAB/R2023b/ArduinoStaticLibrary/ArduinoNano33IoT/FasterRuns\libcore.a(SERCOM.o)
                0x00004834                SERCOM::initSPIClock(SercomSpiClockMode, unsigned long)
 .text._ZN6SERCOM8resetSPIEv
                0x00004864       0x1c C:/Users/yoany-pc/DOCUME~1/MATLAB/R2023b/ArduinoStaticLibrary/ArduinoNano33IoT/FasterRuns\libcore.a(SERCOM.o)
                0x00004864                SERCOM::resetSPI()
 .text._ZN6SERCOM9enableSPIEv
                0x00004880       0x14 C:/Users/yoany-pc/DOCUME~1/MATLAB/R2023b/ArduinoStaticLibrary/ArduinoNano33IoT/FasterRuns\libcore.a(SERCOM.o)
                0x00004880                SERCOM::enableSPI()
 .text._ZN6SERCOM10disableSPIEv
                0x00004894       0x12 C:/Users/yoany-pc/DOCUME~1/MATLAB/R2023b/ArduinoStaticLibrary/ArduinoNano33IoT/FasterRuns\libcore.a(SERCOM.o)
                0x00004894                SERCOM::disableSPI()
 .text._ZN6SERCOM15transferDataSPIEh
                0x000048a6       0x1a C:/Users/yoany-pc/DOCUME~1/MATLAB/R2023b/ArduinoStaticLibrary/ArduinoNano33IoT/FasterRuns\libcore.a(SERCOM.o)
                0x000048a6                SERCOM::transferDataSPI(unsigned char)
 .text._ZN6SERCOM13initClockNVICEv
                0x000048c0       0xac C:/Users/yoany-pc/DOCUME~1/MATLAB/R2023b/ArduinoStaticLibrary/ArduinoNano33IoT/FasterRuns\libcore.a(SERCOM.o)
                0x000048c0                SERCOM::initClockNVIC()
 .text._ZN6SERCOM8initUARTE14SercomUartMode20SercomUartSampleRatem
                0x0000496c       0x6c C:/Users/yoany-pc/DOCUME~1/MATLAB/R2023b/ArduinoStaticLibrary/ArduinoNano33IoT/FasterRuns\libcore.a(SERCOM.o)
                0x0000496c                SERCOM::initUART(SercomUartMode, SercomUartSampleRate, unsigned long)
 .text._ZN6SERCOM7initSPIE14SercomSpiTXPad11SercomRXPad17SercomSpiCharSize15SercomDataOrder
                0x000049d8       0x48 C:/Users/yoany-pc/DOCUME~1/MATLAB/R2023b/ArduinoStaticLibrary/ArduinoNano33IoT/FasterRuns\libcore.a(SERCOM.o)
                0x000049d8                SERCOM::initSPI(SercomSpiTXPad, SercomRXPad, SercomSpiCharSize, SercomDataOrder)
 .text._ZN4UartcvbEv
                0x00004a20        0x4 C:/Users/yoany-pc/DOCUME~1/MATLAB/R2023b/ArduinoStaticLibrary/ArduinoNano33IoT/FasterRuns\libcore.a(Uart.o)
                0x00004a20                Uart::operator bool()
 .text._ZN4Uart5beginEm
                0x00004a24       0x10 C:/Users/yoany-pc/DOCUME~1/MATLAB/R2023b/ArduinoStaticLibrary/ArduinoNano33IoT/FasterRuns\libcore.a(Uart.o)
                0x00004a24                Uart::begin(unsigned long)
 .text._ZN4Uart4peekEv
                0x00004a34       0x1a C:/Users/yoany-pc/DOCUME~1/MATLAB/R2023b/ArduinoStaticLibrary/ArduinoNano33IoT/FasterRuns\libcore.a(Uart.o)
                0x00004a34                Uart::peek()
 .text._ZN4Uart3endEv
                0x00004a4e       0x20 C:/Users/yoany-pc/DOCUME~1/MATLAB/R2023b/ArduinoStaticLibrary/ArduinoNano33IoT/FasterRuns\libcore.a(Uart.o)
                0x00004a4e                Uart::end()
 *fill*         0x00004a6e        0x2 
 .text._ZN4UartC2EP6SERCOMhh11SercomRXPad15SercomUartTXPadhh
                0x00004a70       0xa4 C:/Users/yoany-pc/DOCUME~1/MATLAB/R2023b/ArduinoStaticLibrary/ArduinoNano33IoT/FasterRuns\libcore.a(Uart.o)
                0x00004a70                Uart::Uart(SERCOM*, unsigned char, unsigned char, SercomRXPad, SercomUartTXPad, unsigned char, unsigned char)
                0x00004a70                Uart::Uart(SERCOM*, unsigned char, unsigned char, SercomRXPad, SercomUartTXPad, unsigned char, unsigned char)
 .text._ZN4UartC2EP6SERCOMhh11SercomRXPad15SercomUartTXPad
                0x00004b14       0x24 C:/Users/yoany-pc/DOCUME~1/MATLAB/R2023b/ArduinoStaticLibrary/ArduinoNano33IoT/FasterRuns\libcore.a(Uart.o)
                0x00004b14                Uart::Uart(SERCOM*, unsigned char, unsigned char, SercomRXPad, SercomUartTXPad)
                0x00004b14                Uart::Uart(SERCOM*, unsigned char, unsigned char, SercomRXPad, SercomUartTXPad)
 .text._ZN4Uart16extractNbStopBitEt
                0x00004b38        0xe C:/Users/yoany-pc/DOCUME~1/MATLAB/R2023b/ArduinoStaticLibrary/ArduinoNano33IoT/FasterRuns\libcore.a(Uart.o)
                0x00004b38                Uart::extractNbStopBit(unsigned short)
 .text._ZN4Uart15extractCharSizeEt
                0x00004b46       0x2c C:/Users/yoany-pc/DOCUME~1/MATLAB/R2023b/ArduinoStaticLibrary/ArduinoNano33IoT/FasterRuns\libcore.a(Uart.o)
                0x00004b46                Uart::extractCharSize(unsigned short)
 .text._ZN4Uart13extractParityEt
                0x00004b72       0x18 C:/Users/yoany-pc/DOCUME~1/MATLAB/R2023b/ArduinoStaticLibrary/ArduinoNano33IoT/FasterRuns\libcore.a(Uart.o)
                0x00004b72                Uart::extractParity(unsigned short)
 *fill*         0x00004b8a        0x2 
 .text._ZN4Uart5beginEmt
                0x00004b8c       0xf8 C:/Users/yoany-pc/DOCUME~1/MATLAB/R2023b/ArduinoStaticLibrary/ArduinoNano33IoT/FasterRuns\libcore.a(Uart.o)
                0x00004b8c                Uart::begin(unsigned long, unsigned short)
 .text._ZN11RingBufferNILi256EE9availableEv
                0x00004c84       0x12 C:/Users/yoany-pc/DOCUME~1/MATLAB/R2023b/ArduinoStaticLibrary/ArduinoNano33IoT/FasterRuns\libcore.a(Uart.o)
                0x00004c84                RingBufferN<256>::available()
 .text._ZN4Uart5flushEv
                0x00004c96       0x1a C:/Users/yoany-pc/DOCUME~1/MATLAB/R2023b/ArduinoStaticLibrary/ArduinoNano33IoT/FasterRuns\libcore.a(Uart.o)
                0x00004c96                Uart::flush()
 .text._ZN4Uart9availableEv
                0x00004cb0        0xa C:/Users/yoany-pc/DOCUME~1/MATLAB/R2023b/ArduinoStaticLibrary/ArduinoNano33IoT/FasterRuns\libcore.a(Uart.o)
                0x00004cb0                Uart::available()
 .text._ZN11RingBufferNILi256EE17availableForStoreEv
                0x00004cba       0x1e C:/Users/yoany-pc/DOCUME~1/MATLAB/R2023b/ArduinoStaticLibrary/ArduinoNano33IoT/FasterRuns\libcore.a(Uart.o)
                0x00004cba                RingBufferN<256>::availableForStore()
 .text._ZN4Uart17availableForWriteEv
                0x00004cd8        0xc C:/Users/yoany-pc/DOCUME~1/MATLAB/R2023b/ArduinoStaticLibrary/ArduinoNano33IoT/FasterRuns\libcore.a(Uart.o)
                0x00004cd8                Uart::availableForWrite()
 .text._ZN4Uart10IrqHandlerEv
                0x00004ce4       0xc8 C:/Users/yoany-pc/DOCUME~1/MATLAB/R2023b/ArduinoStaticLibrary/ArduinoNano33IoT/FasterRuns\libcore.a(Uart.o)
                0x00004ce4                Uart::IrqHandler()
 .text._ZN4Uart5writeEh
                0x00004dac       0xb4 C:/Users/yoany-pc/DOCUME~1/MATLAB/R2023b/ArduinoStaticLibrary/ArduinoNano33IoT/FasterRuns\libcore.a(Uart.o)
                0x00004dac                Uart::write(unsigned char)
 .text._ZN4Uart4readEv
                0x00004e60       0x4c C:/Users/yoany-pc/DOCUME~1/MATLAB/R2023b/ArduinoStaticLibrary/ArduinoNano33IoT/FasterRuns\libcore.a(Uart.o)
                0x00004e60                Uart::read()
 .text._ZN7Serial_13getDescriptorER8USBSetup
                0x00004eac        0x4 C:/Users/yoany-pc/DOCUME~1/MATLAB/R2023b/ArduinoStaticLibrary/ArduinoNano33IoT/FasterRuns\libcore.a(CDC.o)
                0x00004eac                Serial_::getDescriptor(USBSetup&)
 .text._ZThn16_N7Serial_13getDescriptorER8USBSetup
                0x00004eb0       0x10 C:/Users/yoany-pc/DOCUME~1/MATLAB/R2023b/ArduinoStaticLibrary/ArduinoNano33IoT/FasterRuns\libcore.a(CDC.o)
                0x00004eb0                non-virtual thunk to Serial_::getDescriptor(USBSetup&)
 .text._ZL5utox8mPc
                0x00004ec0       0x1c C:/Users/yoany-pc/DOCUME~1/MATLAB/R2023b/ArduinoStaticLibrary/ArduinoNano33IoT/FasterRuns\libcore.a(CDC.o)
 .text._ZN7Serial_12getShortNameEPc
                0x00004edc       0x44 C:/Users/yoany-pc/DOCUME~1/MATLAB/R2023b/ArduinoStaticLibrary/ArduinoNano33IoT/FasterRuns\libcore.a(CDC.o)
                0x00004edc                Serial_::getShortName(char*)
 .text._ZThn16_N7Serial_12getShortNameEPc
                0x00004f20       0x10 C:/Users/yoany-pc/DOCUME~1/MATLAB/R2023b/ArduinoStaticLibrary/ArduinoNano33IoT/FasterRuns\libcore.a(CDC.o)
                0x00004f20                non-virtual thunk to Serial_::getShortName(char*)
 .text._ZN7Serial_14handleEndpointEi
                0x00004f30        0x2 C:/Users/yoany-pc/DOCUME~1/MATLAB/R2023b/ArduinoStaticLibrary/ArduinoNano33IoT/FasterRuns\libcore.a(CDC.o)
                0x00004f30                Serial_::handleEndpoint(int)
 *fill*         0x00004f32        0x2 
 .text._ZThn16_N7Serial_14handleEndpointEi
                0x00004f34       0x10 C:/Users/yoany-pc/DOCUME~1/MATLAB/R2023b/ArduinoStaticLibrary/ArduinoNano33IoT/FasterRuns\libcore.a(CDC.o)
                0x00004f34                non-virtual thunk to Serial_::handleEndpoint(int)
 .text._ZN7Serial_17availableForWriteEv
                0x00004f44        0x4 C:/Users/yoany-pc/DOCUME~1/MATLAB/R2023b/ArduinoStaticLibrary/ArduinoNano33IoT/FasterRuns\libcore.a(CDC.o)
                0x00004f44                Serial_::availableForWrite()
 .text._ZN7Serial_5writeEh
                0x00004f48       0x14 C:/Users/yoany-pc/DOCUME~1/MATLAB/R2023b/ArduinoStaticLibrary/ArduinoNano33IoT/FasterRuns\libcore.a(CDC.o)
                0x00004f48                Serial_::write(unsigned char)
 .text._ZN7Serial_12getInterfaceEPh
                0x00004f5c      0x104 C:/Users/yoany-pc/DOCUME~1/MATLAB/R2023b/ArduinoStaticLibrary/ArduinoNano33IoT/FasterRuns\libcore.a(CDC.o)
                0x00004f5c                Serial_::getInterface(unsigned char*)
 .text._ZThn16_N7Serial_12getInterfaceEPh
                0x00005060       0x10 C:/Users/yoany-pc/DOCUME~1/MATLAB/R2023b/ArduinoStaticLibrary/ArduinoNano33IoT/FasterRuns\libcore.a(CDC.o)
                0x00005060                non-virtual thunk to Serial_::getInterface(unsigned char*)
 .text._ZN7Serial_5setupER8USBSetup
                0x00005070       0x98 C:/Users/yoany-pc/DOCUME~1/MATLAB/R2023b/ArduinoStaticLibrary/ArduinoNano33IoT/FasterRuns\libcore.a(CDC.o)
                0x00005070                Serial_::setup(USBSetup&)
 .text._ZThn16_N7Serial_5setupER8USBSetup
                0x00005108       0x10 C:/Users/yoany-pc/DOCUME~1/MATLAB/R2023b/ArduinoStaticLibrary/ArduinoNano33IoT/FasterRuns\libcore.a(CDC.o)
                0x00005108                non-virtual thunk to Serial_::setup(USBSetup&)
 .text._ZN7Serial_9availableEv
                0x00005118       0x20 C:/Users/yoany-pc/DOCUME~1/MATLAB/R2023b/ArduinoStaticLibrary/ArduinoNano33IoT/FasterRuns\libcore.a(CDC.o)
                0x00005118                Serial_::available()
 .text._ZN7Serial_5flushEv
                0x00005138       0x10 C:/Users/yoany-pc/DOCUME~1/MATLAB/R2023b/ArduinoStaticLibrary/ArduinoNano33IoT/FasterRuns\libcore.a(CDC.o)
                0x00005138                Serial_::flush()
 .text._ZN7Serial_5clearEv
                0x00005148       0x10 C:/Users/yoany-pc/DOCUME~1/MATLAB/R2023b/ArduinoStaticLibrary/ArduinoNano33IoT/FasterRuns\libcore.a(CDC.o)
                0x00005148                Serial_::clear()
 .text._ZN7Serial_5writeEPKhj
                0x00005158       0x1e C:/Users/yoany-pc/DOCUME~1/MATLAB/R2023b/ArduinoStaticLibrary/ArduinoNano33IoT/FasterRuns\libcore.a(CDC.o)
                0x00005158                Serial_::write(unsigned char const*, unsigned int)
 *fill*         0x00005176        0x2 
 .text._ZN7Serial_4peekEv
                0x00005178       0x1c C:/Users/yoany-pc/DOCUME~1/MATLAB/R2023b/ArduinoStaticLibrary/ArduinoNano33IoT/FasterRuns\libcore.a(CDC.o)
                0x00005178                Serial_::peek()
 .text._ZN7Serial_4readEv
                0x00005194       0x24 C:/Users/yoany-pc/DOCUME~1/MATLAB/R2023b/ArduinoStaticLibrary/ArduinoNano33IoT/FasterRuns\libcore.a(CDC.o)
                0x00005194                Serial_::read()
 .text._ZN7Serial_C2ER14USBDeviceClass
                0x000051b8       0x4c C:/Users/yoany-pc/DOCUME~1/MATLAB/R2023b/ArduinoStaticLibrary/ArduinoNano33IoT/FasterRuns\libcore.a(CDC.o)
                0x000051b8                Serial_::Serial_(USBDeviceClass&)
                0x000051b8                Serial_::Serial_(USBDeviceClass&)
 .text._ZN7Serial_15enableInterruptEv
                0x00005204       0x30 C:/Users/yoany-pc/DOCUME~1/MATLAB/R2023b/ArduinoStaticLibrary/ArduinoNano33IoT/FasterRuns\libcore.a(CDC.o)
                0x00005204                Serial_::enableInterrupt()
 .text._ZN7Serial_5beginEm
                0x00005234        0x2 C:/Users/yoany-pc/DOCUME~1/MATLAB/R2023b/ArduinoStaticLibrary/ArduinoNano33IoT/FasterRuns\libcore.a(CDC.o)
                0x00005234                Serial_::begin(unsigned long)
 .text._ZN7Serial_5beginEmh
                0x00005236        0x2 C:/Users/yoany-pc/DOCUME~1/MATLAB/R2023b/ArduinoStaticLibrary/ArduinoNano33IoT/FasterRuns\libcore.a(CDC.o)
                0x00005236                Serial_::begin(unsigned long, unsigned char)
 .text._ZN7Serial_cvbEv
                0x00005238       0x28 C:/Users/yoany-pc/DOCUME~1/MATLAB/R2023b/ArduinoStaticLibrary/ArduinoNano33IoT/FasterRuns\libcore.a(CDC.o)
                0x00005238                Serial_::operator bool()
 .text.startup._GLOBAL__sub_I__ZN7Serial_12getInterfaceEPh
                0x00005260       0x14 C:/Users/yoany-pc/DOCUME~1/MATLAB/R2023b/ArduinoStaticLibrary/ArduinoNano33IoT/FasterRuns\libcore.a(CDC.o)
 .text._ZN13PluggableUSB_12getInterfaceEPh
                0x00005274       0x2a C:/Users/yoany-pc/DOCUME~1/MATLAB/R2023b/ArduinoStaticLibrary/ArduinoNano33IoT/FasterRuns\libcore.a(PluggableUSB.o)
                0x00005274                PluggableUSB_::getInterface(unsigned char*)
 .text._ZN13PluggableUSB_13getDescriptorER8USBSetup
                0x0000529e       0x20 C:/Users/yoany-pc/DOCUME~1/MATLAB/R2023b/ArduinoStaticLibrary/ArduinoNano33IoT/FasterRuns\libcore.a(PluggableUSB.o)
                0x0000529e                PluggableUSB_::getDescriptor(USBSetup&)
 .text._ZN13PluggableUSB_12getShortNameEPc
                0x000052be       0x26 C:/Users/yoany-pc/DOCUME~1/MATLAB/R2023b/ArduinoStaticLibrary/ArduinoNano33IoT/FasterRuns\libcore.a(PluggableUSB.o)
                0x000052be                PluggableUSB_::getShortName(char*)
 .text._ZN13PluggableUSB_5setupER8USBSetup
                0x000052e4       0x24 C:/Users/yoany-pc/DOCUME~1/MATLAB/R2023b/ArduinoStaticLibrary/ArduinoNano33IoT/FasterRuns\libcore.a(PluggableUSB.o)
                0x000052e4                PluggableUSB_::setup(USBSetup&)
 .text._ZN13PluggableUSB_14handleEndpointEi
                0x00005308       0x1a C:/Users/yoany-pc/DOCUME~1/MATLAB/R2023b/ArduinoStaticLibrary/ArduinoNano33IoT/FasterRuns\libcore.a(PluggableUSB.o)
                0x00005308                PluggableUSB_::handleEndpoint(int)
 *fill*         0x00005322        0x2 
 .text._ZN13PluggableUSB_4plugEP18PluggableUSBModule
                0x00005324       0x60 C:/Users/yoany-pc/DOCUME~1/MATLAB/R2023b/ArduinoStaticLibrary/ArduinoNano33IoT/FasterRuns\libcore.a(PluggableUSB.o)
                0x00005324                PluggableUSB_::plug(PluggableUSBModule*)
 .text._Z12PluggableUSBv
                0x00005384       0x20 C:/Users/yoany-pc/DOCUME~1/MATLAB/R2023b/ArduinoStaticLibrary/ArduinoNano33IoT/FasterRuns\libcore.a(PluggableUSB.o)
                0x00005384                PluggableUSB()
 .text._ZN26DoubleBufferedEPOutHandlerD2Ev
                0x000053a4        0xc C:/Users/yoany-pc/DOCUME~1/MATLAB/R2023b/ArduinoStaticLibrary/ArduinoNano33IoT/FasterRuns\libcore.a(USBCore.o)
                0x000053a4                DoubleBufferedEPOutHandler::~DoubleBufferedEPOutHandler()
                0x000053a4                DoubleBufferedEPOutHandler::~DoubleBufferedEPOutHandler()
 .text._ZN26DoubleBufferedEPOutHandlerD0Ev
                0x000053b0       0x14 C:/Users/yoany-pc/DOCUME~1/MATLAB/R2023b/ArduinoStaticLibrary/ArduinoNano33IoT/FasterRuns\libcore.a(USBCore.o)
                0x000053b0                DoubleBufferedEPOutHandler::~DoubleBufferedEPOutHandler()
 .text._ZN14USBDeviceClass6initEPEmm.part.7
                0x000053c4       0xbc C:/Users/yoany-pc/DOCUME~1/MATLAB/R2023b/ArduinoStaticLibrary/ArduinoNano33IoT/FasterRuns\libcore.a(USBCore.o)
 .text._ZN7__GuardC2Ev
                0x00005480        0xe C:/Users/yoany-pc/DOCUME~1/MATLAB/R2023b/ArduinoStaticLibrary/ArduinoNano33IoT/FasterRuns\libcore.a(USBCore.o)
                0x00005480                __Guard::__Guard()
                0x00005480                __Guard::__Guard()
 .text._ZN7__GuardD2Ev
                0x0000548e        0xe C:/Users/yoany-pc/DOCUME~1/MATLAB/R2023b/ArduinoStaticLibrary/ArduinoNano33IoT/FasterRuns\libcore.a(USBCore.o)
                0x0000548e                __Guard::~__Guard()
                0x0000548e                __Guard::~__Guard()
 .text._ZNK26DoubleBufferedEPOutHandler10_availableEv
                0x0000549c       0x72 C:/Users/yoany-pc/DOCUME~1/MATLAB/R2023b/ArduinoStaticLibrary/ArduinoNano33IoT/FasterRuns\libcore.a(USBCore.o)
                0x0000549c                DoubleBufferedEPOutHandler::_available() const
 *fill*         0x0000550e        0x2 
 .text._ZN26DoubleBufferedEPOutHandler7releaseEv
                0x00005510       0x38 C:/Users/yoany-pc/DOCUME~1/MATLAB/R2023b/ArduinoStaticLibrary/ArduinoNano33IoT/FasterRuns\libcore.a(USBCore.o)
                0x00005510                DoubleBufferedEPOutHandler::release()
 .text._ZN26DoubleBufferedEPOutHandler14handleEndpointEv
                0x00005548       0xe4 C:/Users/yoany-pc/DOCUME~1/MATLAB/R2023b/ArduinoStaticLibrary/ArduinoNano33IoT/FasterRuns\libcore.a(USBCore.o)
                0x00005548                DoubleBufferedEPOutHandler::handleEndpoint()
 .text._ZN26DoubleBufferedEPOutHandler5_recvEv
                0x0000562c      0x18e C:/Users/yoany-pc/DOCUME~1/MATLAB/R2023b/ArduinoStaticLibrary/ArduinoNano33IoT/FasterRuns\libcore.a(USBCore.o)
                0x0000562c                DoubleBufferedEPOutHandler::_recv()
 .text._ZN26DoubleBufferedEPOutHandler9availableEv
                0x000057ba       0x18 C:/Users/yoany-pc/DOCUME~1/MATLAB/R2023b/ArduinoStaticLibrary/ArduinoNano33IoT/FasterRuns\libcore.a(USBCore.o)
                0x000057ba                DoubleBufferedEPOutHandler::available()
 .text._ZN26DoubleBufferedEPOutHandler4peekEv
                0x000057d2       0x22 C:/Users/yoany-pc/DOCUME~1/MATLAB/R2023b/ArduinoStaticLibrary/ArduinoNano33IoT/FasterRuns\libcore.a(USBCore.o)
                0x000057d2                DoubleBufferedEPOutHandler::peek()
 .text._ZN26DoubleBufferedEPOutHandler4recvEPvm
                0x000057f4       0x66 C:/Users/yoany-pc/DOCUME~1/MATLAB/R2023b/ArduinoStaticLibrary/ArduinoNano33IoT/FasterRuns\libcore.a(USBCore.o)
                0x000057f4                DoubleBufferedEPOutHandler::recv(void*, unsigned long)
 .text._ZN14USBDeviceClass14SendInterfacesEPm
                0x0000585a       0x20 C:/Users/yoany-pc/DOCUME~1/MATLAB/R2023b/ArduinoStaticLibrary/ArduinoNano33IoT/FasterRuns\libcore.a(USBCore.o)
                0x0000585a                USBDeviceClass::SendInterfaces(unsigned long*)
 *fill*         0x0000587a        0x2 
 .text._ZN14USBDeviceClass4initEv
                0x0000587c      0x144 C:/Users/yoany-pc/DOCUME~1/MATLAB/R2023b/ArduinoStaticLibrary/ArduinoNano33IoT/FasterRuns\libcore.a(USBCore.o)
                0x0000587c                USBDeviceClass::init()
 .text._ZN14USBDeviceClass6attachEv
                0x000059c0       0x34 C:/Users/yoany-pc/DOCUME~1/MATLAB/R2023b/ArduinoStaticLibrary/ArduinoNano33IoT/FasterRuns\libcore.a(USBCore.o)
                0x000059c0                USBDeviceClass::attach()
 .text._ZN14USBDeviceClass10setAddressEm
                0x000059f4       0x48 C:/Users/yoany-pc/DOCUME~1/MATLAB/R2023b/ArduinoStaticLibrary/ArduinoNano33IoT/FasterRuns\libcore.a(USBCore.o)
                0x000059f4                USBDeviceClass::setAddress(unsigned long)
 .text._ZN14USBDeviceClass25handleClassInterfaceSetupER8USBSetup
                0x00005a3c       0x24 C:/Users/yoany-pc/DOCUME~1/MATLAB/R2023b/ArduinoStaticLibrary/ArduinoNano33IoT/FasterRuns\libcore.a(USBCore.o)
                0x00005a3c                USBDeviceClass::handleClassInterfaceSetup(USBSetup&)
 .text._ZN14USBDeviceClass6initEPEmm
                0x00005a60      0x124 C:/Users/yoany-pc/DOCUME~1/MATLAB/R2023b/ArduinoStaticLibrary/ArduinoNano33IoT/FasterRuns\libcore.a(USBCore.o)
                0x00005a60                USBDeviceClass::initEP(unsigned long, unsigned long)
 .text._ZN14USBDeviceClass13initEndpointsEv
                0x00005b84       0x24 C:/Users/yoany-pc/DOCUME~1/MATLAB/R2023b/ArduinoStaticLibrary/ArduinoNano33IoT/FasterRuns\libcore.a(USBCore.o)
                0x00005b84                USBDeviceClass::initEndpoints()
 .text._ZN14USBDeviceClass5clearEm
                0x00005ba8       0x38 C:/Users/yoany-pc/DOCUME~1/MATLAB/R2023b/ArduinoStaticLibrary/ArduinoNano33IoT/FasterRuns\libcore.a(USBCore.o)
                0x00005ba8                USBDeviceClass::clear(unsigned long)
 .text._ZN14USBDeviceClass9availableEm
                0x00005be0       0x2c C:/Users/yoany-pc/DOCUME~1/MATLAB/R2023b/ArduinoStaticLibrary/ArduinoNano33IoT/FasterRuns\libcore.a(USBCore.o)
                0x00005be0                USBDeviceClass::available(unsigned long)
 .text._ZN14USBDeviceClass5flushEm
                0x00005c0c       0x2c C:/Users/yoany-pc/DOCUME~1/MATLAB/R2023b/ArduinoStaticLibrary/ArduinoNano33IoT/FasterRuns\libcore.a(USBCore.o)
                0x00005c0c                USBDeviceClass::flush(unsigned long)
 .text._ZN14USBDeviceClass4recvEmPvm
                0x00005c38       0xc4 C:/Users/yoany-pc/DOCUME~1/MATLAB/R2023b/ArduinoStaticLibrary/ArduinoNano33IoT/FasterRuns\libcore.a(USBCore.o)
                0x00005c38                USBDeviceClass::recv(unsigned long, void*, unsigned long)
 .text._ZN14USBDeviceClass4recvEm
                0x00005cfc       0x1c C:/Users/yoany-pc/DOCUME~1/MATLAB/R2023b/ArduinoStaticLibrary/ArduinoNano33IoT/FasterRuns\libcore.a(USBCore.o)
                0x00005cfc                USBDeviceClass::recv(unsigned long)
 .text._ZN14USBDeviceClass14armRecvCtrlOUTEm
                0x00005d18       0x60 C:/Users/yoany-pc/DOCUME~1/MATLAB/R2023b/ArduinoStaticLibrary/ArduinoNano33IoT/FasterRuns\libcore.a(USBCore.o)
                0x00005d18                USBDeviceClass::armRecvCtrlOUT(unsigned long)
 .text._ZN14USBDeviceClass11recvControlEPvm
                0x00005d78       0x28 C:/Users/yoany-pc/DOCUME~1/MATLAB/R2023b/ArduinoStaticLibrary/ArduinoNano33IoT/FasterRuns\libcore.a(USBCore.o)
                0x00005d78                USBDeviceClass::recvControl(void*, unsigned long)
 .text._ZN14USBDeviceClass4sendEmPKvm
                0x00005da0      0x11c C:/Users/yoany-pc/DOCUME~1/MATLAB/R2023b/ArduinoStaticLibrary/ArduinoNano33IoT/FasterRuns\libcore.a(USBCore.o)
                0x00005da0                USBDeviceClass::send(unsigned long, void const*, unsigned long)
 .text._ZN14USBDeviceClass7armSendEmPKvm
                0x00005ebc       0x48 C:/Users/yoany-pc/DOCUME~1/MATLAB/R2023b/ArduinoStaticLibrary/ArduinoNano33IoT/FasterRuns\libcore.a(USBCore.o)
                0x00005ebc                USBDeviceClass::armSend(unsigned long, void const*, unsigned long)
 .text._ZN14USBDeviceClass11sendControlEPKvm
                0x00005f04       0x58 C:/Users/yoany-pc/DOCUME~1/MATLAB/R2023b/ArduinoStaticLibrary/ArduinoNano33IoT/FasterRuns\libcore.a(USBCore.o)
                0x00005f04                USBDeviceClass::sendControl(void const*, unsigned long)
 .text._ZN14USBDeviceClass20sendStringDescriptorEPKhm
                0x00005f5c       0x68 C:/Users/yoany-pc/DOCUME~1/MATLAB/R2023b/ArduinoStaticLibrary/ArduinoNano33IoT/FasterRuns\libcore.a(USBCore.o)
                0x00005f5c                USBDeviceClass::sendStringDescriptor(unsigned char const*, unsigned long)
 .text._ZN14USBDeviceClass12packMessagesEb.part.6
                0x00005fc4       0x20 C:/Users/yoany-pc/DOCUME~1/MATLAB/R2023b/ArduinoStaticLibrary/ArduinoNano33IoT/FasterRuns\libcore.a(USBCore.o)
 .text._ZN14USBDeviceClass17sendConfigurationEm
                0x00005fe4       0x90 C:/Users/yoany-pc/DOCUME~1/MATLAB/R2023b/ArduinoStaticLibrary/ArduinoNano33IoT/FasterRuns\libcore.a(USBCore.o)
                0x00005fe4                USBDeviceClass::sendConfiguration(unsigned long)
 .text._ZN14USBDeviceClass14sendDescriptorER8USBSetup
                0x00006074       0xec C:/Users/yoany-pc/DOCUME~1/MATLAB/R2023b/ArduinoStaticLibrary/ArduinoNano33IoT/FasterRuns\libcore.a(USBCore.o)
                0x00006074                USBDeviceClass::sendDescriptor(USBSetup&)
 .text._ZN14USBDeviceClass7sendZlpEm
                0x00006160       0x18 C:/Users/yoany-pc/DOCUME~1/MATLAB/R2023b/ArduinoStaticLibrary/ArduinoNano33IoT/FasterRuns\libcore.a(USBCore.o)
                0x00006160                USBDeviceClass::sendZlp(unsigned long)
 .text._ZN14USBDeviceClass19handleStandardSetupER8USBSetup
                0x00006178       0xfc C:/Users/yoany-pc/DOCUME~1/MATLAB/R2023b/ArduinoStaticLibrary/ArduinoNano33IoT/FasterRuns\libcore.a(USBCore.o)
                0x00006178                USBDeviceClass::handleStandardSetup(USBSetup&)
 .text._ZN14USBDeviceClass10ISRHandlerEv
                0x00006274      0x10c C:/Users/yoany-pc/DOCUME~1/MATLAB/R2023b/ArduinoStaticLibrary/ArduinoNano33IoT/FasterRuns\libcore.a(USBCore.o)
                0x00006274                USBDeviceClass::ISRHandler()
 .text.UDD_Handler
                0x00006380       0x10 C:/Users/yoany-pc/DOCUME~1/MATLAB/R2023b/ArduinoStaticLibrary/ArduinoNano33IoT/FasterRuns\libcore.a(USBCore.o)
                0x00006380                UDD_Handler
 .text.startup._GLOBAL__sub_I_usbd
                0x00006390       0x10 C:/Users/yoany-pc/DOCUME~1/MATLAB/R2023b/ArduinoStaticLibrary/ArduinoNano33IoT/FasterRuns\libcore.a(USBCore.o)
 .text._Znwj    0x000063a0        0x8 C:/Users/yoany-pc/DOCUME~1/MATLAB/R2023b/ArduinoStaticLibrary/ArduinoNano33IoT/FasterRuns\libcore.a(new.o)
                0x000063a0                operator new(unsigned int)
 .text._ZdlPv   0x000063a8        0x8 C:/Users/yoany-pc/DOCUME~1/MATLAB/R2023b/ArduinoStaticLibrary/ArduinoNano33IoT/FasterRuns\libcore.a(new.o)
                0x000063a8                operator delete(void*)
 .text          0x000063b0       0x14 c:/programdata/matlab/supportpackages/r2023b/aide/tools/arm-none-eabi-gcc/4.8.3-2014q1/bin/../lib/gcc/arm-none-eabi/4.8.3/armv6-m\libgcc.a(_thumb1_case_uqi.o)
                0x000063b0                __gnu_thumb1_case_uqi
 .text          0x000063c4       0x9c c:/programdata/matlab/supportpackages/r2023b/aide/tools/arm-none-eabi-gcc/4.8.3-2014q1/bin/../lib/gcc/arm-none-eabi/4.8.3/armv6-m\libgcc.a(_udivsi3.o)
                0x000063c4                __aeabi_uidiv
                0x000063c4                __udivsi3
                0x0000644c                __aeabi_uidivmod
 .text          0x00006460        0x4 c:/programdata/matlab/supportpackages/r2023b/aide/tools/arm-none-eabi-gcc/4.8.3-2014q1/bin/../lib/gcc/arm-none-eabi/4.8.3/armv6-m\libgcc.a(_dvmd_tls.o)
                0x00006460                __aeabi_idiv0
                0x00006460                __aeabi_ldiv0
 .text          0x00006464       0x7c c:/programdata/matlab/supportpackages/r2023b/aide/tools/arm-none-eabi-gcc/4.8.3-2014q1/bin/../lib/gcc/arm-none-eabi/4.8.3/armv6-m\libgcc.a(_arm_cmpdf2.o)
                0x00006464                __aeabi_cdrcmple
                0x00006474                __aeabi_cdcmple
                0x00006474                __aeabi_cdcmpeq
                0x00006484                __aeabi_dcmpeq
                0x00006490                __aeabi_dcmplt
                0x000064a4                __aeabi_dcmple
                0x000064b8                __aeabi_dcmpgt
                0x000064cc                __aeabi_dcmpge
 .text          0x000064e0       0x40 c:/programdata/matlab/supportpackages/r2023b/aide/tools/arm-none-eabi-gcc/4.8.3-2014q1/bin/../lib/gcc/arm-none-eabi/4.8.3/armv6-m\libgcc.a(_fixunsdfsi.o)
                0x000064e0                __aeabi_d2uiz
                0x000064e0                __fixunsdfsi
 .text          0x00006520       0x94 c:/programdata/matlab/supportpackages/r2023b/aide/tools/arm-none-eabi-gcc/4.8.3-2014q1/bin/../lib/gcc/arm-none-eabi/4.8.3/armv6-m\libgcc.a(eqdf2.o)
                0x00006520                __nedf2
                0x00006520                __eqdf2
 .text          0x000065b4       0xfc c:/programdata/matlab/supportpackages/r2023b/aide/tools/arm-none-eabi-gcc/4.8.3-2014q1/bin/../lib/gcc/arm-none-eabi/4.8.3/armv6-m\libgcc.a(gedf2.o)
                0x000065b4                __gedf2
                0x000065b4                __gtdf2
 .text          0x000066b0       0xfc c:/programdata/matlab/supportpackages/r2023b/aide/tools/arm-none-eabi-gcc/4.8.3-2014q1/bin/../lib/gcc/arm-none-eabi/4.8.3/armv6-m\libgcc.a(ledf2.o)
                0x000066b0                __ledf2
                0x000066b0                __ltdf2
 .text          0x000067ac      0x654 c:/programdata/matlab/supportpackages/r2023b/aide/tools/arm-none-eabi-gcc/4.8.3-2014q1/bin/../lib/gcc/arm-none-eabi/4.8.3/armv6-m\libgcc.a(subdf3.o)
                0x000067ac                __aeabi_dsub
 .text          0x00006e00       0x68 c:/programdata/matlab/supportpackages/r2023b/aide/tools/arm-none-eabi-gcc/4.8.3-2014q1/bin/../lib/gcc/arm-none-eabi/4.8.3/armv6-m\libgcc.a(fixdfsi.o)
                0x00006e00                __aeabi_d2iz
 .text          0x00006e68       0x3c c:/programdata/matlab/supportpackages/r2023b/aide/tools/arm-none-eabi-gcc/4.8.3-2014q1/bin/../lib/gcc/arm-none-eabi/4.8.3/armv6-m\libgcc.a(_clzsi2.o)
                0x00006e68                __clzsi2
 .text.__aeabi_atexit
                0x00006ea4        0xe c:/programdata/matlab/supportpackages/r2023b/aide/tools/arm-none-eabi-gcc/4.8.3-2014q1/bin/../lib/gcc/arm-none-eabi/4.8.3/../../../../arm-none-eabi/lib/armv6-m\libg_s.a(lib_a-aeabi_atexit.o)
                0x00006ea4                __aeabi_atexit
 *fill*         0x00006eb2        0x2 
 .text.__cxa_atexit
                0x00006eb4       0x20 c:/programdata/matlab/supportpackages/r2023b/aide/tools/arm-none-eabi-gcc/4.8.3-2014q1/bin/../lib/gcc/arm-none-eabi/4.8.3/../../../../arm-none-eabi/lib/armv6-m\libg_s.a(lib_a-cxa_atexit.o)
                0x00006eb4                __cxa_atexit
 .text.__libc_init_array
                0x00006ed4       0x4c c:/programdata/matlab/supportpackages/r2023b/aide/tools/arm-none-eabi-gcc/4.8.3-2014q1/bin/../lib/gcc/arm-none-eabi/4.8.3/../../../../arm-none-eabi/lib/armv6-m\libg_s.a(lib_a-init.o)
                0x00006ed4                __libc_init_array
 .text.malloc   0x00006f20       0x14 c:/programdata/matlab/supportpackages/r2023b/aide/tools/arm-none-eabi-gcc/4.8.3-2014q1/bin/../lib/gcc/arm-none-eabi/4.8.3/../../../../arm-none-eabi/lib/armv6-m\libg_s.a(lib_a-malloc.o)
                0x00006f20                malloc
 .text.free     0x00006f34       0x14 c:/programdata/matlab/supportpackages/r2023b/aide/tools/arm-none-eabi-gcc/4.8.3-2014q1/bin/../lib/gcc/arm-none-eabi/4.8.3/../../../../arm-none-eabi/lib/armv6-m\libg_s.a(lib_a-malloc.o)
                0x00006f34                free
 .text.memcpy   0x00006f48       0x12 c:/programdata/matlab/supportpackages/r2023b/aide/tools/arm-none-eabi-gcc/4.8.3-2014q1/bin/../lib/gcc/arm-none-eabi/4.8.3/../../../../arm-none-eabi/lib/armv6-m\libg_s.a(lib_a-memcpy-stub.o)
                0x00006f48                memcpy
 .text.memset   0x00006f5a       0x10 c:/programdata/matlab/supportpackages/r2023b/aide/tools/arm-none-eabi-gcc/4.8.3-2014q1/bin/../lib/gcc/arm-none-eabi/4.8.3/../../../../arm-none-eabi/lib/armv6-m\libg_s.a(lib_a-memset.o)
                0x00006f5a                memset
 *fill*         0x00006f6a        0x2 
 .text._free_r  0x00006f6c       0x90 c:/programdata/matlab/supportpackages/r2023b/aide/tools/arm-none-eabi-gcc/4.8.3-2014q1/bin/../lib/gcc/arm-none-eabi/4.8.3/../../../../arm-none-eabi/lib/armv6-m\libg_s.a(lib_a-nano-freer.o)
                0x00006f6c                _free_r
 .text._malloc_r
                0x00006ffc       0xa8 c:/programdata/matlab/supportpackages/r2023b/aide/tools/arm-none-eabi-gcc/4.8.3-2014q1/bin/../lib/gcc/arm-none-eabi/4.8.3/../../../../arm-none-eabi/lib/armv6-m\libg_s.a(lib_a-nano-mallocr.o)
                0x00006ffc                _malloc_r
 .text._sbrk_r  0x000070a4       0x24 c:/programdata/matlab/supportpackages/r2023b/aide/tools/arm-none-eabi-gcc/4.8.3-2014q1/bin/../lib/gcc/arm-none-eabi/4.8.3/../../../../arm-none-eabi/lib/armv6-m\libg_s.a(lib_a-sbrkr.o)
                0x000070a4                _sbrk_r
 .text.strlen   0x000070c8        0xe c:/programdata/matlab/supportpackages/r2023b/aide/tools/arm-none-eabi-gcc/4.8.3-2014q1/bin/../lib/gcc/arm-none-eabi/4.8.3/../../../../arm-none-eabi/lib/armv6-m\libg_s.a(lib_a-strlen.o)
                0x000070c8                strlen
 *fill*         0x000070d6        0x2 
 .text._sbrk    0x000070d8       0x34 c:/programdata/matlab/supportpackages/r2023b/aide/tools/arm-none-eabi-gcc/4.8.3-2014q1/bin/../lib/gcc/arm-none-eabi/4.8.3/../../../../arm-none-eabi/lib/armv6-m\libnosys.a(sbrk.o)
                0x000070d8                _sbrk
 *(.init)
 .init          0x0000710c        0x4 c:/programdata/matlab/supportpackages/r2023b/aide/tools/arm-none-eabi-gcc/4.8.3-2014q1/bin/../lib/gcc/arm-none-eabi/4.8.3/armv6-m/crti.o
                0x0000710c                _init
 .init          0x00007110        0x8 c:/programdata/matlab/supportpackages/r2023b/aide/tools/arm-none-eabi-gcc/4.8.3-2014q1/bin/../lib/gcc/arm-none-eabi/4.8.3/armv6-m/crtn.o
 *(.fini)
 .fini          0x00007118        0x4 c:/programdata/matlab/supportpackages/r2023b/aide/tools/arm-none-eabi-gcc/4.8.3-2014q1/bin/../lib/gcc/arm-none-eabi/4.8.3/armv6-m/crti.o
                0x00007118                _fini
 .fini          0x0000711c        0x8 c:/programdata/matlab/supportpackages/r2023b/aide/tools/arm-none-eabi-gcc/4.8.3-2014q1/bin/../lib/gcc/arm-none-eabi/4.8.3/armv6-m/crtn.o
 *crtbegin.o(.ctors)
 *crtbegin?.o(.ctors)
 *(EXCLUDE_FILE(*crtend.o *crtend?.o) .ctors)
 *(SORT(.ctors.*))
 *(.ctors)
 *crtbegin.o(.dtors)
 *crtbegin?.o(.dtors)
 *(EXCLUDE_FILE(*crtend.o *crtend?.o) .dtors)
 *(SORT(.dtors.*))
 *(.dtors)
 *(.rodata*)
 .rodata.arduino_tcpip_receive_M
                0x00007124        0x4 arduino_tcpip_receive.o
                0x00007124                arduino_tcpip_receive_M
 .rodata.str1.1
                0x00007128       0x3a MW_ArduinoHWInit.o
                                 0x3f (size before relaxing)
 *fill*         0x00007162        0x6 
 .rodata._ZTV10WiFiClient
                0x00007168       0x50 C:/Users/yoany-pc/DOCUME~1/MATLAB/R2023b/ArduinoStaticLibrary/ArduinoNano33IoT/FasterRuns\libipwifi.a(WiFiClient.o)
                0x00007168                vtable for WiFiClient
 .rodata.str1.1
                0x000071b8       0x14 C:/Users/yoany-pc/DOCUME~1/MATLAB/R2023b/ArduinoStaticLibrary/ArduinoNano33IoT/FasterRuns\libipwifi.a(WiFiClient.o)
 *fill*         0x000071cc        0x4 
 .rodata._ZTV10WiFiServer
                0x000071d0       0x20 C:/Users/yoany-pc/DOCUME~1/MATLAB/R2023b/ArduinoStaticLibrary/ArduinoNano33IoT/FasterRuns\libipwifi.a(WiFiServer.o)
                0x000071d0                vtable for WiFiServer
 .rodata.g_APinDescription
                0x000071f0      0x318 C:/Users/yoany-pc/DOCUME~1/MATLAB/R2023b/ArduinoStaticLibrary/ArduinoNano33IoT/FasterRuns\libipwifi.a(variant.o)
                0x000071f0                g_APinDescription
 .rodata._ZTV9IPAddress
                0x00007508       0x10 C:/Users/yoany-pc/DOCUME~1/MATLAB/R2023b/ArduinoStaticLibrary/ArduinoNano33IoT/FasterRuns\libcore.a(IPAddress.o)
                0x00007508                vtable for IPAddress
 .rodata.str1.1
                0x00007518        0xf C:/Users/yoany-pc/DOCUME~1/MATLAB/R2023b/ArduinoStaticLibrary/ArduinoNano33IoT/FasterRuns\libcore.a(Print.o)
 *fill*         0x00007527        0x1 
 .rodata._ZTV4Uart
                0x00007528       0x38 C:/Users/yoany-pc/DOCUME~1/MATLAB/R2023b/ArduinoStaticLibrary/ArduinoNano33IoT/FasterRuns\libcore.a(Uart.o)
                0x00007528                vtable for Uart
 .rodata._ZTV7Serial_
                0x00007560       0x58 C:/Users/yoany-pc/DOCUME~1/MATLAB/R2023b/ArduinoStaticLibrary/ArduinoNano33IoT/FasterRuns\libcore.a(CDC.o)
                0x00007560                vtable for Serial_
 .rodata._ZTV26DoubleBufferedEPOutHandler
                0x000075b8       0x28 C:/Users/yoany-pc/DOCUME~1/MATLAB/R2023b/ArduinoStaticLibrary/ArduinoNano33IoT/FasterRuns\libcore.a(USBCore.o)
                0x000075b8                vtable for DoubleBufferedEPOutHandler
 .rodata._ZL15STRING_LANGUAGE
                0x000075e0        0x4 C:/Users/yoany-pc/DOCUME~1/MATLAB/R2023b/ArduinoStaticLibrary/ArduinoNano33IoT/FasterRuns\libcore.a(USBCore.o)
 .rodata._ZL21USB_DeviceDescriptorB
                0x000075e4       0x12 C:/Users/yoany-pc/DOCUME~1/MATLAB/R2023b/ArduinoStaticLibrary/ArduinoNano33IoT/FasterRuns\libcore.a(USBCore.o)
 .rodata._ZL19STRING_MANUFACTURER
                0x000075f6        0xc C:/Users/yoany-pc/DOCUME~1/MATLAB/R2023b/ArduinoStaticLibrary/ArduinoNano33IoT/FasterRuns\libcore.a(USBCore.o)
 .rodata._ZL14STRING_PRODUCT
                0x00007602       0x14 C:/Users/yoany-pc/DOCUME~1/MATLAB/R2023b/ArduinoStaticLibrary/ArduinoNano33IoT/FasterRuns\libcore.a(USBCore.o)
 .rodata.str1.1
                0x00007616        0x2 c:/programdata/matlab/supportpackages/r2023b/aide/tools/arm-none-eabi-gcc/4.8.3-2014q1/bin/../lib/gcc/arm-none-eabi/4.8.3/../../../../arm-none-eabi/lib/armv6-m\libg_s.a(lib_a-impure.o)
 .rodata.__sf_fake_stdin
                0x00007618       0x20 c:/programdata/matlab/supportpackages/r2023b/aide/tools/arm-none-eabi-gcc/4.8.3-2014q1/bin/../lib/gcc/arm-none-eabi/4.8.3/../../../../arm-none-eabi/lib/armv6-m\libg_s.a(lib_a-findfp.o)
                0x00007618                __sf_fake_stdin
 .rodata.__sf_fake_stdout
                0x00007638       0x20 c:/programdata/matlab/supportpackages/r2023b/aide/tools/arm-none-eabi-gcc/4.8.3-2014q1/bin/../lib/gcc/arm-none-eabi/4.8.3/../../../../arm-none-eabi/lib/armv6-m\libg_s.a(lib_a-findfp.o)
                0x00007638                __sf_fake_stdout
 .rodata.__sf_fake_stderr
                0x00007658       0x20 c:/programdata/matlab/supportpackages/r2023b/aide/tools/arm-none-eabi-gcc/4.8.3-2014q1/bin/../lib/gcc/arm-none-eabi/4.8.3/../../../../arm-none-eabi/lib/armv6-m\libg_s.a(lib_a-findfp.o)
                0x00007658                __sf_fake_stderr
 *(.eh_frame*)
 .eh_frame      0x00007678        0x0 c:/programdata/matlab/supportpackages/r2023b/aide/tools/arm-none-eabi-gcc/4.8.3-2014q1/bin/../lib/gcc/arm-none-eabi/4.8.3/armv6-m/crtbegin.o
 .eh_frame      0x00007678        0x4 c:/programdata/matlab/supportpackages/r2023b/aide/tools/arm-none-eabi-gcc/4.8.3-2014q1/bin/../lib/gcc/arm-none-eabi/4.8.3/armv6-m/crtend.o

.glue_7         0x0000767c        0x0
 .glue_7        0x00000000        0x0 linker stubs

.glue_7t        0x0000767c        0x0
 .glue_7t       0x00000000        0x0 linker stubs

.vfp11_veneer   0x0000767c        0x0
 .vfp11_veneer  0x00000000        0x0 linker stubs

.v4_bx          0x0000767c        0x0
 .v4_bx         0x00000000        0x0 linker stubs

.iplt           0x0000767c        0x0
 .iplt          0x00000000        0x0 c:/programdata/matlab/supportpackages/r2023b/aide/tools/arm-none-eabi-gcc/4.8.3-2014q1/bin/../lib/gcc/arm-none-eabi/4.8.3/armv6-m/crtbegin.o

.rel.dyn        0x0000767c        0x0
 .rel.iplt      0x00000000        0x0 c:/programdata/matlab/supportpackages/r2023b/aide/tools/arm-none-eabi-gcc/4.8.3-2014q1/bin/../lib/gcc/arm-none-eabi/4.8.3/armv6-m/crtbegin.o

.ARM.extab
 *(.ARM.extab* .gnu.linkonce.armextab.*)
                0x0000767c                __exidx_start = .

.ARM.exidx
 *(.ARM.exidx* .gnu.linkonce.armexidx.*)
                0x0000767c                __exidx_end = .
                0x0000767c                __etext = .

.data           0x20000000       0xd8 load address 0x0000767c
                0x20000000                __data_start__ = .
 *(vtable)
 *(.data*)
 .data          0x20000000        0x4 c:/programdata/matlab/supportpackages/r2023b/aide/tools/arm-none-eabi-gcc/4.8.3-2014q1/bin/../lib/gcc/arm-none-eabi/4.8.3/armv6-m/crtbegin.o
                0x20000000                __dso_handle
 .data.wpapass  0x20000004        0xb MW_ArduinoHWInit.o
                0x20000004                wpapass
 .data.ssid     0x2000000f        0x8 MW_ArduinoHWInit.o
                0x2000000f                ssid
 .data._ZL11SLAVESELECT
                0x20000017        0x1 C:/Users/yoany-pc/DOCUME~1/MATLAB/R2023b/ArduinoStaticLibrary/ArduinoNano33IoT/FasterRuns\libipwifi.a(spi_drv.o)
 .data._ZL10SLAVERESET
                0x20000018        0x1 C:/Users/yoany-pc/DOCUME~1/MATLAB/R2023b/ArduinoStaticLibrary/ArduinoNano33IoT/FasterRuns\libipwifi.a(spi_drv.o)
 .data._ZL10SLAVEREADY
                0x20000019        0x1 C:/Users/yoany-pc/DOCUME~1/MATLAB/R2023b/ArduinoStaticLibrary/ArduinoNano33IoT/FasterRuns\libipwifi.a(spi_drv.o)
 *fill*         0x2000001a        0x2 
 .data.SystemCoreClock
                0x2000001c        0x4 C:/Users/yoany-pc/DOCUME~1/MATLAB/R2023b/ArduinoStaticLibrary/ArduinoNano33IoT/FasterRuns\libcore.a(wiring.o)
                0x2000001c                SystemCoreClock
 .data._ZL5ticks
                0x20000020        0x4 C:/Users/yoany-pc/DOCUME~1/MATLAB/R2023b/ArduinoStaticLibrary/ArduinoNano33IoT/FasterRuns\libcore.a(Reset.o)
 .data._serialPeek
                0x20000024        0x4 C:/Users/yoany-pc/DOCUME~1/MATLAB/R2023b/ArduinoStaticLibrary/ArduinoNano33IoT/FasterRuns\libcore.a(CDC.o)
                0x20000024                _serialPeek
 .data._ZL10breakValue
                0x20000028        0x4 C:/Users/yoany-pc/DOCUME~1/MATLAB/R2023b/ArduinoStaticLibrary/ArduinoNano33IoT/FasterRuns\libcore.a(CDC.o)
 .data._ZL12_usbLineInfo
                0x2000002c        0x8 C:/Users/yoany-pc/DOCUME~1/MATLAB/R2023b/ArduinoStaticLibrary/ArduinoNano33IoT/FasterRuns\libcore.a(CDC.o)
 .data.impure_data
                0x20000034       0x60 c:/programdata/matlab/supportpackages/r2023b/aide/tools/arm-none-eabi-gcc/4.8.3-2014q1/bin/../lib/gcc/arm-none-eabi/4.8.3/../../../../arm-none-eabi/lib/armv6-m\libg_s.a(lib_a-impure.o)
 .data._impure_ptr
                0x20000094        0x4 c:/programdata/matlab/supportpackages/r2023b/aide/tools/arm-none-eabi-gcc/4.8.3-2014q1/bin/../lib/gcc/arm-none-eabi/4.8.3/../../../../arm-none-eabi/lib/armv6-m\libg_s.a(lib_a-impure.o)
                0x20000094                _impure_ptr
                0x20000098                . = ALIGN (0x4)
                0x20000098                PROVIDE (__preinit_array_start, .)
 *(.preinit_array)
                0x20000098                PROVIDE (__preinit_array_end, .)
                0x20000098                . = ALIGN (0x4)
                0x20000098                PROVIDE (__init_array_start, .)
 *(SORT(.init_array.*))
 *(.init_array)
 .init_array    0x20000098        0x4 c:/programdata/matlab/supportpackages/r2023b/aide/tools/arm-none-eabi-gcc/4.8.3-2014q1/bin/../lib/gcc/arm-none-eabi/4.8.3/armv6-m/crtbegin.o
 .init_array    0x2000009c        0x4 MW_WiFiTCP.o
 .init_array    0x200000a0        0x4 MW_ArduinoHWInit.o
 .init_array    0x200000a4        0x4 C:/Users/yoany-pc/DOCUME~1/MATLAB/R2023b/ArduinoStaticLibrary/ArduinoNano33IoT/FasterRuns\libipwifi.a(WiFi.o)
 .init_array    0x200000a8        0x4 C:/Users/yoany-pc/DOCUME~1/MATLAB/R2023b/ArduinoStaticLibrary/ArduinoNano33IoT/FasterRuns\libipwifi.a(WiFiClient.o)
 .init_array    0x200000ac        0x4 C:/Users/yoany-pc/DOCUME~1/MATLAB/R2023b/ArduinoStaticLibrary/ArduinoNano33IoT/FasterRuns\libipwifi.a(WiFiServer.o)
 .init_array    0x200000b0        0x4 C:/Users/yoany-pc/DOCUME~1/MATLAB/R2023b/ArduinoStaticLibrary/ArduinoNano33IoT/FasterRuns\libipwifi.a(spi_drv.o)
 .init_array    0x200000b4        0x4 C:/Users/yoany-pc/DOCUME~1/MATLAB/R2023b/ArduinoStaticLibrary/ArduinoNano33IoT/FasterRuns\libipwifi.a(wifi_drv.o)
 .init_array    0x200000b8        0x4 C:/Users/yoany-pc/DOCUME~1/MATLAB/R2023b/ArduinoStaticLibrary/ArduinoNano33IoT/FasterRuns\libipwifi.a(WiFiSocketBuffer.o)
 .init_array    0x200000bc        0x4 C:/Users/yoany-pc/DOCUME~1/MATLAB/R2023b/ArduinoStaticLibrary/ArduinoNano33IoT/FasterRuns\libipwifi.a(variant.o)
 .init_array    0x200000c0        0x4 C:/Users/yoany-pc/DOCUME~1/MATLAB/R2023b/ArduinoStaticLibrary/ArduinoNano33IoT/FasterRuns\libcomm.a(SPI.o)
 .init_array    0x200000c4        0x4 C:/Users/yoany-pc/DOCUME~1/MATLAB/R2023b/ArduinoStaticLibrary/ArduinoNano33IoT/FasterRuns\libcore.a(IPAddress.o)
 .init_array    0x200000c8        0x4 C:/Users/yoany-pc/DOCUME~1/MATLAB/R2023b/ArduinoStaticLibrary/ArduinoNano33IoT/FasterRuns\libcore.a(CDC.o)
 .init_array    0x200000cc        0x4 C:/Users/yoany-pc/DOCUME~1/MATLAB/R2023b/ArduinoStaticLibrary/ArduinoNano33IoT/FasterRuns\libcore.a(USBCore.o)
                0x200000d0                PROVIDE (__init_array_end, .)
                0x200000d0                . = ALIGN (0x4)
                0x200000d0                PROVIDE (__fini_array_start, .)
 *(SORT(.fini_array.*))
 *(.fini_array)
 .fini_array    0x200000d0        0x4 c:/programdata/matlab/supportpackages/r2023b/aide/tools/arm-none-eabi-gcc/4.8.3-2014q1/bin/../lib/gcc/arm-none-eabi/4.8.3/armv6-m/crtbegin.o
                0x200000d4                PROVIDE (__fini_array_end, .)
 *(.jcr*)
 .jcr           0x200000d4        0x0 c:/programdata/matlab/supportpackages/r2023b/aide/tools/arm-none-eabi-gcc/4.8.3-2014q1/bin/../lib/gcc/arm-none-eabi/4.8.3/armv6-m/crtbegin.o